###############################################################################
#
# IAR ELF Linker V8.22.2.15995/W32 for ARM                02/Apr/2019  15:14:02
# Copyright 2007-2018 IAR Systems AB.
#
#    Output file  =  
#        C:\Users\wyc\Desktop\开发项目集\（2）3IN全球域1\3-21最新备份\Smart_Plug_RTK\Smart_Plug_RTK\project\realtek_amebaz_va0_example\EWARM-RELEASE\Debug\Exe\application.axf
#    Map file     =  
#        C:\Users\wyc\Desktop\开发项目集\（2）3IN全球域1\3-21最新备份\Smart_Plug_RTK\Smart_Plug_RTK\project\realtek_amebaz_va0_example\EWARM-RELEASE\Debug\List\application.map
#    Command line =  
#        -f C:\Users\wyc\AppData\Local\Temp\EWC68F.tmp
#        (C:\Users\wyc\Desktop\开发项目集\（2）3IN全球域1\3-21最新备份\Smart_Plug_RTK\Smart_Plug_RTK\project\realtek_amebaz_va0_example\EWARM-RELEASE\Debug\Obj\ada_conf.o
#        C:\Users\wyc\Desktop\开发项目集\（2）3IN全球域1\3-21最新备份\Smart_Plug_RTK\Smart_Plug_RTK\project\realtek_amebaz_va0_example\EWARM-RELEASE\Debug\Obj\ada_err.o
#        C:\Users\wyc\Desktop\开发项目集\（2）3IN全球域1\3-21最新备份\Smart_Plug_RTK\Smart_Plug_RTK\project\realtek_amebaz_va0_example\EWARM-RELEASE\Debug\Obj\ada_lock.o
#        C:\Users\wyc\Desktop\开发项目集\（2）3IN全球域1\3-21最新备份\Smart_Plug_RTK\Smart_Plug_RTK\project\realtek_amebaz_va0_example\EWARM-RELEASE\Debug\Obj\adw_wifi_conf.o
#        C:\Users\wyc\Desktop\开发项目集\（2）3IN全球域1\3-21最新备份\Smart_Plug_RTK\Smart_Plug_RTK\project\realtek_amebaz_va0_example\EWARM-RELEASE\Debug\Obj\aes.o
#        C:\Users\wyc\Desktop\开发项目集\（2）3IN全球域1\3-21最新备份\Smart_Plug_RTK\Smart_Plug_RTK\project\realtek_amebaz_va0_example\EWARM-RELEASE\Debug\Obj\aesni.o
#        C:\Users\wyc\Desktop\开发项目集\（2）3IN全球域1\3-21最新备份\Smart_Plug_RTK\Smart_Plug_RTK\project\realtek_amebaz_va0_example\EWARM-RELEASE\Debug\Obj\airkiss.o
#        C:\Users\wyc\Desktop\开发项目集\（2）3IN全球域1\3-21最新备份\Smart_Plug_RTK\Smart_Plug_RTK\project\realtek_amebaz_va0_example\EWARM-RELEASE\Debug\Obj\ameba_conf.o
#        C:\Users\wyc\Desktop\开发项目集\（2）3IN全球域1\3-21最新备份\Smart_Plug_RTK\Smart_Plug_RTK\project\realtek_amebaz_va0_example\EWARM-RELEASE\Debug\Obj\ameba_log.o
#        C:\Users\wyc\Desktop\开发项目集\（2）3IN全球域1\3-21最新备份\Smart_Plug_RTK\Smart_Plug_RTK\project\realtek_amebaz_va0_example\EWARM-RELEASE\Debug\Obj\analogin_api.o
#        C:\Users\wyc\Desktop\开发项目集\（2）3IN全球域1\3-21最新备份\Smart_Plug_RTK\Smart_Plug_RTK\project\realtek_amebaz_va0_example\EWARM-RELEASE\Debug\Obj\api_lib.o
#        C:\Users\wyc\Desktop\开发项目集\（2）3IN全球域1\3-21最新备份\Smart_Plug_RTK\Smart_Plug_RTK\project\realtek_amebaz_va0_example\EWARM-RELEASE\Debug\Obj\api_msg.o
#        C:\Users\wyc\Desktop\开发项目集\（2）3IN全球域1\3-21最新备份\Smart_Plug_RTK\Smart_Plug_RTK\project\realtek_amebaz_va0_example\EWARM-RELEASE\Debug\Obj\app_start.o
#        C:\Users\wyc\Desktop\开发项目集\（2）3IN全球域1\3-21最新备份\Smart_Plug_RTK\Smart_Plug_RTK\project\realtek_amebaz_va0_example\EWARM-RELEASE\Debug\Obj\arc4.o
#        C:\Users\wyc\Desktop\开发项目集\（2）3IN全球域1\3-21最新备份\Smart_Plug_RTK\Smart_Plug_RTK\project\realtek_amebaz_va0_example\EWARM-RELEASE\Debug\Obj\asn1parse.o
#        C:\Users\wyc\Desktop\开发项目集\（2）3IN全球域1\3-21最新备份\Smart_Plug_RTK\Smart_Plug_RTK\project\realtek_amebaz_va0_example\EWARM-RELEASE\Debug\Obj\asn1write.o
#        C:\Users\wyc\Desktop\开发项目集\（2）3IN全球域1\3-21最新备份\Smart_Plug_RTK\Smart_Plug_RTK\project\realtek_amebaz_va0_example\EWARM-RELEASE\Debug\Obj\atcmd_cloud.o
#        C:\Users\wyc\Desktop\开发项目集\（2）3IN全球域1\3-21最新备份\Smart_Plug_RTK\Smart_Plug_RTK\project\realtek_amebaz_va0_example\EWARM-RELEASE\Debug\Obj\atcmd_lwip.o
#        C:\Users\wyc\Desktop\开发项目集\（2）3IN全球域1\3-21最新备份\Smart_Plug_RTK\Smart_Plug_RTK\project\realtek_amebaz_va0_example\EWARM-RELEASE\Debug\Obj\atcmd_sys.o
#        C:\Users\wyc\Desktop\开发项目集\（2）3IN全球域1\3-21最新备份\Smart_Plug_RTK\Smart_Plug_RTK\project\realtek_amebaz_va0_example\EWARM-RELEASE\Debug\Obj\atcmd_wifi.o
#        C:\Users\wyc\Desktop\开发项目集\（2）3IN全球域1\3-21最新备份\Smart_Plug_RTK\Smart_Plug_RTK\project\realtek_amebaz_va0_example\EWARM-RELEASE\Debug\Obj\autoip.o
#        C:\Users\wyc\Desktop\开发项目集\（2）3IN全球域1\3-21最新备份\Smart_Plug_RTK\Smart_Plug_RTK\project\realtek_amebaz_va0_example\EWARM-RELEASE\Debug\Obj\Ayla_cloud.o
#        C:\Users\wyc\Desktop\开发项目集\（2）3IN全球域1\3-21最新备份\Smart_Plug_RTK\Smart_Plug_RTK\project\realtek_amebaz_va0_example\EWARM-RELEASE\Debug\Obj\Ayla_demo_common.o
#        C:\Users\wyc\Desktop\开发项目集\（2）3IN全球域1\3-21最新备份\Smart_Plug_RTK\Smart_Plug_RTK\project\realtek_amebaz_va0_example\EWARM-RELEASE\Debug\Obj\Ayla_demo_conf.o
#        C:\Users\wyc\Desktop\开发项目集\（2）3IN全球域1\3-21最新备份\Smart_Plug_RTK\Smart_Plug_RTK\project\realtek_amebaz_va0_example\EWARM-RELEASE\Debug\Obj\Ayla_demo_ledevb.o
#        C:\Users\wyc\Desktop\开发项目集\（2）3IN全球域1\3-21最新备份\Smart_Plug_RTK\Smart_Plug_RTK\project\realtek_amebaz_va0_example\EWARM-RELEASE\Debug\Obj\Ayla_demo_ledkey.o
#        C:\Users\wyc\Desktop\开发项目集\（2）3IN全球域1\3-21最新备份\Smart_Plug_RTK\Smart_Plug_RTK\project\realtek_amebaz_va0_example\EWARM-RELEASE\Debug\Obj\Ayla_demo_ota.o
#        C:\Users\wyc\Desktop\开发项目集\（2）3IN全球域1\3-21最新备份\Smart_Plug_RTK\Smart_Plug_RTK\project\realtek_amebaz_va0_example\EWARM-RELEASE\Debug\Obj\Ayla_demo_sched.o
#        C:\Users\wyc\Desktop\开发项目集\（2）3IN全球域1\3-21最新备份\Smart_Plug_RTK\Smart_Plug_RTK\project\realtek_amebaz_va0_example\EWARM-RELEASE\Debug\Obj\Ayla_demo_stub.o
#        C:\Users\wyc\Desktop\开发项目集\（2）3IN全球域1\3-21最新备份\Smart_Plug_RTK\Smart_Plug_RTK\project\realtek_amebaz_va0_example\EWARM-RELEASE\Debug\Obj\Ayla_demo_wifi.o
#        C:\Users\wyc\Desktop\开发项目集\（2）3IN全球域1\3-21最新备份\Smart_Plug_RTK\Smart_Plug_RTK\project\realtek_amebaz_va0_example\EWARM-RELEASE\Debug\Obj\base64.o
#        C:\Users\wyc\Desktop\开发项目集\（2）3IN全球域1\3-21最新备份\Smart_Plug_RTK\Smart_Plug_RTK\project\realtek_amebaz_va0_example\EWARM-RELEASE\Debug\Obj\bignum.o
#        C:\Users\wyc\Desktop\开发项目集\（2）3IN全球域1\3-21最新备份\Smart_Plug_RTK\Smart_Plug_RTK\project\realtek_amebaz_va0_example\EWARM-RELEASE\Debug\Obj\blowfish.o
#        C:\Users\wyc\Desktop\开发项目集\（2）3IN全球域1\3-21最新备份\Smart_Plug_RTK\Smart_Plug_RTK\project\realtek_amebaz_va0_example\EWARM-RELEASE\Debug\Obj\ca_certs_der.o
#        C:\Users\wyc\Desktop\开发项目集\（2）3IN全球域1\3-21最新备份\Smart_Plug_RTK\Smart_Plug_RTK\project\realtek_amebaz_va0_example\EWARM-RELEASE\Debug\Obj\camellia.o
#        C:\Users\wyc\Desktop\开发项目集\（2）3IN全球域1\3-21最新备份\Smart_Plug_RTK\Smart_Plug_RTK\project\realtek_amebaz_va0_example\EWARM-RELEASE\Debug\Obj\ccm.o
#        C:\Users\wyc\Desktop\开发项目集\（2）3IN全球域1\3-21最新备份\Smart_Plug_RTK\Smart_Plug_RTK\project\realtek_amebaz_va0_example\EWARM-RELEASE\Debug\Obj\certs.o
#        C:\Users\wyc\Desktop\开发项目集\（2）3IN全球域1\3-21最新备份\Smart_Plug_RTK\Smart_Plug_RTK\project\realtek_amebaz_va0_example\EWARM-RELEASE\Debug\Obj\cipher.o
#        C:\Users\wyc\Desktop\开发项目集\（2）3IN全球域1\3-21最新备份\Smart_Plug_RTK\Smart_Plug_RTK\project\realtek_amebaz_va0_example\EWARM-RELEASE\Debug\Obj\cipher_wrap.o
#        C:\Users\wyc\Desktop\开发项目集\（2）3IN全球域1\3-21最新备份\Smart_Plug_RTK\Smart_Plug_RTK\project\realtek_amebaz_va0_example\EWARM-RELEASE\Debug\Obj\cJSON.o
#        C:\Users\wyc\Desktop\开发项目集\（2）3IN全球域1\3-21最新备份\Smart_Plug_RTK\Smart_Plug_RTK\project\realtek_amebaz_va0_example\EWARM-RELEASE\Debug\Obj\client.o
#        C:\Users\wyc\Desktop\开发项目集\（2）3IN全球域1\3-21最新备份\Smart_Plug_RTK\Smart_Plug_RTK\project\realtek_amebaz_va0_example\EWARM-RELEASE\Debug\Obj\client_auth.o
#        C:\Users\wyc\Desktop\开发项目集\（2）3IN全球域1\3-21最新备份\Smart_Plug_RTK\Smart_Plug_RTK\project\realtek_amebaz_va0_example\EWARM-RELEASE\Debug\Obj\client_conf.o
#        C:\Users\wyc\Desktop\开发项目集\（2）3IN全球域1\3-21最新备份\Smart_Plug_RTK\Smart_Plug_RTK\project\realtek_amebaz_va0_example\EWARM-RELEASE\Debug\Obj\client_ota.o
#        C:\Users\wyc\Desktop\开发项目集\（2）3IN全球域1\3-21最新备份\Smart_Plug_RTK\Smart_Plug_RTK\project\realtek_amebaz_va0_example\EWARM-RELEASE\Debug\Obj\client_prop.o
#        C:\Users\wyc\Desktop\开发项目集\（2）3IN全球域1\3-21最新备份\Smart_Plug_RTK\Smart_Plug_RTK\project\realtek_amebaz_va0_example\EWARM-RELEASE\Debug\Obj\client_task.o
#        C:\Users\wyc\Desktop\开发项目集\（2）3IN全球域1\3-21最新备份\Smart_Plug_RTK\Smart_Plug_RTK\project\realtek_amebaz_va0_example\EWARM-RELEASE\Debug\Obj\clock.o
#        C:\Users\wyc\Desktop\开发项目集\（2）3IN全球域1\3-21最新备份\Smart_Plug_RTK\Smart_Plug_RTK\project\realtek_amebaz_va0_example\EWARM-RELEASE\Debug\Obj\clock_fmt.o
#        C:\Users\wyc\Desktop\开发项目集\（2）3IN全球域1\3-21最新备份\Smart_Plug_RTK\Smart_Plug_RTK\project\realtek_amebaz_va0_example\EWARM-RELEASE\Debug\Obj\clock_sw.o
#        C:\Users\wyc\Desktop\开发项目集\（2）3IN全球域1\3-21最新备份\Smart_Plug_RTK\Smart_Plug_RTK\project\realtek_amebaz_va0_example\EWARM-RELEASE\Debug\Obj\clock_utils.o
#        C:\Users\wyc\Desktop\开发项目集\（2）3IN全球域1\3-21最新备份\Smart_Plug_RTK\Smart_Plug_RTK\project\realtek_amebaz_va0_example\EWARM-RELEASE\Debug\Obj\cloud_link.o
#        C:\Users\wyc\Desktop\开发项目集\（2）3IN全球域1\3-21最新备份\Smart_Plug_RTK\Smart_Plug_RTK\project\realtek_amebaz_va0_example\EWARM-RELEASE\Debug\Obj\cmac.o
#        C:\Users\wyc\Desktop\开发项目集\（2）3IN全球域1\3-21最新备份\Smart_Plug_RTK\Smart_Plug_RTK\project\realtek_amebaz_va0_example\EWARM-RELEASE\Debug\Obj\cmd_handle.o
#        C:\Users\wyc\Desktop\开发项目集\（2）3IN全球域1\3-21最新备份\Smart_Plug_RTK\Smart_Plug_RTK\project\realtek_amebaz_va0_example\EWARM-RELEASE\Debug\Obj\cmsis_os.o
#        C:\Users\wyc\Desktop\开发项目集\（2）3IN全球域1\3-21最新备份\Smart_Plug_RTK\Smart_Plug_RTK\project\realtek_amebaz_va0_example\EWARM-RELEASE\Debug\Obj\conf.o
#        C:\Users\wyc\Desktop\开发项目集\（2）3IN全球域1\3-21最新备份\Smart_Plug_RTK\Smart_Plug_RTK\project\realtek_amebaz_va0_example\EWARM-RELEASE\Debug\Obj\conf_flash.o
#        C:\Users\wyc\Desktop\开发项目集\（2）3IN全球域1\3-21最新备份\Smart_Plug_RTK\Smart_Plug_RTK\project\realtek_amebaz_va0_example\EWARM-RELEASE\Debug\Obj\conf_json.o
#        C:\Users\wyc\Desktop\开发项目集\（2）3IN全球域1\3-21最新备份\Smart_Plug_RTK\Smart_Plug_RTK\project\realtek_amebaz_va0_example\EWARM-RELEASE\Debug\Obj\conf_table.o
#        C:\Users\wyc\Desktop\开发项目集\（2）3IN全球域1\3-21最新备份\Smart_Plug_RTK\Smart_Plug_RTK\project\realtek_amebaz_va0_example\EWARM-RELEASE\Debug\Obj\config_allinfo.o
#        C:\Users\wyc\Desktop\开发项目集\（2）3IN全球域1\3-21最新备份\Smart_Plug_RTK\Smart_Plug_RTK\project\realtek_amebaz_va0_example\EWARM-RELEASE\Debug\Obj\crc.o
#        C:\Users\wyc\Desktop\开发项目集\（2）3IN全球域1\3-21最新备份\Smart_Plug_RTK\Smart_Plug_RTK\project\realtek_amebaz_va0_example\EWARM-RELEASE\Debug\Obj\crc16.o
#        C:\Users\wyc\Desktop\开发项目集\（2）3IN全球域1\3-21最新备份\Smart_Plug_RTK\Smart_Plug_RTK\project\realtek_amebaz_va0_example\EWARM-RELEASE\Debug\Obj\crc8.o
#        C:\Users\wyc\Desktop\开发项目集\（2）3IN全球域1\3-21最新备份\Smart_Plug_RTK\Smart_Plug_RTK\project\realtek_amebaz_va0_example\EWARM-RELEASE\Debug\Obj\croutine.o
#        C:\Users\wyc\Desktop\开发项目集\（2）3IN全球域1\3-21最新备份\Smart_Plug_RTK\Smart_Plug_RTK\project\realtek_amebaz_va0_example\EWARM-RELEASE\Debug\Obj\ctr_drbg.o
#        C:\Users\wyc\Desktop\开发项目集\（2）3IN全球域1\3-21最新备份\Smart_Plug_RTK\Smart_Plug_RTK\project\realtek_amebaz_va0_example\EWARM-RELEASE\Debug\Obj\custom.css.o
#        C:\Users\wyc\Desktop\开发项目集\（2）3IN全球域1\3-21最新备份\Smart_Plug_RTK\Smart_Plug_RTK\project\realtek_amebaz_va0_example\EWARM-RELEASE\Debug\Obj\debug.o
#        C:\Users\wyc\Desktop\开发项目集\（2）3IN全球域1\3-21最新备份\Smart_Plug_RTK\Smart_Plug_RTK\project\realtek_amebaz_va0_example\EWARM-RELEASE\Debug\Obj\def.o
#        C:\Users\wyc\Desktop\开发项目集\（2）3IN全球域1\3-21最新备份\Smart_Plug_RTK\Smart_Plug_RTK\project\realtek_amebaz_va0_example\EWARM-RELEASE\Debug\Obj\des.o
#        C:\Users\wyc\Desktop\开发项目集\（2）3IN全球域1\3-21最新备份\Smart_Plug_RTK\Smart_Plug_RTK\project\realtek_amebaz_va0_example\EWARM-RELEASE\Debug\Obj\device_lock.o
#        C:\Users\wyc\Desktop\开发项目集\（2）3IN全球域1\3-21最新备份\Smart_Plug_RTK\Smart_Plug_RTK\project\realtek_amebaz_va0_example\EWARM-RELEASE\Debug\Obj\dhcp.o
#        C:\Users\wyc\Desktop\开发项目集\（2）3IN全球域1\3-21最新备份\Smart_Plug_RTK\Smart_Plug_RTK\project\realtek_amebaz_va0_example\EWARM-RELEASE\Debug\Obj\dhcps.o
#        C:\Users\wyc\Desktop\开发项目集\（2）3IN全球域1\3-21最新备份\Smart_Plug_RTK\Smart_Plug_RTK\project\realtek_amebaz_va0_example\EWARM-RELEASE\Debug\Obj\dhm.o
#        C:\Users\wyc\Desktop\开发项目集\（2）3IN全球域1\3-21最新备份\Smart_Plug_RTK\Smart_Plug_RTK\project\realtek_amebaz_va0_example\EWARM-RELEASE\Debug\Obj\dma_api.o
#        C:\Users\wyc\Desktop\开发项目集\（2）3IN全球域1\3-21最新备份\Smart_Plug_RTK\Smart_Plug_RTK\project\realtek_amebaz_va0_example\EWARM-RELEASE\Debug\Obj\dns.o
#        C:\Users\wyc\Desktop\开发项目集\（2）3IN全球域1\3-21最新备份\Smart_Plug_RTK\Smart_Plug_RTK\project\realtek_amebaz_va0_example\EWARM-RELEASE\Debug\Obj\dnss.o
#        C:\Users\wyc\Desktop\开发项目集\（2）3IN全球域1\3-21最新备份\Smart_Plug_RTK\Smart_Plug_RTK\project\realtek_amebaz_va0_example\EWARM-RELEASE\Debug\Obj\dnss_util.o
#        C:\Users\wyc\Desktop\开发项目集\（2）3IN全球域1\3-21最新备份\Smart_Plug_RTK\Smart_Plug_RTK\project\realtek_amebaz_va0_example\EWARM-RELEASE\Debug\Obj\ecdh.o
#        C:\Users\wyc\Desktop\开发项目集\（2）3IN全球域1\3-21最新备份\Smart_Plug_RTK\Smart_Plug_RTK\project\realtek_amebaz_va0_example\EWARM-RELEASE\Debug\Obj\ecdsa.o
#        C:\Users\wyc\Desktop\开发项目集\（2）3IN全球域1\3-21最新备份\Smart_Plug_RTK\Smart_Plug_RTK\project\realtek_amebaz_va0_example\EWARM-RELEASE\Debug\Obj\ecjpake.o
#        C:\Users\wyc\Desktop\开发项目集\（2）3IN全球域1\3-21最新备份\Smart_Plug_RTK\Smart_Plug_RTK\project\realtek_amebaz_va0_example\EWARM-RELEASE\Debug\Obj\ecp.o
#        C:\Users\wyc\Desktop\开发项目集\（2）3IN全球域1\3-21最新备份\Smart_Plug_RTK\Smart_Plug_RTK\project\realtek_amebaz_va0_example\EWARM-RELEASE\Debug\Obj\ecp_curves.o
#        C:\Users\wyc\Desktop\开发项目集\（2）3IN全球域1\3-21最新备份\Smart_Plug_RTK\Smart_Plug_RTK\project\realtek_amebaz_va0_example\EWARM-RELEASE\Debug\Obj\efuse_api.o
#        C:\Users\wyc\Desktop\开发项目集\（2）3IN全球域1\3-21最新备份\Smart_Plug_RTK\Smart_Plug_RTK\project\realtek_amebaz_va0_example\EWARM-RELEASE\Debug\Obj\endian.o
#        C:\Users\wyc\Desktop\开发项目集\（2）3IN全球域1\3-21最新备份\Smart_Plug_RTK\Smart_Plug_RTK\project\realtek_amebaz_va0_example\EWARM-RELEASE\Debug\Obj\entropy.o
#        C:\Users\wyc\Desktop\开发项目集\（2）3IN全球域1\3-21最新备份\Smart_Plug_RTK\Smart_Plug_RTK\project\realtek_amebaz_va0_example\EWARM-RELEASE\Debug\Obj\entropy_poll.o
#        C:\Users\wyc\Desktop\开发项目集\（2）3IN全球域1\3-21最新备份\Smart_Plug_RTK\Smart_Plug_RTK\project\realtek_amebaz_va0_example\EWARM-RELEASE\Debug\Obj\err.o
#        C:\Users\wyc\Desktop\开发项目集\（2）3IN全球域1\3-21最新备份\Smart_Plug_RTK\Smart_Plug_RTK\project\realtek_amebaz_va0_example\EWARM-RELEASE\Debug\Obj\error.o
#        C:\Users\wyc\Desktop\开发项目集\（2）3IN全球域1\3-21最新备份\Smart_Plug_RTK\Smart_Plug_RTK\project\realtek_amebaz_va0_example\EWARM-RELEASE\Debug\Obj\etharp.o
#        C:\Users\wyc\Desktop\开发项目集\（2）3IN全球域1\3-21最新备份\Smart_Plug_RTK\Smart_Plug_RTK\project\realtek_amebaz_va0_example\EWARM-RELEASE\Debug\Obj\ethernetif.o
#        C:\Users\wyc\Desktop\开发项目集\（2）3IN全球域1\3-21最新备份\Smart_Plug_RTK\Smart_Plug_RTK\project\realtek_amebaz_va0_example\EWARM-RELEASE\Debug\Obj\event_groups.o
#        C:\Users\wyc\Desktop\开发项目集\（2）3IN全球域1\3-21最新备份\Smart_Plug_RTK\Smart_Plug_RTK\project\realtek_amebaz_va0_example\EWARM-RELEASE\Debug\Obj\example_bcast.o
#        C:\Users\wyc\Desktop\开发项目集\（2）3IN全球域1\3-21最新备份\Smart_Plug_RTK\Smart_Plug_RTK\project\realtek_amebaz_va0_example\EWARM-RELEASE\Debug\Obj\example_coap.o
#        C:\Users\wyc\Desktop\开发项目集\（2）3IN全球域1\3-21最新备份\Smart_Plug_RTK\Smart_Plug_RTK\project\realtek_amebaz_va0_example\EWARM-RELEASE\Debug\Obj\example_eap.o
#        C:\Users\wyc\Desktop\开发项目集\（2）3IN全球域1\3-21最新备份\Smart_Plug_RTK\Smart_Plug_RTK\project\realtek_amebaz_va0_example\EWARM-RELEASE\Debug\Obj\example_entry.o
#        C:\Users\wyc\Desktop\开发项目集\（2）3IN全球域1\3-21最新备份\Smart_Plug_RTK\Smart_Plug_RTK\project\realtek_amebaz_va0_example\EWARM-RELEASE\Debug\Obj\example_get_beacon_frame.o
#        C:\Users\wyc\Desktop\开发项目集\（2）3IN全球域1\3-21最新备份\Smart_Plug_RTK\Smart_Plug_RTK\project\realtek_amebaz_va0_example\EWARM-RELEASE\Debug\Obj\example_google.o
#        C:\Users\wyc\Desktop\开发项目集\（2）3IN全球域1\3-21最新备份\Smart_Plug_RTK\Smart_Plug_RTK\project\realtek_amebaz_va0_example\EWARM-RELEASE\Debug\Obj\example_high_load_memory_use.o
#        C:\Users\wyc\Desktop\开发项目集\（2）3IN全球域1\3-21最新备份\Smart_Plug_RTK\Smart_Plug_RTK\project\realtek_amebaz_va0_example\EWARM-RELEASE\Debug\Obj\example_http_client.o
#        C:\Users\wyc\Desktop\开发项目集\（2）3IN全球域1\3-21最新备份\Smart_Plug_RTK\Smart_Plug_RTK\project\realtek_amebaz_va0_example\EWARM-RELEASE\Debug\Obj\example_http_download.o
#        C:\Users\wyc\Desktop\开发项目集\（2）3IN全球域1\3-21最新备份\Smart_Plug_RTK\Smart_Plug_RTK\project\realtek_amebaz_va0_example\EWARM-RELEASE\Debug\Obj\example_httpc.o
#        C:\Users\wyc\Desktop\开发项目集\（2）3IN全球域1\3-21最新备份\Smart_Plug_RTK\Smart_Plug_RTK\project\realtek_amebaz_va0_example\EWARM-RELEASE\Debug\Obj\example_httpd.o
#        C:\Users\wyc\Desktop\开发项目集\（2）3IN全球域1\3-21最新备份\Smart_Plug_RTK\Smart_Plug_RTK\project\realtek_amebaz_va0_example\EWARM-RELEASE\Debug\Obj\example_inic_gspi.o
#        C:\Users\wyc\Desktop\开发项目集\（2）3IN全球域1\3-21最新备份\Smart_Plug_RTK\Smart_Plug_RTK\project\realtek_amebaz_va0_example\EWARM-RELEASE\Debug\Obj\example_mcast.o
#        C:\Users\wyc\Desktop\开发项目集\（2）3IN全球域1\3-21最新备份\Smart_Plug_RTK\Smart_Plug_RTK\project\realtek_amebaz_va0_example\EWARM-RELEASE\Debug\Obj\example_mdns.o
#        C:\Users\wyc\Desktop\开发项目集\（2）3IN全球域1\3-21最新备份\Smart_Plug_RTK\Smart_Plug_RTK\project\realtek_amebaz_va0_example\EWARM-RELEASE\Debug\Obj\example_mqtt.o
#        C:\Users\wyc\Desktop\开发项目集\（2）3IN全球域1\3-21最新备份\Smart_Plug_RTK\Smart_Plug_RTK\project\realtek_amebaz_va0_example\EWARM-RELEASE\Debug\Obj\example_nonblock_connect.o
#        C:\Users\wyc\Desktop\开发项目集\（2）3IN全球域1\3-21最新备份\Smart_Plug_RTK\Smart_Plug_RTK\project\realtek_amebaz_va0_example\EWARM-RELEASE\Debug\Obj\example_ota_http.o
#        C:\Users\wyc\Desktop\开发项目集\（2）3IN全球域1\3-21最新备份\Smart_Plug_RTK\Smart_Plug_RTK\project\realtek_amebaz_va0_example\EWARM-RELEASE\Debug\Obj\example_rarp.o
#        C:\Users\wyc\Desktop\开发项目集\（2）3IN全球域1\3-21最新备份\Smart_Plug_RTK\Smart_Plug_RTK\project\realtek_amebaz_va0_example\EWARM-RELEASE\Debug\Obj\example_sntp_showtime.o
#        C:\Users\wyc\Desktop\开发项目集\（2）3IN全球域1\3-21最新备份\Smart_Plug_RTK\Smart_Plug_RTK\project\realtek_amebaz_va0_example\EWARM-RELEASE\Debug\Obj\example_socket_select.o
#        C:\Users\wyc\Desktop\开发项目集\（2）3IN全球域1\3-21最新备份\Smart_Plug_RTK\Smart_Plug_RTK\project\realtek_amebaz_va0_example\EWARM-RELEASE\Debug\Obj\example_ssl_download.o
#        C:\Users\wyc\Desktop\开发项目集\（2）3IN全球域1\3-21最新备份\Smart_Plug_RTK\Smart_Plug_RTK\project\realtek_amebaz_va0_example\EWARM-RELEASE\Debug\Obj\example_ssl_server.o
#        C:\Users\wyc\Desktop\开发项目集\（2）3IN全球域1\3-21最新备份\Smart_Plug_RTK\Smart_Plug_RTK\project\realtek_amebaz_va0_example\EWARM-RELEASE\Debug\Obj\example_tcp_keepalive.o
#        C:\Users\wyc\Desktop\开发项目集\（2）3IN全球域1\3-21最新备份\Smart_Plug_RTK\Smart_Plug_RTK\project\realtek_amebaz_va0_example\EWARM-RELEASE\Debug\Obj\example_uart_atcmd.o
#        C:\Users\wyc\Desktop\开发项目集\（2）3IN全球域1\3-21最新备份\Smart_Plug_RTK\Smart_Plug_RTK\project\realtek_amebaz_va0_example\EWARM-RELEASE\Debug\Obj\example_uart_update.o
#        C:\Users\wyc\Desktop\开发项目集\（2）3IN全球域1\3-21最新备份\Smart_Plug_RTK\Smart_Plug_RTK\project\realtek_amebaz_va0_example\EWARM-RELEASE\Debug\Obj\example_wifi_mac_monitor.o
#        C:\Users\wyc\Desktop\开发项目集\（2）3IN全球域1\3-21最新备份\Smart_Plug_RTK\Smart_Plug_RTK\project\realtek_amebaz_va0_example\EWARM-RELEASE\Debug\Obj\example_wifi_roaming.o
#        C:\Users\wyc\Desktop\开发项目集\（2）3IN全球域1\3-21最新备份\Smart_Plug_RTK\Smart_Plug_RTK\project\realtek_amebaz_va0_example\EWARM-RELEASE\Debug\Obj\example_wlan_fast_connect.o
#        C:\Users\wyc\Desktop\开发项目集\（2）3IN全球域1\3-21最新备份\Smart_Plug_RTK\Smart_Plug_RTK\project\realtek_amebaz_va0_example\EWARM-RELEASE\Debug\Obj\example_wlan_scenario.o
#        C:\Users\wyc\Desktop\开发项目集\（2）3IN全球域1\3-21最新备份\Smart_Plug_RTK\Smart_Plug_RTK\project\realtek_amebaz_va0_example\EWARM-RELEASE\Debug\Obj\example_wsclient.o
#        C:\Users\wyc\Desktop\开发项目集\（2）3IN全球域1\3-21最新备份\Smart_Plug_RTK\Smart_Plug_RTK\project\realtek_amebaz_va0_example\EWARM-RELEASE\Debug\Obj\example_xml.o
#        C:\Users\wyc\Desktop\开发项目集\（2）3IN全球域1\3-21最新备份\Smart_Plug_RTK\Smart_Plug_RTK\project\realtek_amebaz_va0_example\EWARM-RELEASE\Debug\Obj\flash_api.o
#        C:\Users\wyc\Desktop\开发项目集\（2）3IN全球域1\3-21最新备份\Smart_Plug_RTK\Smart_Plug_RTK\project\realtek_amebaz_va0_example\EWARM-RELEASE\Debug\Obj\format_mac.o
#        C:\Users\wyc\Desktop\开发项目集\（2）3IN全球域1\3-21最新备份\Smart_Plug_RTK\Smart_Plug_RTK\project\realtek_amebaz_va0_example\EWARM-RELEASE\Debug\Obj\format_string.o
#        C:\Users\wyc\Desktop\开发项目集\（2）3IN全球域1\3-21最新备份\Smart_Plug_RTK\Smart_Plug_RTK\project\realtek_amebaz_va0_example\EWARM-RELEASE\Debug\Obj\freertos_service.o
#        C:\Users\wyc\Desktop\开发项目集\（2）3IN全球域1\3-21最新备份\Smart_Plug_RTK\Smart_Plug_RTK\project\realtek_amebaz_va0_example\EWARM-RELEASE\Debug\Obj\gcm.o
#        C:\Users\wyc\Desktop\开发项目集\（2）3IN全球域1\3-21最新备份\Smart_Plug_RTK\Smart_Plug_RTK\project\realtek_amebaz_va0_example\EWARM-RELEASE\Debug\Obj\google_tls.o
#        C:\Users\wyc\Desktop\开发项目集\（2）3IN全球域1\3-21最新备份\Smart_Plug_RTK\Smart_Plug_RTK\project\realtek_amebaz_va0_example\EWARM-RELEASE\Debug\Obj\gpio_api.o
#        C:\Users\wyc\Desktop\开发项目集\（2）3IN全球域1\3-21最新备份\Smart_Plug_RTK\Smart_Plug_RTK\project\realtek_amebaz_va0_example\EWARM-RELEASE\Debug\Obj\gpio_irq_api.o
#        C:\Users\wyc\Desktop\开发项目集\（2）3IN全球域1\3-21最新备份\Smart_Plug_RTK\Smart_Plug_RTK\project\realtek_amebaz_va0_example\EWARM-RELEASE\Debug\Obj\havege.o
#        C:\Users\wyc\Desktop\开发项目集\（2）3IN全球域1\3-21最新备份\Smart_Plug_RTK\Smart_Plug_RTK\project\realtek_amebaz_va0_example\EWARM-RELEASE\Debug\Obj\heap_5.o
#        C:\Users\wyc\Desktop\开发项目集\（2）3IN全球域1\3-21最新备份\Smart_Plug_RTK\Smart_Plug_RTK\project\realtek_amebaz_va0_example\EWARM-RELEASE\Debug\Obj\hmac_drbg.o
#        C:\Users\wyc\Desktop\开发项目集\（2）3IN全球域1\3-21最新备份\Smart_Plug_RTK\Smart_Plug_RTK\project\realtek_amebaz_va0_example\EWARM-RELEASE\Debug\Obj\hostname_valid.o
#        C:\Users\wyc\Desktop\开发项目集\（2）3IN全球域1\3-21最新备份\Smart_Plug_RTK\Smart_Plug_RTK\project\realtek_amebaz_va0_example\EWARM-RELEASE\Debug\Obj\http.o
#        C:\Users\wyc\Desktop\开发项目集\（2）3IN全球域1\3-21最新备份\Smart_Plug_RTK\Smart_Plug_RTK\project\realtek_amebaz_va0_example\EWARM-RELEASE\Debug\Obj\http_client.o
#        C:\Users\wyc\Desktop\开发项目集\（2）3IN全球域1\3-21最新备份\Smart_Plug_RTK\Smart_Plug_RTK\project\realtek_amebaz_va0_example\EWARM-RELEASE\Debug\Obj\httpc_tls.o
#        C:\Users\wyc\Desktop\开发项目集\（2）3IN全球域1\3-21最新备份\Smart_Plug_RTK\Smart_Plug_RTK\project\realtek_amebaz_va0_example\EWARM-RELEASE\Debug\Obj\httpd_tls.o
#        C:\Users\wyc\Desktop\开发项目集\（2）3IN全球域1\3-21最新备份\Smart_Plug_RTK\Smart_Plug_RTK\project\realtek_amebaz_va0_example\EWARM-RELEASE\Debug\Obj\i2c_api.o
#        C:\Users\wyc\Desktop\开发项目集\（2）3IN全球域1\3-21最新备份\Smart_Plug_RTK\Smart_Plug_RTK\project\realtek_amebaz_va0_example\EWARM-RELEASE\Debug\Obj\i2s_api.o
#        C:\Users\wyc\Desktop\开发项目集\（2）3IN全球域1\3-21最新备份\Smart_Plug_RTK\Smart_Plug_RTK\project\realtek_amebaz_va0_example\EWARM-RELEASE\Debug\Obj\icmp.o
#        C:\Users\wyc\Desktop\开发项目集\（2）3IN全球域1\3-21最新备份\Smart_Plug_RTK\Smart_Plug_RTK\project\realtek_amebaz_va0_example\EWARM-RELEASE\Debug\Obj\igmp.o
#        C:\Users\wyc\Desktop\开发项目集\（2）3IN全球域1\3-21最新备份\Smart_Plug_RTK\Smart_Plug_RTK\project\realtek_amebaz_va0_example\EWARM-RELEASE\Debug\Obj\inet.o
#        C:\Users\wyc\Desktop\开发项目集\（2）3IN全球域1\3-21最新备份\Smart_Plug_RTK\Smart_Plug_RTK\project\realtek_amebaz_va0_example\EWARM-RELEASE\Debug\Obj\inet_chksum.o
#        C:\Users\wyc\Desktop\开发项目集\（2）3IN全球域1\3-21最新备份\Smart_Plug_RTK\Smart_Plug_RTK\project\realtek_amebaz_va0_example\EWARM-RELEASE\Debug\Obj\init.o
#        C:\Users\wyc\Desktop\开发项目集\（2）3IN全球域1\3-21最新备份\Smart_Plug_RTK\Smart_Plug_RTK\project\realtek_amebaz_va0_example\EWARM-RELEASE\Debug\Obj\ip.o
#        C:\Users\wyc\Desktop\开发项目集\（2）3IN全球域1\3-21最新备份\Smart_Plug_RTK\Smart_Plug_RTK\project\realtek_amebaz_va0_example\EWARM-RELEASE\Debug\Obj\ip_addr.o
#        C:\Users\wyc\Desktop\开发项目集\（2）3IN全球域1\3-21最新备份\Smart_Plug_RTK\Smart_Plug_RTK\project\realtek_amebaz_va0_example\EWARM-RELEASE\Debug\Obj\ip_frag.o
#        C:\Users\wyc\Desktop\开发项目集\（2）3IN全球域1\3-21最新备份\Smart_Plug_RTK\Smart_Plug_RTK\project\realtek_amebaz_va0_example\EWARM-RELEASE\Debug\Obj\ipaddr_fmt.o
#        C:\Users\wyc\Desktop\开发项目集\（2）3IN全球域1\3-21最新备份\Smart_Plug_RTK\Smart_Plug_RTK\project\realtek_amebaz_va0_example\EWARM-RELEASE\Debug\Obj\jsmn.o
#        C:\Users\wyc\Desktop\开发项目集\（2）3IN全球域1\3-21最新备份\Smart_Plug_RTK\Smart_Plug_RTK\project\realtek_amebaz_va0_example\EWARM-RELEASE\Debug\Obj\jsmn_get.o
#        C:\Users\wyc\Desktop\开发项目集\（2）3IN全球域1\3-21最新备份\Smart_Plug_RTK\Smart_Plug_RTK\project\realtek_amebaz_va0_example\EWARM-RELEASE\Debug\Obj\jsmn_iterate.o
#        C:\Users\wyc\Desktop\开发项目集\（2）3IN全球域1\3-21最新备份\Smart_Plug_RTK\Smart_Plug_RTK\project\realtek_amebaz_va0_example\EWARM-RELEASE\Debug\Obj\json_format_string.o
#        C:\Users\wyc\Desktop\开发项目集\（2）3IN全球域1\3-21最新备份\Smart_Plug_RTK\Smart_Plug_RTK\project\realtek_amebaz_va0_example\EWARM-RELEASE\Debug\Obj\lan.o
#        C:\Users\wyc\Desktop\开发项目集\（2）3IN全球域1\3-21最新备份\Smart_Plug_RTK\Smart_Plug_RTK\component\common\application\airkiss\lib_airkisscloud.a
#        C:\Users\wyc\Desktop\开发项目集\（2）3IN全球域1\3-21最新备份\Smart_Plug_RTK\Smart_Plug_RTK\component\soc\realtek\8711b\misc\bsp\lib\common\IAR\lib_http.a
#        C:\Users\wyc\Desktop\开发项目集\（2）3IN全球域1\3-21最新备份\Smart_Plug_RTK\Smart_Plug_RTK\component\soc\realtek\8711b\misc\bsp\lib\common\IAR\lib_mdns.a
#        C:\Users\wyc\Desktop\开发项目集\（2）3IN全球域1\3-21最新备份\Smart_Plug_RTK\Smart_Plug_RTK\component\soc\realtek\8711b\misc\bsp\lib\common\IAR\lib_platform.a
#        C:\Users\wyc\Desktop\开发项目集\（2）3IN全球域1\3-21最新备份\Smart_Plug_RTK\Smart_Plug_RTK\component\common\application\airkiss\lib_rt_airkiss_algo.a
#        C:\Users\wyc\Desktop\开发项目集\（2）3IN全球域1\3-21最新备份\Smart_Plug_RTK\Smart_Plug_RTK\component\soc\realtek\8711b\misc\bsp\lib\common\IAR\lib_rtlstd.a
#        C:\Users\wyc\Desktop\开发项目集\（2）3IN全球域1\3-21最新备份\Smart_Plug_RTK\Smart_Plug_RTK\component\soc\realtek\8711b\misc\bsp\lib\common\IAR\lib_websocket.a
#        C:\Users\wyc\Desktop\开发项目集\（2）3IN全球域1\3-21最新备份\Smart_Plug_RTK\Smart_Plug_RTK\component\soc\realtek\8711b\misc\bsp\lib\common\IAR\lib_wlan.a
#        C:\Users\wyc\Desktop\开发项目集\（2）3IN全球域1\3-21最新备份\Smart_Plug_RTK\Smart_Plug_RTK\component\soc\realtek\8711b\misc\bsp\lib\common\IAR\lib_wps.a
#        C:\Users\wyc\Desktop\开发项目集\（2）3IN全球域1\3-21最新备份\Smart_Plug_RTK\Smart_Plug_RTK\component\soc\realtek\8711b\misc\bsp\lib\common\IAR\lib_xmodem.a
#        C:\Users\wyc\Desktop\开发项目集\（2）3IN全球域1\3-21最新备份\Smart_Plug_RTK\Smart_Plug_RTK\component\common\application\airkiss\libairkiss.a
#        C:\Users\wyc\Desktop\开发项目集\（2）3IN全球域1\3-21最新备份\Smart_Plug_RTK\Smart_Plug_RTK\component\common\application\airkiss\libairkiss_log.a
#        C:\Users\wyc\Desktop\开发项目集\（2）3IN全球域1\3-21最新备份\Smart_Plug_RTK\Smart_Plug_RTK\project\realtek_amebaz_va0_example\EWARM-RELEASE\Debug\Obj\list.o
#        C:\Users\wyc\Desktop\开发项目集\（2）3IN全球域1\3-21最新备份\Smart_Plug_RTK\Smart_Plug_RTK\project\realtek_amebaz_va0_example\EWARM-RELEASE\Debug\Obj\lock.gif.o
#        C:\Users\wyc\Desktop\开发项目集\（2）3IN全球域1\3-21最新备份\Smart_Plug_RTK\Smart_Plug_RTK\project\realtek_amebaz_va0_example\EWARM-RELEASE\Debug\Obj\log.o
#        C:\Users\wyc\Desktop\开发项目集\（2）3IN全球域1\3-21最新备份\Smart_Plug_RTK\Smart_Plug_RTK\project\realtek_amebaz_va0_example\EWARM-RELEASE\Debug\Obj\log_cmd.o
#        C:\Users\wyc\Desktop\开发项目集\（2）3IN全球域1\3-21最新备份\Smart_Plug_RTK\Smart_Plug_RTK\project\realtek_amebaz_va0_example\EWARM-RELEASE\Debug\Obj\log_conf.o
#        C:\Users\wyc\Desktop\开发项目集\（2）3IN全球域1\3-21最新备份\Smart_Plug_RTK\Smart_Plug_RTK\project\realtek_amebaz_va0_example\EWARM-RELEASE\Debug\Obj\log_io.o
#        C:\Users\wyc\Desktop\开发项目集\（2）3IN全球域1\3-21最新备份\Smart_Plug_RTK\Smart_Plug_RTK\project\realtek_amebaz_va0_example\EWARM-RELEASE\Debug\Obj\log_page.o
#        C:\Users\wyc\Desktop\开发项目集\（2）3IN全球域1\3-21最新备份\Smart_Plug_RTK\Smart_Plug_RTK\project\realtek_amebaz_va0_example\EWARM-RELEASE\Debug\Obj\log_service.o
#        C:\Users\wyc\Desktop\开发项目集\（2）3IN全球域1\3-21最新备份\Smart_Plug_RTK\Smart_Plug_RTK\project\realtek_amebaz_va0_example\EWARM-RELEASE\Debug\Obj\lookup_by_name.o
#        C:\Users\wyc\Desktop\开发项目集\（2）3IN全球域1\3-21最新备份\Smart_Plug_RTK\Smart_Plug_RTK\project\realtek_amebaz_va0_example\EWARM-RELEASE\Debug\Obj\lookup_by_val.o
#        C:\Users\wyc\Desktop\开发项目集\（2）3IN全球域1\3-21最新备份\Smart_Plug_RTK\Smart_Plug_RTK\project\realtek_amebaz_va0_example\EWARM-RELEASE\Debug\Obj\low_level_io.o
#        C:\Users\wyc\Desktop\开发项目集\（2）3IN全球域1\3-21最新备份\Smart_Plug_RTK\Smart_Plug_RTK\project\realtek_amebaz_va0_example\EWARM-RELEASE\Debug\Obj\lwip_intf.o
#        C:\Users\wyc\Desktop\开发项目集\（2）3IN全球域1\3-21最新备份\Smart_Plug_RTK\Smart_Plug_RTK\project\realtek_amebaz_va0_example\EWARM-RELEASE\Debug\Obj\lwip_netconf.o
#        C:\Users\wyc\Desktop\开发项目集\（2）3IN全球域1\3-21最新备份\Smart_Plug_RTK\Smart_Plug_RTK\project\realtek_amebaz_va0_example\EWARM-RELEASE\Debug\Obj\lwip_timers.o
#        C:\Users\wyc\Desktop\开发项目集\（2）3IN全球域1\3-21最新备份\Smart_Plug_RTK\Smart_Plug_RTK\project\realtek_amebaz_va0_example\EWARM-RELEASE\Debug\Obj\main.o
#        C:\Users\wyc\Desktop\开发项目集\（2）3IN全球域1\3-21最新备份\Smart_Plug_RTK\Smart_Plug_RTK\project\realtek_amebaz_va0_example\EWARM-RELEASE\Debug\Obj\malloc.o
#        C:\Users\wyc\Desktop\开发项目集\（2）3IN全球域1\3-21最新备份\Smart_Plug_RTK\Smart_Plug_RTK\project\realtek_amebaz_va0_example\EWARM-RELEASE\Debug\Obj\md.o
#        C:\Users\wyc\Desktop\开发项目集\（2）3IN全球域1\3-21最新备份\Smart_Plug_RTK\Smart_Plug_RTK\project\realtek_amebaz_va0_example\EWARM-RELEASE\Debug\Obj\md2.o
#        C:\Users\wyc\Desktop\开发项目集\（2）3IN全球域1\3-21最新备份\Smart_Plug_RTK\Smart_Plug_RTK\project\realtek_amebaz_va0_example\EWARM-RELEASE\Debug\Obj\md4.o
#        C:\Users\wyc\Desktop\开发项目集\（2）3IN全球域1\3-21最新备份\Smart_Plug_RTK\Smart_Plug_RTK\project\realtek_amebaz_va0_example\EWARM-RELEASE\Debug\Obj\md5.o
#        C:\Users\wyc\Desktop\开发项目集\（2）3IN全球域1\3-21最新备份\Smart_Plug_RTK\Smart_Plug_RTK\project\realtek_amebaz_va0_example\EWARM-RELEASE\Debug\Obj\md_wrap.o
#        C:\Users\wyc\Desktop\开发项目集\（2）3IN全球域1\3-21最新备份\Smart_Plug_RTK\Smart_Plug_RTK\project\realtek_amebaz_va0_example\EWARM-RELEASE\Debug\Obj\mDNSPlatform.o
#        C:\Users\wyc\Desktop\开发项目集\（2）3IN全球域1\3-21最新备份\Smart_Plug_RTK\Smart_Plug_RTK\project\realtek_amebaz_va0_example\EWARM-RELEASE\Debug\Obj\mem.o
#        C:\Users\wyc\Desktop\开发项目集\（2）3IN全球域1\3-21最新备份\Smart_Plug_RTK\Smart_Plug_RTK\project\realtek_amebaz_va0_example\EWARM-RELEASE\Debug\Obj\memory_buffer_alloc.o
#        C:\Users\wyc\Desktop\开发项目集\（2）3IN全球域1\3-21最新备份\Smart_Plug_RTK\Smart_Plug_RTK\project\realtek_amebaz_va0_example\EWARM-RELEASE\Debug\Obj\memp.o
#        C:\Users\wyc\Desktop\开发项目集\（2）3IN全球域1\3-21最新备份\Smart_Plug_RTK\Smart_Plug_RTK\project\realtek_amebaz_va0_example\EWARM-RELEASE\Debug\Obj\monitor.o
#        C:\Users\wyc\Desktop\开发项目集\（2）3IN全球域1\3-21最新备份\Smart_Plug_RTK\Smart_Plug_RTK\project\realtek_amebaz_va0_example\EWARM-RELEASE\Debug\Obj\MQTTClient.o
#        C:\Users\wyc\Desktop\开发项目集\（2）3IN全球域1\3-21最新备份\Smart_Plug_RTK\Smart_Plug_RTK\project\realtek_amebaz_va0_example\EWARM-RELEASE\Debug\Obj\MQTTConnectClient.o
#        C:\Users\wyc\Desktop\开发项目集\（2）3IN全球域1\3-21最新备份\Smart_Plug_RTK\Smart_Plug_RTK\project\realtek_amebaz_va0_example\EWARM-RELEASE\Debug\Obj\MQTTConnectServer.o
#        C:\Users\wyc\Desktop\开发项目集\（2）3IN全球域1\3-21最新备份\Smart_Plug_RTK\Smart_Plug_RTK\project\realtek_amebaz_va0_example\EWARM-RELEASE\Debug\Obj\MQTTDeserializePublish.o
#        C:\Users\wyc\Desktop\开发项目集\（2）3IN全球域1\3-21最新备份\Smart_Plug_RTK\Smart_Plug_RTK\project\realtek_amebaz_va0_example\EWARM-RELEASE\Debug\Obj\MQTTFormat.o
#        C:\Users\wyc\Desktop\开发项目集\（2）3IN全球域1\3-21最新备份\Smart_Plug_RTK\Smart_Plug_RTK\project\realtek_amebaz_va0_example\EWARM-RELEASE\Debug\Obj\MQTTFreertos.o
#        C:\Users\wyc\Desktop\开发项目集\（2）3IN全球域1\3-21最新备份\Smart_Plug_RTK\Smart_Plug_RTK\project\realtek_amebaz_va0_example\EWARM-RELEASE\Debug\Obj\MQTTPacket.o
#        C:\Users\wyc\Desktop\开发项目集\（2）3IN全球域1\3-21最新备份\Smart_Plug_RTK\Smart_Plug_RTK\project\realtek_amebaz_va0_example\EWARM-RELEASE\Debug\Obj\MQTTSerializePublish.o
#        C:\Users\wyc\Desktop\开发项目集\（2）3IN全球域1\3-21最新备份\Smart_Plug_RTK\Smart_Plug_RTK\project\realtek_amebaz_va0_example\EWARM-RELEASE\Debug\Obj\MQTTSubscribeClient.o
#        C:\Users\wyc\Desktop\开发项目集\（2）3IN全球域1\3-21最新备份\Smart_Plug_RTK\Smart_Plug_RTK\project\realtek_amebaz_va0_example\EWARM-RELEASE\Debug\Obj\MQTTSubscribeServer.o
#        C:\Users\wyc\Desktop\开发项目集\（2）3IN全球域1\3-21最新备份\Smart_Plug_RTK\Smart_Plug_RTK\project\realtek_amebaz_va0_example\EWARM-RELEASE\Debug\Obj\MQTTUnsubscribeClient.o
#        C:\Users\wyc\Desktop\开发项目集\（2）3IN全球域1\3-21最新备份\Smart_Plug_RTK\Smart_Plug_RTK\project\realtek_amebaz_va0_example\EWARM-RELEASE\Debug\Obj\MQTTUnsubscribeServer.o
#        C:\Users\wyc\Desktop\开发项目集\（2）3IN全球域1\3-21最新备份\Smart_Plug_RTK\Smart_Plug_RTK\project\realtek_amebaz_va0_example\EWARM-RELEASE\Debug\Obj\net_mbuf.o
#        C:\Users\wyc\Desktop\开发项目集\（2）3IN全球域1\3-21最新备份\Smart_Plug_RTK\Smart_Plug_RTK\project\realtek_amebaz_va0_example\EWARM-RELEASE\Debug\Obj\net_realtek.o
#        C:\Users\wyc\Desktop\开发项目集\（2）3IN全球域1\3-21最新备份\Smart_Plug_RTK\Smart_Plug_RTK\project\realtek_amebaz_va0_example\EWARM-RELEASE\Debug\Obj\net_sockets.o
#        C:\Users\wyc\Desktop\开发项目集\（2）3IN全球域1\3-21最新备份\Smart_Plug_RTK\Smart_Plug_RTK\project\realtek_amebaz_va0_example\EWARM-RELEASE\Debug\Obj\netbuf.o
#        C:\Users\wyc\Desktop\开发项目集\（2）3IN全球域1\3-21最新备份\Smart_Plug_RTK\Smart_Plug_RTK\project\realtek_amebaz_va0_example\EWARM-RELEASE\Debug\Obj\netdb.o
#        C:\Users\wyc\Desktop\开发项目集\（2）3IN全球域1\3-21最新备份\Smart_Plug_RTK\Smart_Plug_RTK\project\realtek_amebaz_va0_example\EWARM-RELEASE\Debug\Obj\netif.o
#        C:\Users\wyc\Desktop\开发项目集\（2）3IN全球域1\3-21最新备份\Smart_Plug_RTK\Smart_Plug_RTK\project\realtek_amebaz_va0_example\EWARM-RELEASE\Debug\Obj\netifapi.o
#        C:\Users\wyc\Desktop\开发项目集\（2）3IN全球域1\3-21最新备份\Smart_Plug_RTK\Smart_Plug_RTK\project\realtek_amebaz_va0_example\EWARM-RELEASE\Debug\Obj\nfc_api.o
#        C:\Users\wyc\Desktop\开发项目集\（2）3IN全球域1\3-21最新备份\Smart_Plug_RTK\Smart_Plug_RTK\project\realtek_amebaz_va0_example\EWARM-RELEASE\Debug\Obj\notify.o
#        C:\Users\wyc\Desktop\开发项目集\（2）3IN全球域1\3-21最新备份\Smart_Plug_RTK\Smart_Plug_RTK\project\realtek_amebaz_va0_example\EWARM-RELEASE\Debug\Obj\notify_task.o
#        C:\Users\wyc\Desktop\开发项目集\（2）3IN全球域1\3-21最新备份\Smart_Plug_RTK\Smart_Plug_RTK\project\realtek_amebaz_va0_example\EWARM-RELEASE\Debug\Obj\oem.o
#        C:\Users\wyc\Desktop\开发项目集\（2）3IN全球域1\3-21最新备份\Smart_Plug_RTK\Smart_Plug_RTK\project\realtek_amebaz_va0_example\EWARM-RELEASE\Debug\Obj\oid.o
#        C:\Users\wyc\Desktop\开发项目集\（2）3IN全球域1\3-21最新备份\Smart_Plug_RTK\Smart_Plug_RTK\project\realtek_amebaz_va0_example\EWARM-RELEASE\Debug\Obj\osdep_service.o
#        C:\Users\wyc\Desktop\开发项目集\（2）3IN全球域1\3-21最新备份\Smart_Plug_RTK\Smart_Plug_RTK\project\realtek_amebaz_va0_example\EWARM-RELEASE\Debug\Obj\padlock.o
#        C:\Users\wyc\Desktop\开发项目集\（2）3IN全球域1\3-21最新备份\Smart_Plug_RTK\Smart_Plug_RTK\project\realtek_amebaz_va0_example\EWARM-RELEASE\Debug\Obj\parse_argv.o
#        C:\Users\wyc\Desktop\开发项目集\（2）3IN全球域1\3-21最新备份\Smart_Plug_RTK\Smart_Plug_RTK\project\realtek_amebaz_va0_example\EWARM-RELEASE\Debug\Obj\parse_date.o
#        C:\Users\wyc\Desktop\开发项目集\（2）3IN全球域1\3-21最新备份\Smart_Plug_RTK\Smart_Plug_RTK\project\realtek_amebaz_va0_example\EWARM-RELEASE\Debug\Obj\parse_hex.o
#        C:\Users\wyc\Desktop\开发项目集\（2）3IN全球域1\3-21最新备份\Smart_Plug_RTK\Smart_Plug_RTK\project\realtek_amebaz_va0_example\EWARM-RELEASE\Debug\Obj\parse_mac.o
#        C:\Users\wyc\Desktop\开发项目集\（2）3IN全球域1\3-21最新备份\Smart_Plug_RTK\Smart_Plug_RTK\project\realtek_amebaz_va0_example\EWARM-RELEASE\Debug\Obj\parse_url.o
#        C:\Users\wyc\Desktop\开发项目集\（2）3IN全球域1\3-21最新备份\Smart_Plug_RTK\Smart_Plug_RTK\project\realtek_amebaz_va0_example\EWARM-RELEASE\Debug\Obj\pbuf.o
#        C:\Users\wyc\Desktop\开发项目集\（2）3IN全球域1\3-21最新备份\Smart_Plug_RTK\Smart_Plug_RTK\project\realtek_amebaz_va0_example\EWARM-RELEASE\Debug\Obj\pem.o
#        C:\Users\wyc\Desktop\开发项目集\（2）3IN全球域1\3-21最新备份\Smart_Plug_RTK\Smart_Plug_RTK\project\realtek_amebaz_va0_example\EWARM-RELEASE\Debug\Obj\ping_test.o
#        C:\Users\wyc\Desktop\开发项目集\（2）3IN全球域1\3-21最新备份\Smart_Plug_RTK\Smart_Plug_RTK\project\realtek_amebaz_va0_example\EWARM-RELEASE\Debug\Obj\pinmap.o
#        C:\Users\wyc\Desktop\开发项目集\（2）3IN全球域1\3-21最新备份\Smart_Plug_RTK\Smart_Plug_RTK\project\realtek_amebaz_va0_example\EWARM-RELEASE\Debug\Obj\pinmap_common.o
#        C:\Users\wyc\Desktop\开发项目集\（2）3IN全球域1\3-21最新备份\Smart_Plug_RTK\Smart_Plug_RTK\project\realtek_amebaz_va0_example\EWARM-RELEASE\Debug\Obj\pk.o
#        C:\Users\wyc\Desktop\开发项目集\（2）3IN全球域1\3-21最新备份\Smart_Plug_RTK\Smart_Plug_RTK\project\realtek_amebaz_va0_example\EWARM-RELEASE\Debug\Obj\pk_wrap.o
#        C:\Users\wyc\Desktop\开发项目集\（2）3IN全球域1\3-21最新备份\Smart_Plug_RTK\Smart_Plug_RTK\project\realtek_amebaz_va0_example\EWARM-RELEASE\Debug\Obj\pkcs11.o
#        C:\Users\wyc\Desktop\开发项目集\（2）3IN全球域1\3-21最新备份\Smart_Plug_RTK\Smart_Plug_RTK\project\realtek_amebaz_va0_example\EWARM-RELEASE\Debug\Obj\pkcs12.o
#        C:\Users\wyc\Desktop\开发项目集\（2）3IN全球域1\3-21最新备份\Smart_Plug_RTK\Smart_Plug_RTK\project\realtek_amebaz_va0_example\EWARM-RELEASE\Debug\Obj\pkcs5.o
#        C:\Users\wyc\Desktop\开发项目集\（2）3IN全球域1\3-21最新备份\Smart_Plug_RTK\Smart_Plug_RTK\project\realtek_amebaz_va0_example\EWARM-RELEASE\Debug\Obj\pkparse.o
#        C:\Users\wyc\Desktop\开发项目集\（2）3IN全球域1\3-21最新备份\Smart_Plug_RTK\Smart_Plug_RTK\project\realtek_amebaz_va0_example\EWARM-RELEASE\Debug\Obj\pkwrite.o
#        C:\Users\wyc\Desktop\开发项目集\（2）3IN全球域1\3-21最新备份\Smart_Plug_RTK\Smart_Plug_RTK\project\realtek_amebaz_va0_example\EWARM-RELEASE\Debug\Obj\platform.o
#        C:\Users\wyc\Desktop\开发项目集\（2）3IN全球域1\3-21最新备份\Smart_Plug_RTK\Smart_Plug_RTK\project\realtek_amebaz_va0_example\EWARM-RELEASE\Debug\Obj\port.o
#        C:\Users\wyc\Desktop\开发项目集\（2）3IN全球域1\3-21最新备份\Smart_Plug_RTK\Smart_Plug_RTK\project\realtek_amebaz_va0_example\EWARM-RELEASE\Debug\Obj\port_api.o
#        C:\Users\wyc\Desktop\开发项目集\（2）3IN全球域1\3-21最新备份\Smart_Plug_RTK\Smart_Plug_RTK\project\realtek_amebaz_va0_example\EWARM-RELEASE\Debug\Obj\portasm.o
#        C:\Users\wyc\Desktop\开发项目集\（2）3IN全球域1\3-21最新备份\Smart_Plug_RTK\Smart_Plug_RTK\component\common\application\airkiss\prefix_libwxcloud.a
#        C:\Users\wyc\Desktop\开发项目集\（2）3IN全球域1\3-21最新备份\Smart_Plug_RTK\Smart_Plug_RTK\project\realtek_amebaz_va0_example\EWARM-RELEASE\Debug\Obj\prop_mgr.o
#        C:\Users\wyc\Desktop\开发项目集\（2）3IN全球域1\3-21最新备份\Smart_Plug_RTK\Smart_Plug_RTK\project\realtek_amebaz_va0_example\EWARM-RELEASE\Debug\Obj\prop_page.o
#        C:\Users\wyc\Desktop\开发项目集\（2）3IN全球域1\3-21最新备份\Smart_Plug_RTK\Smart_Plug_RTK\project\realtek_amebaz_va0_example\EWARM-RELEASE\Debug\Obj\pwmout_api.o
#        C:\Users\wyc\Desktop\开发项目集\（2）3IN全球域1\3-21最新备份\Smart_Plug_RTK\Smart_Plug_RTK\project\realtek_amebaz_va0_example\EWARM-RELEASE\Debug\Obj\queue.o
#        C:\Users\wyc\Desktop\开发项目集\（2）3IN全球域1\3-21最新备份\Smart_Plug_RTK\Smart_Plug_RTK\project\realtek_amebaz_va0_example\EWARM-RELEASE\Debug\Obj\raw.o
#        C:\Users\wyc\Desktop\开发项目集\（2）3IN全球域1\3-21最新备份\Smart_Plug_RTK\Smart_Plug_RTK\project\realtek_amebaz_va0_example\EWARM-RELEASE\Debug\Obj\refresh.gif.o
#        C:\Users\wyc\Desktop\开发项目集\（2）3IN全球域1\3-21最新备份\Smart_Plug_RTK\Smart_Plug_RTK\project\realtek_amebaz_va0_example\EWARM-RELEASE\Debug\Obj\regtoken.html.o
#        C:\Users\wyc\Desktop\开发项目集\（2）3IN全球域1\3-21最新备份\Smart_Plug_RTK\Smart_Plug_RTK\project\realtek_amebaz_va0_example\EWARM-RELEASE\Debug\Obj\ripemd160.o
#        C:\Users\wyc\Desktop\开发项目集\（2）3IN全球域1\3-21最新备份\Smart_Plug_RTK\Smart_Plug_RTK\project\realtek_amebaz_va0_example\EWARM-RELEASE\Debug\Obj\rsa.o
#        C:\Users\wyc\Desktop\开发项目集\（2）3IN全球域1\3-21最新备份\Smart_Plug_RTK\Smart_Plug_RTK\project\realtek_amebaz_va0_example\EWARM-RELEASE\Debug\Obj\rtc_api.o
#        C:\Users\wyc\Desktop\开发项目集\（2）3IN全球域1\3-21最新备份\Smart_Plug_RTK\Smart_Plug_RTK\project\realtek_amebaz_va0_example\EWARM-RELEASE\Debug\Obj\rtl8710b_dsleepcfg.o
#        C:\Users\wyc\Desktop\开发项目集\（2）3IN全球域1\3-21最新备份\Smart_Plug_RTK\Smart_Plug_RTK\project\realtek_amebaz_va0_example\EWARM-RELEASE\Debug\Obj\rtl8710b_dstandbycfg.o
#        C:\Users\wyc\Desktop\开发项目集\（2）3IN全球域1\3-21最新备份\Smart_Plug_RTK\Smart_Plug_RTK\project\realtek_amebaz_va0_example\EWARM-RELEASE\Debug\Obj\rtl8710b_intfcfg.o
#        C:\Users\wyc\Desktop\开发项目集\（2）3IN全球域1\3-21最新备份\Smart_Plug_RTK\Smart_Plug_RTK\project\realtek_amebaz_va0_example\EWARM-RELEASE\Debug\Obj\rtl8710b_ota.o
#        C:\Users\wyc\Desktop\开发项目集\（2）3IN全球域1\3-21最新备份\Smart_Plug_RTK\Smart_Plug_RTK\project\realtek_amebaz_va0_example\EWARM-RELEASE\Debug\Obj\rtl8710b_pinmapcfg.o
#        C:\Users\wyc\Desktop\开发项目集\（2）3IN全球域1\3-21最新备份\Smart_Plug_RTK\Smart_Plug_RTK\project\realtek_amebaz_va0_example\EWARM-RELEASE\Debug\Obj\rtl8710b_sleepcfg.o
#        C:\Users\wyc\Desktop\开发项目集\（2）3IN全球域1\3-21最新备份\Smart_Plug_RTK\Smart_Plug_RTK\project\realtek_amebaz_va0_example\EWARM-RELEASE\Debug\Obj\rtl_consol.o
#        C:\Users\wyc\Desktop\开发项目集\（2）3IN全球域1\3-21最新备份\Smart_Plug_RTK\Smart_Plug_RTK\project\realtek_amebaz_va0_example\EWARM-RELEASE\Debug\Obj\rtl_trace.o
#        C:\Users\wyc\Desktop\开发项目集\（2）3IN全球域1\3-21最新备份\Smart_Plug_RTK\Smart_Plug_RTK\project\realtek_amebaz_va0_example\EWARM-RELEASE\Debug\Obj\sched.o
#        C:\Users\wyc\Desktop\开发项目集\（2）3IN全球域1\3-21最新备份\Smart_Plug_RTK\Smart_Plug_RTK\project\realtek_amebaz_va0_example\EWARM-RELEASE\Debug\Obj\sched_conf.o
#        C:\Users\wyc\Desktop\开发项目集\（2）3IN全球域1\3-21最新备份\Smart_Plug_RTK\Smart_Plug_RTK\project\realtek_amebaz_va0_example\EWARM-RELEASE\Debug\Obj\schedeval.o
#        C:\Users\wyc\Desktop\开发项目集\（2）3IN全球域1\3-21最新备份\Smart_Plug_RTK\Smart_Plug_RTK\project\realtek_amebaz_va0_example\EWARM-RELEASE\Debug\Obj\serial_api.o
#        C:\Users\wyc\Desktop\开发项目集\（2）3IN全球域1\3-21最新备份\Smart_Plug_RTK\Smart_Plug_RTK\project\realtek_amebaz_va0_example\EWARM-RELEASE\Debug\Obj\server.o
#        C:\Users\wyc\Desktop\开发项目集\（2）3IN全球域1\3-21最新备份\Smart_Plug_RTK\Smart_Plug_RTK\project\realtek_amebaz_va0_example\EWARM-RELEASE\Debug\Obj\server_mem.o
#        C:\Users\wyc\Desktop\开发项目集\（2）3IN全球域1\3-21最新备份\Smart_Plug_RTK\Smart_Plug_RTK\project\realtek_amebaz_va0_example\EWARM-RELEASE\Debug\Obj\server_req.o
#        C:\Users\wyc\Desktop\开发项目集\（2）3IN全球域1\3-21最新备份\Smart_Plug_RTK\Smart_Plug_RTK\project\realtek_amebaz_va0_example\EWARM-RELEASE\Debug\Obj\sha1.o
#        C:\Users\wyc\Desktop\开发项目集\（2）3IN全球域1\3-21最新备份\Smart_Plug_RTK\Smart_Plug_RTK\project\realtek_amebaz_va0_example\EWARM-RELEASE\Debug\Obj\sha256.o
#        C:\Users\wyc\Desktop\开发项目集\（2）3IN全球域1\3-21最新备份\Smart_Plug_RTK\Smart_Plug_RTK\project\realtek_amebaz_va0_example\EWARM-RELEASE\Debug\Obj\sha512.o
#        C:\Users\wyc\Desktop\开发项目集\（2）3IN全球域1\3-21最新备份\Smart_Plug_RTK\Smart_Plug_RTK\project\realtek_amebaz_va0_example\EWARM-RELEASE\Debug\Obj\shtc1.o
#        C:\Users\wyc\Desktop\开发项目集\（2）3IN全球域1\3-21最新备份\Smart_Plug_RTK\Smart_Plug_RTK\project\realtek_amebaz_va0_example\EWARM-RELEASE\Debug\Obj\sleep.o
#        C:\Users\wyc\Desktop\开发项目集\（2）3IN全球域1\3-21最新备份\Smart_Plug_RTK\Smart_Plug_RTK\project\realtek_amebaz_va0_example\EWARM-RELEASE\Debug\Obj\sn_coap_ameba_port.o
#        C:\Users\wyc\Desktop\开发项目集\（2）3IN全球域1\3-21最新备份\Smart_Plug_RTK\Smart_Plug_RTK\project\realtek_amebaz_va0_example\EWARM-RELEASE\Debug\Obj\sn_coap_builder.o
#        C:\Users\wyc\Desktop\开发项目集\（2）3IN全球域1\3-21最新备份\Smart_Plug_RTK\Smart_Plug_RTK\project\realtek_amebaz_va0_example\EWARM-RELEASE\Debug\Obj\sn_coap_header_check.o
#        C:\Users\wyc\Desktop\开发项目集\（2）3IN全球域1\3-21最新备份\Smart_Plug_RTK\Smart_Plug_RTK\project\realtek_amebaz_va0_example\EWARM-RELEASE\Debug\Obj\sn_coap_parser.o
#        C:\Users\wyc\Desktop\开发项目集\（2）3IN全球域1\3-21最新备份\Smart_Plug_RTK\Smart_Plug_RTK\project\realtek_amebaz_va0_example\EWARM-RELEASE\Debug\Obj\sn_coap_protocol.o
#        C:\Users\wyc\Desktop\开发项目集\（2）3IN全球域1\3-21最新备份\Smart_Plug_RTK\Smart_Plug_RTK\project\realtek_amebaz_va0_example\EWARM-RELEASE\Debug\Obj\sockets.o
#        C:\Users\wyc\Desktop\开发项目集\（2）3IN全球域1\3-21最新备份\Smart_Plug_RTK\Smart_Plug_RTK\project\realtek_amebaz_va0_example\EWARM-RELEASE\Debug\Obj\spi_api.o
#        C:\Users\wyc\Desktop\开发项目集\（2）3IN全球域1\3-21最新备份\Smart_Plug_RTK\Smart_Plug_RTK\project\realtek_amebaz_va0_example\EWARM-RELEASE\Debug\Obj\sprop.o
#        C:\Users\wyc\Desktop\开发项目集\（2）3IN全球域1\3-21最新备份\Smart_Plug_RTK\Smart_Plug_RTK\project\realtek_amebaz_va0_example\EWARM-RELEASE\Debug\Obj\ssl.o
#        C:\Users\wyc\Desktop\开发项目集\（2）3IN全球域1\3-21最新备份\Smart_Plug_RTK\Smart_Plug_RTK\project\realtek_amebaz_va0_example\EWARM-RELEASE\Debug\Obj\ssl_cache.o
#        C:\Users\wyc\Desktop\开发项目集\（2）3IN全球域1\3-21最新备份\Smart_Plug_RTK\Smart_Plug_RTK\project\realtek_amebaz_va0_example\EWARM-RELEASE\Debug\Obj\ssl_ciphersuites.o
#        C:\Users\wyc\Desktop\开发项目集\（2）3IN全球域1\3-21最新备份\Smart_Plug_RTK\Smart_Plug_RTK\project\realtek_amebaz_va0_example\EWARM-RELEASE\Debug\Obj\ssl_cli.o
#        C:\Users\wyc\Desktop\开发项目集\（2）3IN全球域1\3-21最新备份\Smart_Plug_RTK\Smart_Plug_RTK\project\realtek_amebaz_va0_example\EWARM-RELEASE\Debug\Obj\ssl_client.o
#        C:\Users\wyc\Desktop\开发项目集\（2）3IN全球域1\3-21最新备份\Smart_Plug_RTK\Smart_Plug_RTK\project\realtek_amebaz_va0_example\EWARM-RELEASE\Debug\Obj\ssl_cookie.o
#        C:\Users\wyc\Desktop\开发项目集\（2）3IN全球域1\3-21最新备份\Smart_Plug_RTK\Smart_Plug_RTK\project\realtek_amebaz_va0_example\EWARM-RELEASE\Debug\Obj\ssl_ram_map.o
#        C:\Users\wyc\Desktop\开发项目集\（2）3IN全球域1\3-21最新备份\Smart_Plug_RTK\Smart_Plug_RTK\project\realtek_amebaz_va0_example\EWARM-RELEASE\Debug\Obj\ssl_srv.o
#        C:\Users\wyc\Desktop\开发项目集\（2）3IN全球域1\3-21最新备份\Smart_Plug_RTK\Smart_Plug_RTK\project\realtek_amebaz_va0_example\EWARM-RELEASE\Debug\Obj\ssl_ticket.o
#        C:\Users\wyc\Desktop\开发项目集\（2）3IN全球域1\3-21最新备份\Smart_Plug_RTK\Smart_Plug_RTK\project\realtek_amebaz_va0_example\EWARM-RELEASE\Debug\Obj\ssl_tls.o
#        C:\Users\wyc\Desktop\开发项目集\（2）3IN全球域1\3-21最新备份\Smart_Plug_RTK\Smart_Plug_RTK\project\realtek_amebaz_va0_example\EWARM-RELEASE\Debug\Obj\startup.o
#        C:\Users\wyc\Desktop\开发项目集\（2）3IN全球域1\3-21最新备份\Smart_Plug_RTK\Smart_Plug_RTK\project\realtek_amebaz_va0_example\EWARM-RELEASE\Debug\Obj\stats.o
#        C:\Users\wyc\Desktop\开发项目集\（2）3IN全球域1\3-21最新备份\Smart_Plug_RTK\Smart_Plug_RTK\project\realtek_amebaz_va0_example\EWARM-RELEASE\Debug\Obj\stubs.o
#        C:\Users\wyc\Desktop\开发项目集\（2）3IN全球域1\3-21最新备份\Smart_Plug_RTK\Smart_Plug_RTK\project\realtek_amebaz_va0_example\EWARM-RELEASE\Debug\Obj\sys.o
#        C:\Users\wyc\Desktop\开发项目集\（2）3IN全球域1\3-21最新备份\Smart_Plug_RTK\Smart_Plug_RTK\project\realtek_amebaz_va0_example\EWARM-RELEASE\Debug\Obj\sys_api.o
#        C:\Users\wyc\Desktop\开发项目集\（2）3IN全球域1\3-21最新备份\Smart_Plug_RTK\Smart_Plug_RTK\project\realtek_amebaz_va0_example\EWARM-RELEASE\Debug\Obj\sys_arch.o
#        C:\Users\wyc\Desktop\开发项目集\（2）3IN全球域1\3-21最新备份\Smart_Plug_RTK\Smart_Plug_RTK\project\realtek_amebaz_va0_example\EWARM-RELEASE\Debug\Obj\sys_conf.o
#        C:\Users\wyc\Desktop\开发项目集\（2）3IN全球域1\3-21最新备份\Smart_Plug_RTK\Smart_Plug_RTK\project\realtek_amebaz_va0_example\EWARM-RELEASE\Debug\Obj\tasks.o
#        C:\Users\wyc\Desktop\开发项目集\（2）3IN全球域1\3-21最新备份\Smart_Plug_RTK\Smart_Plug_RTK\project\realtek_amebaz_va0_example\EWARM-RELEASE\Debug\Obj\tcp.o
#        C:\Users\wyc\Desktop\开发项目集\（2）3IN全球域1\3-21最新备份\Smart_Plug_RTK\Smart_Plug_RTK\project\realtek_amebaz_va0_example\EWARM-RELEASE\Debug\Obj\tcp_in.o
#        C:\Users\wyc\Desktop\开发项目集\（2）3IN全球域1\3-21最新备份\Smart_Plug_RTK\Smart_Plug_RTK\project\realtek_amebaz_va0_example\EWARM-RELEASE\Debug\Obj\tcp_out.o
#        C:\Users\wyc\Desktop\开发项目集\（2）3IN全球域1\3-21最新备份\Smart_Plug_RTK\Smart_Plug_RTK\project\realtek_amebaz_va0_example\EWARM-RELEASE\Debug\Obj\tcpip.o
#        C:\Users\wyc\Desktop\开发项目集\（2）3IN全球域1\3-21最新备份\Smart_Plug_RTK\Smart_Plug_RTK\project\realtek_amebaz_va0_example\EWARM-RELEASE\Debug\Obj\tcptest.o
#        C:\Users\wyc\Desktop\开发项目集\（2）3IN全球域1\3-21最新备份\Smart_Plug_RTK\Smart_Plug_RTK\project\realtek_amebaz_va0_example\EWARM-RELEASE\Debug\Obj\threading.o
#        C:\Users\wyc\Desktop\开发项目集\（2）3IN全球域1\3-21最新备份\Smart_Plug_RTK\Smart_Plug_RTK\project\realtek_amebaz_va0_example\EWARM-RELEASE\Debug\Obj\timer.o
#        C:\Users\wyc\Desktop\开发项目集\（2）3IN全球域1\3-21最新备份\Smart_Plug_RTK\Smart_Plug_RTK\project\realtek_amebaz_va0_example\EWARM-RELEASE\Debug\Obj\timer_api.o
#        C:\Users\wyc\Desktop\开发项目集\（2）3IN全球域1\3-21最新备份\Smart_Plug_RTK\Smart_Plug_RTK\project\realtek_amebaz_va0_example\EWARM-RELEASE\Debug\Obj\timers.o
#        C:\Users\wyc\Desktop\开发项目集\（2）3IN全球域1\3-21最新备份\Smart_Plug_RTK\Smart_Plug_RTK\project\realtek_amebaz_va0_example\EWARM-RELEASE\Debug\Obj\timing.o
#        C:\Users\wyc\Desktop\开发项目集\（2）3IN全球域1\3-21最新备份\Smart_Plug_RTK\Smart_Plug_RTK\project\realtek_amebaz_va0_example\EWARM-RELEASE\Debug\Obj\uart_fw_update.o
#        C:\Users\wyc\Desktop\开发项目集\（2）3IN全球域1\3-21最新备份\Smart_Plug_RTK\Smart_Plug_RTK\project\realtek_amebaz_va0_example\EWARM-RELEASE\Debug\Obj\uart_socket.o
#        C:\Users\wyc\Desktop\开发项目集\（2）3IN全球域1\3-21最新备份\Smart_Plug_RTK\Smart_Plug_RTK\project\realtek_amebaz_va0_example\EWARM-RELEASE\Debug\Obj\udp.o
#        C:\Users\wyc\Desktop\开发项目集\（2）3IN全球域1\3-21最新备份\Smart_Plug_RTK\Smart_Plug_RTK\project\realtek_amebaz_va0_example\EWARM-RELEASE\Debug\Obj\uri_arg_allowed_map.o
#        C:\Users\wyc\Desktop\开发项目集\（2）3IN全球域1\3-21最新备份\Smart_Plug_RTK\Smart_Plug_RTK\project\realtek_amebaz_va0_example\EWARM-RELEASE\Debug\Obj\uri_decode.o
#        C:\Users\wyc\Desktop\开发项目集\（2）3IN全球域1\3-21最新备份\Smart_Plug_RTK\Smart_Plug_RTK\project\realtek_amebaz_va0_example\EWARM-RELEASE\Debug\Obj\uri_encode.o
#        C:\Users\wyc\Desktop\开发项目集\（2）3IN全球域1\3-21最新备份\Smart_Plug_RTK\Smart_Plug_RTK\project\realtek_amebaz_va0_example\EWARM-RELEASE\Debug\Obj\us_ticker.o
#        C:\Users\wyc\Desktop\开发项目集\（2）3IN全球域1\3-21最新备份\Smart_Plug_RTK\Smart_Plug_RTK\project\realtek_amebaz_va0_example\EWARM-RELEASE\Debug\Obj\us_ticker_api.o
#        C:\Users\wyc\Desktop\开发项目集\（2）3IN全球域1\3-21最新备份\Smart_Plug_RTK\Smart_Plug_RTK\project\realtek_amebaz_va0_example\EWARM-RELEASE\Debug\Obj\utf8.o
#        C:\Users\wyc\Desktop\开发项目集\（2）3IN全球域1\3-21最新备份\Smart_Plug_RTK\Smart_Plug_RTK\project\realtek_amebaz_va0_example\EWARM-RELEASE\Debug\Obj\version.o
#        C:\Users\wyc\Desktop\开发项目集\（2）3IN全球域1\3-21最新备份\Smart_Plug_RTK\Smart_Plug_RTK\project\realtek_amebaz_va0_example\EWARM-RELEASE\Debug\Obj\version_features.o
#        C:\Users\wyc\Desktop\开发项目集\（2）3IN全球域1\3-21最新备份\Smart_Plug_RTK\Smart_Plug_RTK\project\realtek_amebaz_va0_example\EWARM-RELEASE\Debug\Obj\wait_api.o
#        C:\Users\wyc\Desktop\开发项目集\（2）3IN全球域1\3-21最新备份\Smart_Plug_RTK\Smart_Plug_RTK\project\realtek_amebaz_va0_example\EWARM-RELEASE\Debug\Obj\wdt_api.o
#        C:\Users\wyc\Desktop\开发项目集\（2）3IN全球域1\3-21最新备份\Smart_Plug_RTK\Smart_Plug_RTK\project\realtek_amebaz_va0_example\EWARM-RELEASE\Debug\Obj\webserver.o
#        C:\Users\wyc\Desktop\开发项目集\（2）3IN全球域1\3-21最新备份\Smart_Plug_RTK\Smart_Plug_RTK\project\realtek_amebaz_va0_example\EWARM-RELEASE\Debug\Obj\wifi.html.o
#        C:\Users\wyc\Desktop\开发项目集\（2）3IN全球域1\3-21最新备份\Smart_Plug_RTK\Smart_Plug_RTK\project\realtek_amebaz_va0_example\EWARM-RELEASE\Debug\Obj\wifi.js.o
#        C:\Users\wyc\Desktop\开发项目集\（2）3IN全球域1\3-21最新备份\Smart_Plug_RTK\Smart_Plug_RTK\project\realtek_amebaz_va0_example\EWARM-RELEASE\Debug\Obj\wifi.o
#        C:\Users\wyc\Desktop\开发项目集\（2）3IN全球域1\3-21最新备份\Smart_Plug_RTK\Smart_Plug_RTK\project\realtek_amebaz_va0_example\EWARM-RELEASE\Debug\Obj\wifi_airkiss.o
#        C:\Users\wyc\Desktop\开发项目集\（2）3IN全球域1\3-21最新备份\Smart_Plug_RTK\Smart_Plug_RTK\project\realtek_amebaz_va0_example\EWARM-RELEASE\Debug\Obj\wifi_ameba.o
#        C:\Users\wyc\Desktop\开发项目集\（2）3IN全球域1\3-21最新备份\Smart_Plug_RTK\Smart_Plug_RTK\project\realtek_amebaz_va0_example\EWARM-RELEASE\Debug\Obj\wifi_ameba_drv.o
#        C:\Users\wyc\Desktop\开发项目集\（2）3IN全球域1\3-21最新备份\Smart_Plug_RTK\Smart_Plug_RTK\project\realtek_amebaz_va0_example\EWARM-RELEASE\Debug\Obj\wifi_conf.o
#        C:\Users\wyc\Desktop\开发项目集\（2）3IN全球域1\3-21最新备份\Smart_Plug_RTK\Smart_Plug_RTK\project\realtek_amebaz_va0_example\EWARM-RELEASE\Debug\Obj\wifi_eap_config.o
#        C:\Users\wyc\Desktop\开发项目集\（2）3IN全球域1\3-21最新备份\Smart_Plug_RTK\Smart_Plug_RTK\project\realtek_amebaz_va0_example\EWARM-RELEASE\Debug\Obj\wifi_ind.o
#        C:\Users\wyc\Desktop\开发项目集\（2）3IN全球域1\3-21最新备份\Smart_Plug_RTK\Smart_Plug_RTK\project\realtek_amebaz_va0_example\EWARM-RELEASE\Debug\Obj\wifi_p2p_config.o
#        C:\Users\wyc\Desktop\开发项目集\（2）3IN全球域1\3-21最新备份\Smart_Plug_RTK\Smart_Plug_RTK\project\realtek_amebaz_va0_example\EWARM-RELEASE\Debug\Obj\wifi_page.o
#        C:\Users\wyc\Desktop\开发项目集\（2）3IN全球域1\3-21最新备份\Smart_Plug_RTK\Smart_Plug_RTK\project\realtek_amebaz_va0_example\EWARM-RELEASE\Debug\Obj\wifi_promisc.o
#        C:\Users\wyc\Desktop\开发项目集\（2）3IN全球域1\3-21最新备份\Smart_Plug_RTK\Smart_Plug_RTK\project\realtek_amebaz_va0_example\EWARM-RELEASE\Debug\Obj\wifi_simple_config.o
#        C:\Users\wyc\Desktop\开发项目集\（2）3IN全球域1\3-21最新备份\Smart_Plug_RTK\Smart_Plug_RTK\project\realtek_amebaz_va0_example\EWARM-RELEASE\Debug\Obj\wifi_util.o
#        C:\Users\wyc\Desktop\开发项目集\（2）3IN全球域1\3-21最新备份\Smart_Plug_RTK\Smart_Plug_RTK\project\realtek_amebaz_va0_example\EWARM-RELEASE\Debug\Obj\wifi_wps_config.o
#        C:\Users\wyc\Desktop\开发项目集\（2）3IN全球域1\3-21最新备份\Smart_Plug_RTK\Smart_Plug_RTK\project\realtek_amebaz_va0_example\EWARM-RELEASE\Debug\Obj\wigadget.o
#        C:\Users\wyc\Desktop\开发项目集\（2）3IN全球域1\3-21最新备份\Smart_Plug_RTK\Smart_Plug_RTK\project\realtek_amebaz_va0_example\EWARM-RELEASE\Debug\Obj\wlan_network.o
#        C:\Users\wyc\Desktop\开发项目集\（2）3IN全球域1\3-21最新备份\Smart_Plug_RTK\Smart_Plug_RTK\project\realtek_amebaz_va0_example\EWARM-RELEASE\Debug\Obj\wsclient_tls.o
#        C:\Users\wyc\Desktop\开发项目集\（2）3IN全球域1\3-21最新备份\Smart_Plug_RTK\Smart_Plug_RTK\project\realtek_amebaz_va0_example\EWARM-RELEASE\Debug\Obj\x509.o
#        C:\Users\wyc\Desktop\开发项目集\（2）3IN全球域1\3-21最新备份\Smart_Plug_RTK\Smart_Plug_RTK\project\realtek_amebaz_va0_example\EWARM-RELEASE\Debug\Obj\x509_create.o
#        C:\Users\wyc\Desktop\开发项目集\（2）3IN全球域1\3-21最新备份\Smart_Plug_RTK\Smart_Plug_RTK\project\realtek_amebaz_va0_example\EWARM-RELEASE\Debug\Obj\x509_crl.o
#        C:\Users\wyc\Desktop\开发项目集\（2）3IN全球域1\3-21最新备份\Smart_Plug_RTK\Smart_Plug_RTK\project\realtek_amebaz_va0_example\EWARM-RELEASE\Debug\Obj\x509_crt.o
#        C:\Users\wyc\Desktop\开发项目集\（2）3IN全球域1\3-21最新备份\Smart_Plug_RTK\Smart_Plug_RTK\project\realtek_amebaz_va0_example\EWARM-RELEASE\Debug\Obj\x509_csr.o
#        C:\Users\wyc\Desktop\开发项目集\（2）3IN全球域1\3-21最新备份\Smart_Plug_RTK\Smart_Plug_RTK\project\realtek_amebaz_va0_example\EWARM-RELEASE\Debug\Obj\x509write_crt.o
#        C:\Users\wyc\Desktop\开发项目集\（2）3IN全球域1\3-21最新备份\Smart_Plug_RTK\Smart_Plug_RTK\project\realtek_amebaz_va0_example\EWARM-RELEASE\Debug\Obj\x509write_csr.o
#        C:\Users\wyc\Desktop\开发项目集\（2）3IN全球域1\3-21最新备份\Smart_Plug_RTK\Smart_Plug_RTK\project\realtek_amebaz_va0_example\EWARM-RELEASE\Debug\Obj\xml.o
#        C:\Users\wyc\Desktop\开发项目集\（2）3IN全球域1\3-21最新备份\Smart_Plug_RTK\Smart_Plug_RTK\project\realtek_amebaz_va0_example\EWARM-RELEASE\Debug\Obj\xml_decode.o
#        C:\Users\wyc\Desktop\开发项目集\（2）3IN全球域1\3-21最新备份\Smart_Plug_RTK\Smart_Plug_RTK\project\realtek_amebaz_va0_example\EWARM-RELEASE\Debug\Obj\xml_encode.o
#        C:\Users\wyc\Desktop\开发项目集\（2）3IN全球域1\3-21最新备份\Smart_Plug_RTK\Smart_Plug_RTK\project\realtek_amebaz_va0_example\EWARM-RELEASE\Debug\Obj\xtea.o
#        -o
#        C:\Users\wyc\Desktop\开发项目集\（2）3IN全球域1\3-21最新备份\Smart_Plug_RTK\Smart_Plug_RTK\project\realtek_amebaz_va0_example\EWARM-RELEASE\Debug\Exe\application.axf
#        --redirect _Printf=_PrintfFullNoMb --redirect _Scanf=_ScanfSmallNoMb
#        --keep bootloader
#        --image_input=C:\Users\wyc\Desktop\开发项目集\（2）3IN全球域1\3-21最新备份\Smart_Plug_RTK\Smart_Plug_RTK\project\realtek_amebaz_va0_example\EWARM-RELEASE\..\..\..\component\soc\realtek\8711b\misc\bsp\image\boot_all.bin,bootloader,LOADER,4
#        --map
#        C:\Users\wyc\Desktop\开发项目集\（2）3IN全球域1\3-21最新备份\Smart_Plug_RTK\Smart_Plug_RTK\project\realtek_amebaz_va0_example\EWARM-RELEASE\Debug\List\application.map
#        --log veneers --log_file
#        C:\Users\wyc\Desktop\开发项目集\（2）3IN全球域1\3-21最新备份\Smart_Plug_RTK\Smart_Plug_RTK\project\realtek_amebaz_va0_example\EWARM-RELEASE\Debug\List\application.log
#        --config
#        C:\Users\wyc\Desktop\开发项目集\（2）3IN全球域1\3-21最新备份\Smart_Plug_RTK\Smart_Plug_RTK\project\realtek_amebaz_va0_example\EWARM-RELEASE\image2.icf
#        --diag_suppress Lp005,Lp006 --entry Reset_Handler --no_exceptions
#        --no_vfe --text_out locale)
#
###############################################################################

*******************************************************************************
*** MESSAGES
***

Warning[Lt009]: Inconsistent wchar_t size
            ram_libc.o(lib_rtlstd.a) and 97 other objects in 97 different
                      libraries have wchar_t size 16 bits
            ada_conf.o and 489 other objects, some of them in rt7M_tl.a and 133
                      other libraries have wchar_t size 32 bits
Warning[Lt010]: Inconsistent enum container size
            ada_conf.o and 78 other objects uses smallest possible
            airkiss.o and 146 other objects, some of them in lib_wlan.a and 12
                      other libraries uses word size


*******************************************************************************
*** RUNTIME MODEL ATTRIBUTES
***

CppFlavor                     = *
__CPP_Exceptions              = *
__CPP_Language                = C++14
__Heap_Handler                = DLMalloc
__SystemLibrary               = DLib
__dlib_dynamic_initialization = normal
__dlib_version                = 6


*******************************************************************************
*** HEAP SELECTION
***

The advanced heap was selected because the application calls memory
allocation functions outside of system library functions, and there
are calls to deallocation functions in the application.


*******************************************************************************
*** PLACEMENT SUMMARY
***

define block .ram_image2.entry
   with fixed order {
      section .image2.entry.data*, section .image2.validate.rodata* };
define block SHT$$PREINIT_ARRAY { preinit_array };
define block __iar_tls$$INIT_ARRAY { init_array };
define block SHT$$INIT_ARRAY { block __iar_tls$$INIT_ARRAY };
define block CPP_INIT
   with fixed order { block SHT$$PREINIT_ARRAY, block SHT$$INIT_ARRAY };
define block .ram.data
   with fixed order {
      section .data*, section DATA, section .iar.init_table,
      section __DLIB_PERTHREAD, block CPP_INIT, section .mdns.data,
      section .mdns.text };
define block SSL_DATA with fixed order { section .ssl.data* };
define block AYLA_DATA with fixed order { section .ayla.data* };
define block .ram.text with fixed order { section .image2.ram.text* };
define block IMAGE2
   with fixed order {
      block .ram_image2.entry, block .ram.data, block SSL_DATA,
      block AYLA_DATA, block .ram.text };
define block .ram_image2.bss with fixed order { section .bss*, section COMMON };
define block AYLA_BSS with fixed order { section .ayla.bss* };
define block SSL_BSS with fixed order { section .ssl.bss* };
define block .ram_image2.skb.bss with fixed order { section .bdsram.data* };
define block .ram_heap.data with fixed order { section .bfsram.data* };
"A3":  place at start of [from 0x10005000 to 0x1003dfff] {
          rw, block IMAGE2, block .ram_image2.bss, block AYLA_BSS,
          block SSL_BSS, block .ram_image2.skb.bss, block .ram_heap.data,
          section .heap.stdlib };
define block Bootloader with fixed order { section LOADER };
define block .xip_image1.text with fixed order { section .flashboot.text* };
"A4":  place at start of [from 0x08000020 to 0x08003fff] {
          block Bootloader, rw, block .xip_image1.text };
define block .xip_image2.text
   with fixed order {
      section .img2_custom_signature*, section .text*, section .rodata*,
      section .debug_trace, section CODE, section Veneer };
"A5":  place at start of [from 0x0800b020 to 0x080fffff] {
          rw, block .xip_image2.text };
keep { section .image2.entry.data* };
keep { section .image2.validate.rodata* };

No sections matched the following patterns:

  init_array                        in block __iar_tls$$INIT_ARRAY
  preinit_array                     in block SHT$$PREINIT_ARRAY
  section .boot.ram.bss*            in block .ram_image1.bss
  section .boot.ram.data*           in block .ram_image1.data
  section .boot.ram.text*           in block .ram_image1.text
  section .boot.rodata*             in block .ram_image1.text
  section .debug_trace              in block .xip_image2.text
  section .flashboot.text*          in block .xip_image1.text
  section .hal.rom.bss*             in block .hal.rom.bss
  section .iar.init_table           in block .ram.data
  section .image1.entry.data*       in block .ram_image1.entry
  section .image1.validate.rodata*  in block .ram_image1.entry
  section .libc.ram.bss*            in block .hal.rom.bss
  section .ram_vector_table1        in block .hal.rom.bss
  section .ram_vector_table2        in block .hal.rom.bss
  section .ram_vector_table3        in block .hal.rom.bss
  section .rdp.ram.data*            in block .RDP_RAM
  section .rdp.ram.text*            in block .RDP_RAM
  section .rom.rodata               in "A0"
  section .rom.text                 in "A0"
  section .ssl_ram_map*             in block .hal.rom.bss
  section .wlan_ram_map*            in block .hal.rom.bss
  section COMMON                    in block .ram_image2.bss
  section DATA                      in block .ram.data
  section Veneer                    in block .xip_image2.text
  section __DLIB_PERTHREAD          in block .ram.data


  Section                 Kind        Address     Size  Object
  -------                 ----        -------     ----  ------
"A4":                                           0x1110
  Bootloader                       0x08000020   0x1110  <Block>
    LOADER                const    0x08000020   0x1110  boot_all.bin [1]
                                 - 0x08001130   0x1110

"A5":                                          0x82be0
  .xip_image2.text                 0x0800b020  0x82be0  <Block>
    .img2_custom_signature
                          const    0x0800b020     0x20  rtl8710b_ota.o [2]
    Veneer                ro code  0x0800b040      0x8  - Linker created -
    Veneer                ro code  0x0800b048      0x8  - Linker created -
    .text                 ro code  0x0800b050    0xfb8  sha512.o [2]
    .text                 ro code  0x0800c008     0xa6  ABImemcpy.o [16]
    .text                 ro code  0x0800c0ae     0x1e  xsscin.o [4]
    Veneer                ro code  0x0800c0cc      0x8  - Linker created -
    Veneer                ro code  0x0800c0d4      0x8  - Linker created -
    Veneer                ro code  0x0800c0dc      0x8  - Linker created -
    .text                 ro code  0x0800c0e4    0x644  ada_conf.o [2]
    .text                 ro code  0x0800c728   0x25bc  conf.o [2]
    Veneer                ro code  0x0800ece4      0x8  - Linker created -
    .text                 ro code  0x0800ecec    0x178  conf_table.o [2]
    .text                 ro code  0x0800ee64    0x1d0  stubs.o [2]
    Veneer                ro code  0x0800f034      0x8  - Linker created -
    .text                 ro code  0x0800f03c    0x8fc  tasks.o [2]
    Veneer                ro code  0x0800f938      0x8  - Linker created -
    .text                 ro code  0x0800f940   0x14a0  adw_wifi_conf.o [2]
    .text                 ro code  0x08010de0    0x544  Ayla_demo_common.o [2]
    .text                 ro code  0x08011324    0x3e4  Ayla_demo_conf.o [2]
    .text                 ro code  0x08011708    0xa8c  net_realtek.o [2]
    Veneer                ro code  0x08012194      0x8  - Linker created -
    Veneer                ro code  0x0801219c      0x8  - Linker created -
    Veneer                ro code  0x080121a4      0x8  - Linker created -
    Veneer                ro code  0x080121ac      0x8  - Linker created -
    Veneer                ro code  0x080121b4      0x8  - Linker created -
    Veneer                ro code  0x080121bc      0x8  - Linker created -
    Veneer                ro code  0x080121c4      0x8  - Linker created -
    Veneer                ro code  0x080121cc      0x8  - Linker created -
    .text                 ro code  0x080121d4    0x1a4  ram_libc.o [9]
    .text                 ro code  0x08012378    0x69c  prop_mgr.o [2]
    .text                 ro code  0x08012a14    0x47c  sys_conf.o [2]
    .text                 ro code  0x08012e90    0x374  log.o [2]
    .text                 ro code  0x08013204     0x4a  strcmp.o [16]
    .text                 ro code  0x0801324e     0x1a  xsnprout.o [4]
    .text                 ro code  0x08013268     0x44  snprintf.o [4]
    .text                 ro code  0x080132ac     0x16  strchr.o [16]
    .text                 ro code  0x080132c4     0x36  strlen.o [16]
    .text                 ro code  0x080132fc    0x174  iar_Stoulx.o [4]
    .text                 ro code  0x08013470    0x6c8  conf_flash.o [2]
    .text                 ro code  0x08013b38      0x6  ABImemclr.o [16]
    .text                 ro code  0x08013b3e    0x1ae  utf8.o [2]
    .text                 ro code  0x08013cec     0x28  printf.o [4]
    .text                 ro code  0x08013d14     0x68  memcmp.o [16]
    .text                 ro code  0x08013d7c     0x40  crc8.o [2]
    .text                 ro code  0x08013dbc      0x4  heaptramp0.o [4]
    .text                 ro code  0x08013dc0    0x1d0  heap_5.o [2]
    Veneer                ro code  0x08013f90      0x8  - Linker created -
    Veneer                ro code  0x08013f98      0x8  - Linker created -
    .text                 ro code  0x08013fa0    0x9a4  Ayla_demo_ledevb.o [2]
    .text                 ro code  0x08014944    0xb48  config_allinfo.o [2]
    Veneer                ro code  0x0801548c      0x8  - Linker created -
    Veneer                ro code  0x08015494      0x8  - Linker created -
    Veneer                ro code  0x0801549c      0x8  - Linker created -
    .text                 ro code  0x080154a4   0x40e4  client.o [2]
    .text                 ro code  0x08019588    0x864  client_conf.o [2]
    .text                 ro code  0x08019dec    0x718  server_req.o [2]
    Veneer                ro code  0x0801a504      0x8  - Linker created -
    Veneer                ro code  0x0801a50c      0x8  - Linker created -
    Veneer                ro code  0x0801a514      0x8  - Linker created -
    Veneer                ro code  0x0801a51c      0x8  - Linker created -
    .text                 ro code  0x0801a524    0x188  sys_api.o [2]
    .text                 ro code  0x0801a6ac    0x5c4  osdep_service.o [2]
    .text                 ro code  0x0801ac70     0x90  list.o [2]
    .text                 ro code  0x0801ad00    0x128  port.o [2]
    .text                 ro code  0x0801ae28    0x36c  timers.o [2]
    Veneer                ro code  0x0801b194      0x8  - Linker created -
    Veneer                ro code  0x0801b19c      0x8  - Linker created -
    Veneer                ro code  0x0801b1a4      0x8  - Linker created -
    Veneer                ro code  0x0801b1ac      0x8  - Linker created -
    Veneer                ro code  0x0801b1b4      0x8  - Linker created -
    .text                 ro code  0x0801b1bc    0x5c4  rtl8710b_freertos_pmu.o [7]
    .text                 ro code  0x0801b780    0x8a8  wifi_ameba.o [2]
    Veneer                ro code  0x0801c028      0x8  - Linker created -
    .text                 ro code  0x0801c030   0x1a48  wifi.o [2]
    .text                 ro code  0x0801da78   0x25f8  wifi_page.o [2]
    .text                 ro code  0x08020070     0xc6  parse_mac.o [2]
    .text                 ro code  0x08020136     0x68  parse_hex.o [2]
    .text                 ro code  0x080201a0     0xb4  wifi_airkiss.o [2]
    .text                 ro code  0x08020254     0x2c  clock.o [2]
    .text                 ro code  0x08020280    0x180  clock_fmt.o [2]
    .text                 ro code  0x08020400     0xd4  clock_sw.o [2]
    .text                 ro code  0x080204d4    0x5a4  clock_utils.o [2]
    .text                 ro code  0x08020a78    0x178  Ayla_demo_wifi.o [2]
    Veneer                ro code  0x08020bf0      0x8  - Linker created -
    Veneer                ro code  0x08020bf8      0x8  - Linker created -
    Veneer                ro code  0x08020c00      0x8  - Linker created -
    .text                 ro code  0x08020c08    0x3ec  client_task.o [2]
    Veneer                ro code  0x08020ff4      0x8  - Linker created -
    .text                 ro code  0x08020ffc    0x5bc  Ayla_demo_ota.o [2]
    .text                 ro code  0x080215b8    0x3f0  lwip_netconf.o [2]
    .text                 ro code  0x080219a8     0xf4  Ayla_demo_sched.o [2]
    .text                 ro code  0x08021a9c     0x72  parse_argv.o [2]
    .text                 ro code  0x08021b0e     0x28  cmd_handle.o [2]
    Veneer                ro code  0x08021b38      0x8  - Linker created -
    Veneer                ro code  0x08021b40      0x8  - Linker created -
    .text                 ro code  0x08021b48    0x46c  log_service.o [2]
    .text                 ro code  0x08021fb4     0x1c  ada_lock.o [2]
    .text                 ro code  0x08021fd0    0x4a6  queue.o [2]
    .text                 ro code  0x08022476     0xe6  timer.o [2]
    .text                 ro code  0x0802255c   0x1130  sockets.o [2]
    .text                 ro code  0x0802368c     0x2e  def.o [2]
    .text                 ro code  0x080236bc    0x744  dns.o [2]
    .text                 ro code  0x08023e00     0x1c  malloc.o [2]
    .text                 ro code  0x08023e1c    0x204  net_mbuf.o [2]
    Veneer                ro code  0x08024020      0x8  - Linker created -
    .text                 ro code  0x08024028    0x104  ram_libgloss_retarget.o [9]
    .text                 ro code  0x0802412c    0x944  client_prop.o [2]
    .text                 ro code  0x08024a70    0x2b0  base64.o [2]
    .text                 ro code  0x08024d20     0x14  lookup_by_val.o [2]
    .text                 ro code  0x08024d34     0x3c  vsnprint.o [4]
    .text                 ro code  0x08024d70    0x330  log_cmd.o [2]
    .text                 ro code  0x080250a0    0xe22  xprintffull_nomb.o [4]
    .text                 ro code  0x08025ec4     0x58  memchr.o [16]
    .text                 ro code  0x08025f1c     0xa8  device_lock.o [2]
    Veneer                ro code  0x08025fc4      0x8  - Linker created -
    Veneer                ro code  0x08025fcc      0x8  - Linker created -
    Veneer                ro code  0x08025fd4      0x8  - Linker created -
    .text                 ro code  0x08025fdc    0x340  flash_api.o [2]
    .text                 ro code  0x0802631c     0x66  ABImemset.o [16]
    .text                 ro code  0x08026384    0x570  dlmalloc.o [4]
    Veneer                ro code  0x080268f4      0x8  - Linker created -
    Veneer                ro code  0x080268fc      0x8  - Linker created -
    Veneer                ro code  0x08026904      0x8  - Linker created -
    Veneer                ro code  0x0802690c      0x8  - Linker created -
    Veneer                ro code  0x08026914      0x8  - Linker created -
    Veneer                ro code  0x0802691c      0x8  - Linker created -
    Veneer                ro code  0x08026924      0x8  - Linker created -
    Veneer                ro code  0x0802692c      0x8  - Linker created -
    Veneer                ro code  0x08026934      0x8  - Linker created -
    Veneer                ro code  0x0802693c      0x8  - Linker created -
    Veneer                ro code  0x08026944      0x8  - Linker created -
    Veneer                ro code  0x0802694c      0x8  - Linker created -
    .text                 ro code  0x08026954    0x10c  system_8195a.o [7]
    .text                 ro code  0x08026a60    0x5fc  sprop.o [2]
    .text                 ro code  0x0802705c     0xa8  Ayla_demo_ledkey.o [2]
    .text                 ro code  0x08027104     0x30  hostname_valid.o [2]
    .text                 ro code  0x08027134    0x344  client_auth.o [2]
    .text                 ro code  0x08027478     0x56  strcasecmp.o [4]
    .text                 ro code  0x080274d0   0x14ac  client_ota.o [2]
    .text                 ro code  0x0802897c    0x1ec  ip_addr.o [2]
    .text                 ro code  0x08028b68   0x1670  http_client.o [2]
    .text                 ro code  0x0802a1d8     0x8e  uri_encode.o [2]
    .text                 ro code  0x0802a266    0x2f2  jsmn.o [2]
    .text                 ro code  0x0802a558    0x188  jsmn_get.o [2]
    .text                 ro code  0x0802a6e0   0x1738  notify.o [2]
    .text                 ro code  0x0802be18   0x2d64  lan.o [2]
    .text                 ro code  0x0802eb7c    0x55c  xml.o [2]
    .text                 ro code  0x0802f0d8   0x11dc  ssl.o [2]
    .text                 ro code  0x080302b4    0x180  xml_encode.o [2]
    .text                 ro code  0x08030434     0x24  ameba_conf.o [2]
    .text                 ro code  0x08030458     0x54  format_mac.o [2]
    .text                 ro code  0x080304ac     0x74  crc.o [2]
    .text                 ro code  0x08030520    0x894  server.o [2]
    .text                 ro code  0x08030db4     0x9c  uri_decode.o [2]
    .text                 ro code  0x08030e50     0x1a  lookup_by_name.o [2]
    Veneer                ro code  0x08030e6c      0x8  - Linker created -
    Veneer                ro code  0x08030e74      0x8  - Linker created -
    Veneer                ro code  0x08030e7c      0x8  - Linker created -
    Veneer                ro code  0x08030e84      0x8  - Linker created -
    Veneer                ro code  0x08030e8c      0x8  - Linker created -
    Veneer                ro code  0x08030e94      0x8  - Linker created -
    .text                 ro code  0x08030e9c    0x3e0  rtc_api.o [2]
    .text                 ro code  0x0803127c     0x38  port.o [2]
    Veneer                ro code  0x080312b4      0x8  - Linker created -
    Veneer                ro code  0x080312bc      0x8  - Linker created -
    Veneer                ro code  0x080312c4      0x8  - Linker created -
    Veneer                ro code  0x080312cc      0x8  - Linker created -
    Veneer                ro code  0x080312d4      0x8  - Linker created -
    Veneer                ro code  0x080312dc      0x8  - Linker created -
    Veneer                ro code  0x080312e4      0x8  - Linker created -
    Veneer                ro code  0x080312ec      0x8  - Linker created -
    Veneer                ro code  0x080312f4      0x8  - Linker created -
    Veneer                ro code  0x080312fc      0x8  - Linker created -
    Veneer                ro code  0x08031304      0x8  - Linker created -
    Veneer                ro code  0x0803130c      0x8  - Linker created -
    Veneer                ro code  0x08031314      0x8  - Linker created -
    Veneer                ro code  0x0803131c      0x8  - Linker created -
    Veneer                ro code  0x08031324      0x8  - Linker created -
    Veneer                ro code  0x0803132c      0x8  - Linker created -
    Veneer                ro code  0x08031334      0x8  - Linker created -
    Veneer                ro code  0x0803133c      0x8  - Linker created -
    Veneer                ro code  0x08031344      0x8  - Linker created -
    Veneer                ro code  0x0803134c      0x8  - Linker created -
    Veneer                ro code  0x08031354      0x8  - Linker created -
    Veneer                ro code  0x0803135c      0x8  - Linker created -
    Veneer                ro code  0x08031364      0x8  - Linker created -
    Veneer                ro code  0x0803136c      0x8  - Linker created -
    .text                 ro code  0x08031374    0x694  rtl8710b_psm.o [7]
    .text                 ro code  0x08031a08   0x17ea  wifi_conf.o [2]
    .text                 ro code  0x080331f4    0xa72  dhcps.o [2]
    .text                 ro code  0x08033c68    0x1ba  netif.o [2]
    .text                 ro code  0x08033e24    0xa50  httpd_core.o [5]
    .text                 ro code  0x08034874      0xa  ipaddr_fmt.o [2]
    .text                 ro code  0x08034880    0x1d8  json_format_string.o [2]
    .text                 ro code  0x08034a58    0x1b4  iar_Stoullx.o [4]
    .text                 ro code  0x08034c0c    0xa90  airkiss.o [2]
    .text                 ro code  0x0803569c    0x22e  I64DivMod.o [16]
    .text                 ro code  0x080358cc    0x630  dnss.o [2]
    .text                 ro code  0x08035efc     0x1c  platform.o [2]
    .text                 ro code  0x08035f18    0x4cc  log_page.o [2]
    Veneer                ro code  0x080363e4      0x8  - Linker created -
    Veneer                ro code  0x080363ec      0x8  - Linker created -
    Veneer                ro code  0x080363f4      0x8  - Linker created -
    .text                 ro code  0x080363fc   0x1084  rtl8710b_ota.o [2]
    .text                 ro code  0x08037480    0x208  tcpip.o [2]
    .text                 ro code  0x08037688     0xe8  wifi_ind.o [2]
    .text                 ro code  0x08037770   0x1152  dhcp.o [2]
    .text                 ro code  0x080388c4    0x2fc  autoip.o [2]
    .text                 ro code  0x08038bc0    0x6f0  sched.o [2]
    .text                 ro code  0x080392b0   0x1098  wifi_util.o [2]
    .text                 ro code  0x0803a348   0x17b8  atcmd_wifi.o [2]
    .text                 ro code  0x0803bb00    0x1f2  sys_arch.o [2]
    .text                 ro code  0x0803bcf4    0x500  api_lib.o [2]
    .text                 ro code  0x0803c1f4    0x4f4  pbuf.o [2]
    .text                 ro code  0x0803c6e8     0x72  netbuf.o [2]
    .text                 ro code  0x0803c75c    0x4a0  igmp.o [2]
    .text                 ro code  0x0803cbfc    0x440  udp.o [2]
    .text                 ro code  0x0803d03c     0xb0  rand.o [4]
    .text                 ro code  0x0803d0ec     0x14  memset.o [16]
    .text                 ro code  0x0803d100     0x78  log_io.o [2]
    .text                 ro code  0x0803d178     0x70  ada_err.o [2]
    .text                 ro code  0x0803d1e8     0x40  xfail_s.o [4]
    .text                 ro code  0x0803d228    0x1a2  DblMul.o [15]
    .text                 ro code  0x0803d3cc     0x70  frexp.o [15]
    .text                 ro code  0x0803d43c     0x2e  DblCmpLe.o [15]
    .text                 ro code  0x0803d46c     0x2e  DblCmpGe.o [15]
    .text                 ro code  0x0803d49c    0x13a  ldexp.o [15]
    .text                 ro code  0x0803d5d8     0x3a  DblToS32.o [15]
    .text                 ro code  0x0803d614     0x22  S32ToDbl.o [15]
    .text                 ro code  0x0803d638     0xe2  DblSub.o [15]
    .text                 ro code  0x0803d71c    0x246  DblDiv.o [15]
    .text                 ro code  0x0803d964     0x28  DblToU32.o [15]
    .text                 ro code  0x0803d98c     0x1a  U32ToDbl.o [15]
    .text                 ro code  0x0803d9a6      0x6  abort.o [4]
    Veneer                ro code  0x0803d9ac      0x8  - Linker created -
    Veneer                ro code  0x0803d9b4      0x8  - Linker created -
    .text                 ro code  0x0803d9bc    0x12c  gpio_api.o [2]
    .text                 ro code  0x0803dae8    0x1f4  pk.o [2]
    .text                 ro code  0x0803dcdc    0x16c  pkparse.o [2]
    .text                 ro code  0x0803de48    0xac0  rsa.o [2]
    .text                 ro code  0x0803e908      0xc  tolower.o [4]
    .text                 ro code  0x0803e914    0xbf8  sha256.o [2]
    .text                 ro code  0x0803f50c   0x2a06  aes.o [2]
[...]
vApplicationIdleHook    0x0801adcd      0x2  Code  Gb  port.o [2]
vApplicationStackOverflowHook
                        0x0801add1     0x10  Code  Gb  port.o [2]
vApplicationStackOverflowHook::__FUNCTION__
                        0x0801ade0     0x20  Data  Lc  port.o [2]
vListInitialise         0x0801ac71     0x1a  Code  Gb  list.o [2]
vListInitialiseItem     0x0801ac8b      0x6  Code  Gb  list.o [2]
vListInsert             0x0801aca9     0x34  Code  Gb  list.o [2]
vListInsertEnd          0x0801ac91     0x18  Code  Gb  list.o [2]
vPortClearInterruptMask
                        0x0808dbab           Code  Gb  portasm.o [2]
vPortDefineHeapRegions  0x08013f1b     0x64  Code  Gb  heap_5.o [2]
vPortEnableVFP          0x0808dbe5           Code  Gb  portasm.o [2]
vPortEnterCritical      0x0801ad73     0x18  Code  Gb  port.o [2]
vPortExitCritical       0x0801ad8b     0x10  Code  Gb  port.o [2]
vPortFree               0x08013eb3     0x18  Code  Gb  heap_5.o [2]
vPortSVCHandler         0x0808dbb1           Code  Gb  portasm.o [2]
vPortStartFirstTask     0x0808dbcd           Code  Gb  portasm.o [2]
vPortSuppressTicksAndSleep
                        0x0801b595     0x4a  Code  Gb  rtl8710b_freertos_pmu.o [7]
vPortYield              0x0801ad61     0x12  Code  Gb  port.o [2]
vQueueDelete            0x08022331     0x16  Code  Gb  queue.o [2]
vQueueWaitForMessageRestricted
                        0x0802243b     0x3c  Code  Gb  queue.o [2]
vTaskDelay              0x0800f21b     0x3c  Code  Gb  tasks.o [2]
vTaskDelete             0x0800f1a7     0x6c  Code  Gb  tasks.o [2]
vTaskGetCurrentTCB      0x0800f907      0x2  Code  Gb  tasks.o [2]
vTaskMissedYield        0x0800f701      0x8  Code  Gb  tasks.o [2]
vTaskPlaceOnEventList   0x0800f5e3     0x34  Code  Gb  tasks.o [2]
vTaskPlaceOnEventListRestricted
                        0x0800f631     0x2c  Code  Gb  tasks.o [2]
vTaskPriorityInherit    0x0800f80f     0x7e  Code  Gb  tasks.o [2]
vTaskPrioritySet        0x0800f26b     0xa2  Code  Gb  tasks.o [2]
vTaskResume             0x0800f33b     0x54  Code  Gb  tasks.o [2]
vTaskSetTimeOutState    0x0800f6af      0xc  Code  Gb  tasks.o [2]
vTaskStartScheduler     0x0800f38f     0x4c  Code  Gb  tasks.o [2]
vTaskStepTick           0x0800f4ad      0xc  Code  Gb  tasks.o [2]
vTaskSuspendAll         0x0800f3db      0xc  Code  Gb  tasks.o [2]
vTaskSwitchContext      0x0800f56b     0x78  Code  Gb  tasks.o [2]
vTaskSwitchContext{1}{3}{6}::ucExpectedStackBytes
                        0x0800f924     0x14  Data  Lc  tasks.o [2]
valicert_cl2_sha1_1024  0x08087298    0x2ec  Data  Lc  ca_certs_der.o [2]
validate_recv_ctrl_frame
                        0x0805e943    0x162  Code  Gb  rtw_recv.o [11]
validate_recv_data_frame
                        0x0805eae1    0x204  Code  Gb  rtw_recv.o [11]
validate_recv_frame     0x0805ed03     0xb0  Code  Gb  rtw_recv.o [11]
validate_recv_mgnt_frame
                        0x0805eaa5     0x3c  Code  Gb  rtw_recv.o [11]
verify_ota_checksum     0x080369e9    0x160  Code  Gb  rtl8710b_ota.o [2]
verify_ota_checksum::__FUNCTION__
                        0x08036b50     0x14  Data  Lc  rtl8710b_ota.o [2]
version                 0x1000b704     0x3c  Data  Lc  Ayla_demo_ledevb.o [2]
vsnprintf               0x08024d35     0x3c  Code  Gb  vsnprint.o [4]
wakelock                0x1000597c      0x4  Data  Lc  rtl8710b_freertos_pmu.o [7]
wakeup_sta_to_xmit      0x08067e4f    0x1c6  Code  Gb  rtw_xmit.o [11]
wakeup_time_ms          0x10005984      0x4  Data  Lc  rtl8710b_freertos_pmu.o [7]
wep_80211_decrypt {Abs}
                        0x000158e1           Data  Gb  command line/config [3]
wep_80211_encrypt {Abs}
                        0x0001587d           Data  Gb  command line/config [3]
wext_disable_powersave  0x080397f1     0x72  Code  Gb  wifi_util.o [2]
wext_enable_powersave   0x08039779     0x76  Code  Gb  wifi_util.o [2]
wext_get_channel        0x08039cf7     0x44  Code  Gb  wifi_util.o [2]
wext_get_enc_ext        0x080395fd     0x76  Code  Gb  wifi_util.o [2]
wext_get_lps_dtim       0x08039949     0x7c  Code  Gb  wifi_util.o [2]
wext_get_lps_dtim::__func__
                        0x080399cc     0x14  Data  Lc  wifi_util.o [2]
wext_get_mode           0x08039b25     0x40  Code  Gb  wifi_util.o [2]
wext_get_passphrase     0x08039709     0x46  Code  Gb  wifi_util.o [2]
wext_get_rssi           0x08039bd5     0x44  Code  Gb  wifi_util.o [2]
wext_get_scan           0x08039d87     0x3a  Code  Gb  wifi_util.o [2]
wext_get_ssid           0x080392b1     0x62  Code  Gb  wifi_util.o [2]
wext_private_command    0x08039dc1    0x106  Code  Gb  wifi_util.o [2]
wext_set_adaptivity     0x0803a087     0x20  Code  Gb  wifi_util.o [2]
wext_set_ap_ssid        0x08039b65     0x4c  Code  Gb  wifi_util.o [2]
wext_set_auth_param     0x08039459     0x48  Code  Gb  wifi_util.o [2]
wext_set_autoreconnect  0x0803a00f     0x72  Code  Gb  wifi_util.o [2]
wext_set_bssid          0x080393b1     0x60  Code  Gb  wifi_util.o [2]
wext_set_channel        0x08039cb1     0x46  Code  Gb  wifi_util.o [2]
wext_set_key_ext        0x080394d5    0x100  Code  Gb  wifi_util.o [2]
wext_set_lps_dtim       0x080398e1     0x5e  Code  Gb  wifi_util.o [2]
wext_set_mode           0x08039ae9     0x3c  Code  Gb  wifi_util.o [2]
wext_set_passphrase     0x08039695     0x4a  Code  Gb  wifi_util.o [2]
wext_set_pscan_channel  0x08039c19     0x92  Code  Gb  wifi_util.o [2]
wext_set_scan           0x08039d3b     0x4c  Code  Gb  wifi_util.o [2]
wext_set_ssid           0x08039349     0x4c  Code  Gb  wifi_util.o [2]
wext_set_tdma_param     0x08039865     0x7c  Code  Gb  wifi_util.o [2]
wext_set_tos_value      0x080399ed     0x9e  Code  Gb  wifi_util.o [2]
wext_wlan_indicate      0x08039ecd    0x142  Code  Gb  wifi_util.o [2]
wifi                    0x100055a4     0x38  Data  Lc  atcmd_wifi.o [2]
wifi_ap_sta_assoc_hdl   0x08032679      0x2  Code  Lc  wifi_conf.o [2]
wifi_ap_sta_disassoc_hdl
                        0x0803267b      0x2  Code  Lc  wifi_conf.o [2]
wifi_autoreconnect_hdl  0x08032e71     0x36  Code  Gb  wifi_conf.o [2]
wifi_autoreconnect_hdl::param
                        0x10013170     0x18  Data  Lc  wifi_conf.o [2]
wifi_autoreconnect_thread
                        0x08032e01     0x6a  Code  Lc  wifi_conf.o [2]
wifi_cli_help           0x08086804     0x10  Data  Lc  Ayla_demo_conf.o [2]
wifi_connect            0x08031da7    0x2ce  Code  Gb  wifi_conf.o [2]
wifi_connect_bssid      0x080320cd    0x1e8  Code  Gb  wifi_conf.o [2]
wifi_connect_bssid_local
                        0x08031b2d    0x164  Code  Lc  wifi_conf.o [2]
wifi_connect_local      0x08031a09    0x124  Code  Lc  wifi_conf.o [2]
wifi_connected_hdl      0x08031cd5     0x48  Code  Lc  wifi_conf.o [2]
wifi_disable_powersave  0x0803236b      0x8  Code  Gb  wifi_conf.o [2]
wifi_disconn_hdl        0x08031d35     0x72  Code  Lc  wifi_conf.o [2]
wifi_disconnect         0x080322f5     0x22  Code  Gb  wifi_conf.o [2]
wifi_disconnect::null_bssid
                        0x08032318      0x8  Data  Lc  wifi_conf.o [2]
wifi_enter_promisc_mode
                        0x08032dab     0x4e  Code  Gb  wifi_conf.o [2]
wifi_get_associated_client_list
                        0x08032375     0x3c  Code  Gb  wifi_conf.o [2]
wifi_get_lps_dtim       0x0803266f      0xa  Code  Gb  wifi_conf.o [2]
wifi_get_rssi           0x080323cb      0xa  Code  Gb  wifi_conf.o [2]
wifi_get_setting        0x08032c3d     0xae  Code  Gb  wifi_conf.o [2]
wifi_handshake_done_hdl
                        0x08031d1d     0x18  Code  Lc  wifi_conf.o [2]
wifi_html_txt           0x0808b544    0x158  Data  Gb  wifi.html.o [2]
wifi_html_txt_len       0x1000bc94      0x4  Data  Gb  wifi.html.o [2]
wifi_indication         0x08037689     0x5a  Code  Gb  wifi_ind.o [2]
wifi_init_packet_filter
                        0x08032ef5      0x4  Code  Gb  wifi_conf.o [2]
wifi_is_connected_to_ap
                        0x08032351      0x4  Code  Gb  wifi_conf.o [2]
wifi_is_up              0x08032355     0x16  Code  Gb  wifi_conf.o [2]
wifi_js_txt             0x0808b69c   0x1808  Data  Gb  wifi.js.o [2]
wifi_js_txt_len         0x1000bc98      0x4  Data  Gb  wifi.js.o [2]
wifi_mac_hash           0x0805960d     0x2a  Code  Lc  rtw_sta_mgt.o [11]
wifi_mode               0x100055dc      0x4  Data  Gb  atcmd_wifi.o [2]
wifi_no_network_hdl     0x08031cc7      0xe  Code  Lc  wifi_conf.o [2]
wifi_off                0x08032551     0x88  Code  Gb  wifi_conf.o [2]
wifi_on                 0x080323e9     0xe0  Code  Gb  wifi_conf.o [2]
wifi_on::event_init     0x1001316c      0x4  Data  Lc  wifi_conf.o [2]
wifi_reg_event_handler  0x080376e3     0x44  Code  Gb  wifi_ind.o [2]
wifi_rx_beacon_hdl      0x08031cc5      0x2  Code  Gb  wifi_conf.o [2]
wifi_scan               0x08032951     0x74  Code  Gb  wifi_conf.o [2]
wifi_scan_done_hdl      0x080328e5     0x6c  Code  Gb  wifi_conf.o [2]
wifi_scan_each_report_hdl
                        0x08032765    0x170  Code  Gb  wifi_conf.o [2]
wifi_scan_networks      0x08032b6f     0xb4  Code  Gb  wifi_conf.o [2]
wifi_scan_networks_with_ssid
                        0x080329c5    0x1a4  Code  Gb  wifi_conf.o [2]
wifi_set_autoreconnect  0x08032ea9      0xc  Code  Gb  wifi_conf.o [2]
wifi_set_channel        0x080323d5      0xa  Code  Gb  wifi_conf.o [2]
wifi_set_lps_dtim       0x08032665      0xa  Code  Gb  wifi_conf.o [2]
wifi_set_power_mode     0x08032645      0x4  Code  Gb  wifi_conf.o [2]
wifi_set_promisc        0x08032da7      0x4  Code  Gb  wifi_conf.o [2]
wifi_set_pscan_chan     0x08032c29     0x12  Code  Gb  wifi_conf.o [2]
wifi_set_tdma_param     0x08032651     0x14  Code  Gb  wifi_conf.o [2]
wifi_show_setting       0x08032cf5     0xa6  Code  Gb  wifi_conf.o [2]
wifi_start_ap           0x08032681     0xc4  Code  Gb  wifi_conf.o [2]
wifi_unreg_event_handler
                        0x08037727     0x38  Code  Gb  wifi_ind.o [2]
wifirate2_ratetbl_inx {Abs}
                        0x00017015           Data  Gb  command line/config [3]
wireless_send_event     0x0806c91b      0xa  Code  Gb  freertos_ioctl.o [11]
wlan_intf_v4            0x10014a10    0x774  Data  Lc  mDNSPosixOverwrite.o [6]
wlan_network            0x08082d0d     0x3a  Code  Gb  wlan_network.o [2]
wlan_network::__FUNCTION__
                        0x08082d80     0x10  Data  Lc  wlan_network.o [2]
wlancmds                0x0805aabc    0x1f8  Data  Gb  rtw_cmd.o [11]
wlanevents              0x0806539c     0xc0  Data  Lc  rtw_mlme_ext.o [11]
wlanhdr_to_ethhdr       0x0805edb3    0x126  Code  Gb  rtw_recv.o [11]
wpa_global_PSK          0x1001473c     0x50  Data  Gb  rtw_psk.o [11]
wpa_set_encryption      0x0806cb15    0x180  Code  Lc  freertos_ioctl.o [11]
wrapper_skbbuf_list     0x100149b4      0x8  Data  Lc  freertos_skbuff.o [11]
write_cam               0x080580f5     0x10  Code  Gb  rtw_wlan_util.o [11]
write_cam_rom {Abs}     0x00016f0d           Data  Gb  command line/config [3]
wsw_head                0x10017fe8      0x4  Data  Lc  wifi_page.o [2]
x509_check_wildcard     0x08046abd     0x4a  Code  Lc  x509_crt.o [2]
x509_crt_check_parent   0x08046b87     0x52  Code  Lc  x509_crt.o [2]
x509_crt_parse_der_core
                        0x08045e01    0x2be  Code  Lc  x509_crt.o [2]
x509_crt_verify_child   0x08046d75    0x1e2  Code  Lc  x509_crt.o [2]
x509_crt_verify_top     0x08046bd9    0x192  Code  Lc  x509_crt.o [2]
x509_date_is_valid      0x08055cb5     0x70  Code  Lc  x509.o [2]
x509_get_attr_type_value
                        0x08055b73     0x90  Code  Lc  x509.o [2]
x509_get_crt_ext        0x08045bfd    0x1e6  Code  Lc  x509_crt.o [2]
x509_get_subject_alt_name
                        0x08045b4f     0xae  Code  Lc  x509_crt.o [2]
x509_get_uid            0x08045b19     0x36  Code  Lc  x509_crt.o [2]
x509_info_cert_type     0x08046175     0xd8  Code  Lc  x509_crt.o [2]
x509_info_key_usage     0x080462c1     0xf0  Code  Lc  x509_crt.o [2]
x509_memcasecmp         0x08046a8d     0x30  Code  Lc  x509_crt.o [2]
x509_name_cmp           0x08046b07     0x7a  Code  Lc  x509_crt.o [2]
x509_parse_int          0x08055c81     0x34  Code  Lc  x509.o [2]
x509_profile_check_key  0x08045af7     0x22  Code  Lc  x509_crt.o [2]
x509_profile_check_md_alg
                        0x08045ad3     0x10  Code  Lc  x509_crt.o [2]
x509_profile_check_pk_alg
                        0x08045ae3      0xe  Code  Lc  x509_crt.o [2]
xActiveTimerList1       0x10013120     0x14  Data  Lc  timers.o [2]
xActiveTimerList2       0x10013134     0x14  Data  Lc  timers.o [2]
xBlockAllocatedBit      0x1000581c      0x4  Data  Lc  heap_5.o [2]
xDelayedTaskList1       0x100058f4     0x14  Data  Lc  tasks.o [2]
xDelayedTaskList2       0x10005908     0x14  Data  Lc  tasks.o [2]
xFreeBytesRemaining     0x10005814      0x4  Data  Lc  heap_5.o [2]
xHeapRegions            0x100057e8     0x20  Data  Gb  heap_5.o [2]
xMCtrl {Abs}            0x10000fb8           Data  Gb  command line/config [3]
xMaximumPossibleSuppressedTicks
                        0x10005878      0x4  Data  Lc  port.o [2]
xMinimumEverFreeBytesRemaining
                        0x10005818      0x4  Data  Lc  heap_5.o [2]
xModemDebug {Abs}       0x0000e2dd           Data  Gb  command line/config [3]
xModemDebugInit {Abs}   0x0000e2a5           Data  Gb  command line/config [3]
xModemGetFirst {Abs}    0x0000e339           Data  Gb  command line/config [3]
xModemGetOthers {Abs}   0x0000e45d           Data  Gb  command line/config [3]
xModemHandshake {Abs}   0x0000e6d5           Data  Gb  command line/config [3]
xModemInquiry {Abs}     0x0000e315           Data  Gb  command line/config [3]
xModemRxBuffer {Abs}    0x0000e945           Data  Gb  command line/config [3]
xModemRxFrame {Abs}     0x0000e691           Data  Gb  command line/config [3]
xNextTaskUnblockTime    0x100058ec      0x4  Data  Lc  tasks.o [2]
xNumOfOverflows         0x100058e4      0x4  Data  Lc  tasks.o [2]
xPendingReadyList       0x10005880     0x14  Data  Lc  tasks.o [2]
xPortGetFreeHeapSize    0x08013ecb      0x6  Code  Gb  heap_5.o [2]
xPortPendSVHandler      0x0808db61           Code  Gb  portasm.o [2]
xPortStartScheduler     0x0801ad2d     0x34  Code  Gb  port.o [2]
xPortSysTickHandler     0x0801ad9b     0x1e  Code  Gb  port.o [2]
xQueueCreateCountingSemaphore
                        0x080220b7     0x12  Code  Gb  queue.o [2]
xQueueCreateMutex       0x08022071     0x46  Code  Gb  queue.o [2]
xQueueGenericCreate     0x08022035     0x3c  Code  Gb  queue.o [2]
xQueueGenericReceive    0x08022219    0x104  Code  Gb  queue.o [2]
xQueueGenericReset      0x08021fd1     0x64  Code  Gb  queue.o [2]
xQueueGenericSend       0x080220c9     0xd8  Code  Gb  queue.o [2]
xQueueGenericSendFromISR
                        0x080221ad     0x6c  Code  Gb  queue.o [2]
xSchedulerRunning       0x100058d8      0x4  Data  Lc  tasks.o [2]
xStart                  0x10005808      0x8  Data  Lc  heap_5.o [2]
xSuspendedTaskList      0x100058b8     0x14  Data  Lc  tasks.o [2]
xTaskCheckForTimeOut    0x0800f6bb     0x46  Code  Gb  tasks.o [2]
xTaskGenericCreate      0x0800f03d    0x16a  Code  Gb  tasks.o [2]
xTaskGetCurrentTaskHandle
                        0x0800f7f7      0x2  Code  Gb  tasks.o [2]
xTaskGetSchedulerState  0x0800f7f9     0x16  Code  Gb  tasks.o [2]
xTaskGetTickCount       0x0800f479      0xc  Code  Gb  tasks.o [2]
xTaskGetTickCountFromISR
                        0x0800f48d     0x14  Code  Gb  tasks.o [2]
xTaskGetTotalTickCount  0x0800ef2f     0x28  Code  Gb  stubs.o [2]
xTaskGetTotalTickCount::high_tick
                        0x10015448      0x8  Data  Lc  stubs.o [2]
xTaskGetTotalTickCount::old_tick
                        0x10015450      0x4  Data  Lc  stubs.o [2]
xTaskIncrementTick      0x0800f4b9     0xb2  Code  Gb  tasks.o [2]
xTaskPriorityDisinherit
                        0x0800f88d     0x68  Code  Gb  tasks.o [2]
xTaskRemoveFromEventList
                        0x0800f65d     0x52  Code  Gb  tasks.o [2]
xTaskResumeAll          0x0800f3e7     0x92  Code  Gb  tasks.o [2]
xTasksWaitingTermination
                        0x10005894     0x14  Data  Lc  tasks.o [2]
xTickCount              0x100058d0      0x4  Data  Lc  tasks.o [2]
xTimerCreate            0x0801ae63     0x3c  Code  Gb  timers.o [2]
xTimerCreateTimerTask   0x0801ae29     0x3a  Code  Gb  timers.o [2]
xTimerGenericCommand    0x0801ae9f     0x9c  Code  Gb  timers.o [2]
xTimerIsTimerActive     0x0801b169     0x1a  Code  Gb  timers.o [2]
xTimerQueue             0x10013114      0x4  Data  Lc  timers.o [2]
xTimerTaskHandle        0x10013118      0x4  Data  Lc  timers.o [2]
xYieldPending           0x100058e0      0x4  Data  Lc  tasks.o [2]
xmit_delivery_enabled_frames
                        0x0806804b     0xf6  Code  Gb  rtw_xmit.o [11]
xmitframe_addmic        0x080671e7    0x17a  Code  Gb  rtw_xmit.o [11]
xmitframe_enqueue_for_sleeping_sta
                        0x08067b5b    0x18c  Code  Gb  rtw_xmit.o [11]
xmitframe_swencrypt     0x08067367     0x30  Code  Gb  rtw_xmit.o [11]
xml_add_to_dest         0x080302b5     0x2e  Code  Lc  xml_encode.o [2]
xml_decode              0x0804394d    0x170  Code  Gb  xml_decode.o [2]
xml_decode_args         0x0802ec1f     0x4c  Code  Lc  xml.o [2]
xml_encode              0x080302e5    0x116  Code  Gb  xml_encode.o [2]
xml_parse               0x0802ec6d    0x310  Code  Gb  xml.o [2]
xml_parse_init          0x0802eb7d     0x1e  Code  Gb  xml.o [2]
xml_put_arg             0x0802ebdb     0x1e  Code  Lc  xml.o [2]
xml_putc                0x0802ebbd     0x1e  Code  Lc  xml.o [2]
xml_tag_find            0x0802eb9b     0x22  Code  Lc  xml.o [2]
xml_ws                  0x0802ec03     0x1c  Code  Lc  xml.o [2]
xmodem_log_close {Abs}  0x0000e9f5           Data  Gb  command line/config [3]
xmodem_log_open {Abs}   0x0000ea01           Data  Gb  command line/config [3]
xmodem_uart_deinit {Abs}
                        0x0000eb25           Data  Gb  command line/config [3]
xmodem_uart_getc {Abs}  0x0000ec0d           Data  Gb  command line/config [3]
xmodem_uart_init {Abs}  0x0000ea39           Data  Gb  command line/config [3]
xmodem_uart_port_deinit {Abs}
                        0x0000eb99           Data  Gb  command line/config [3]
xmodem_uart_port_init {Abs}
                        0x0000eb35           Data  Gb  command line/config [3]
xmodem_uart_putc {Abs}  0x0000ec35           Data  Gb  command line/config [3]
xmodem_uart_putdata {Abs}
                        0x0000ec49           Data  Gb  command line/config [3]
xmodem_uart_readable {Abs}
                        0x0000ebdd           Data  Gb  command line/config [3]
xmodem_uart_writable {Abs}
                        0x0000ebf5           Data  Gb  command line/config [3]
xnetif                  0x1000d74c     0x80  Data  Gb  lwip_netconf.o [2]
zeroEthAddr             0x0808d5f4      0x8  Data  Gb  DNSCommon.o [6]
zeroID                  0x0808d610      0x4  Data  Gb  DNSCommon.o [6]
zeroIPPort              0x0808d5dc      0x4  Data  Gb  DNSCommon.o [6]
zeroOpaque64            0x0808d61c      0x8  Data  Gb  DNSCommon.o [6]
zero_bssid              0x0804c89c      0x8  Data  Gb  rtw_promisc.o [11]
zerov4Addr              0x0808d5e0      0x4  Data  Gb  DNSCommon.o [6]
zerov6Addr              0x0808d5e4     0x10  Data  Gb  DNSCommon.o [6]


[1] = C:\Users\wyc\Desktop\开发项目集\（2）3IN全球域1\3-21最新备份\Smart_Plug_RTK\Smart_Plug_RTK\project\realtek_amebaz_va0_example\EWARM-RELEASE\..\..\..\component\soc\realtek\8711b\misc\bsp\image
[2] = C:\Users\wyc\Desktop\开发项目集\（2）3IN全球域1\3-21最新备份\Smart_Plug_RTK\Smart_Plug_RTK\project\realtek_amebaz_va0_example\EWARM-RELEASE\Debug\Obj
[3] = command line
[4] = dl7M_tln.a
[5] = lib_http.a
[6] = lib_mdns.a
[7] = lib_platform.a
[8] = lib_rt_airkiss_algo.a
[9] = lib_rtlstd.a
[10] = lib_websocket.a
[11] = lib_wlan.a
[12] = lib_wps.a
[13] = lib_xmodem.a
[14] = libairkiss.a
[15] = m7M_tls.a
[16] = rt7M_tl.a

  525 022 bytes of readonly  code memory
   38 818 bytes of readonly  data memory
  209 194 bytes of readwrite data memory

Errors: none
Warnings: 2
