###############################################################################
#
# IAR ELF Linker V8.22.2.15995/W32 for ARM                19/Apr/2019  17:22:31
# Copyright 2007-2018 IAR Systems AB.
#
#    Output file  =  
#        C:\Users\wyc\Desktop\开发项目集\（2）3IN全球域1\3IN1\Realtek3IN1\project\realtek_amebaz_va0_example\EWARM-RELEASE\Debug\Exe\application.axf
#    Map file     =  
#        C:\Users\wyc\Desktop\开发项目集\（2）3IN全球域1\3IN1\Realtek3IN1\project\realtek_amebaz_va0_example\EWARM-RELEASE\Debug\List\application.map
#    Command line =  
#        -f C:\Users\wyc\AppData\Local\Temp\EW48E9.tmp
#        (C:\Users\wyc\Desktop\开发项目集\（2）3IN全球域1\3IN1\Realtek3IN1\project\realtek_amebaz_va0_example\EWARM-RELEASE\Debug\Obj\ada_conf.o
#        C:\Users\wyc\Desktop\开发项目集\（2）3IN全球域1\3IN1\Realtek3IN1\project\realtek_amebaz_va0_example\EWARM-RELEASE\Debug\Obj\ada_err.o
#        C:\Users\wyc\Desktop\开发项目集\（2）3IN全球域1\3IN1\Realtek3IN1\project\realtek_amebaz_va0_example\EWARM-RELEASE\Debug\Obj\ada_lock.o
#        C:\Users\wyc\Desktop\开发项目集\（2）3IN全球域1\3IN1\Realtek3IN1\project\realtek_amebaz_va0_example\EWARM-RELEASE\Debug\Obj\adw_wifi_conf.o
#        C:\Users\wyc\Desktop\开发项目集\（2）3IN全球域1\3IN1\Realtek3IN1\project\realtek_amebaz_va0_example\EWARM-RELEASE\Debug\Obj\aes.o
#        C:\Users\wyc\Desktop\开发项目集\（2）3IN全球域1\3IN1\Realtek3IN1\project\realtek_amebaz_va0_example\EWARM-RELEASE\Debug\Obj\aesni.o
#        C:\Users\wyc\Desktop\开发项目集\（2）3IN全球域1\3IN1\Realtek3IN1\project\realtek_amebaz_va0_example\EWARM-RELEASE\Debug\Obj\airkiss.o
#        C:\Users\wyc\Desktop\开发项目集\（2）3IN全球域1\3IN1\Realtek3IN1\project\realtek_amebaz_va0_example\EWARM-RELEASE\Debug\Obj\ameba_conf.o
#        C:\Users\wyc\Desktop\开发项目集\（2）3IN全球域1\3IN1\Realtek3IN1\project\realtek_amebaz_va0_example\EWARM-RELEASE\Debug\Obj\ameba_log.o
#        C:\Users\wyc\Desktop\开发项目集\（2）3IN全球域1\3IN1\Realtek3IN1\project\realtek_amebaz_va0_example\EWARM-RELEASE\Debug\Obj\analogin_api.o
#        C:\Users\wyc\Desktop\开发项目集\（2）3IN全球域1\3IN1\Realtek3IN1\project\realtek_amebaz_va0_example\EWARM-RELEASE\Debug\Obj\api_lib.o
#        C:\Users\wyc\Desktop\开发项目集\（2）3IN全球域1\3IN1\Realtek3IN1\project\realtek_amebaz_va0_example\EWARM-RELEASE\Debug\Obj\api_msg.o
#        C:\Users\wyc\Desktop\开发项目集\（2）3IN全球域1\3IN1\Realtek3IN1\project\realtek_amebaz_va0_example\EWARM-RELEASE\Debug\Obj\app_start.o
#        C:\Users\wyc\Desktop\开发项目集\（2）3IN全球域1\3IN1\Realtek3IN1\project\realtek_amebaz_va0_example\EWARM-RELEASE\Debug\Obj\arc4.o
#        C:\Users\wyc\Desktop\开发项目集\（2）3IN全球域1\3IN1\Realtek3IN1\project\realtek_amebaz_va0_example\EWARM-RELEASE\Debug\Obj\asn1parse.o
#        C:\Users\wyc\Desktop\开发项目集\（2）3IN全球域1\3IN1\Realtek3IN1\project\realtek_amebaz_va0_example\EWARM-RELEASE\Debug\Obj\asn1write.o
#        C:\Users\wyc\Desktop\开发项目集\（2）3IN全球域1\3IN1\Realtek3IN1\project\realtek_amebaz_va0_example\EWARM-RELEASE\Debug\Obj\atcmd_cloud.o
#        C:\Users\wyc\Desktop\开发项目集\（2）3IN全球域1\3IN1\Realtek3IN1\project\realtek_amebaz_va0_example\EWARM-RELEASE\Debug\Obj\atcmd_lwip.o
#        C:\Users\wyc\Desktop\开发项目集\（2）3IN全球域1\3IN1\Realtek3IN1\project\realtek_amebaz_va0_example\EWARM-RELEASE\Debug\Obj\atcmd_sys.o
#        C:\Users\wyc\Desktop\开发项目集\（2）3IN全球域1\3IN1\Realtek3IN1\project\realtek_amebaz_va0_example\EWARM-RELEASE\Debug\Obj\atcmd_wifi.o
#        C:\Users\wyc\Desktop\开发项目集\（2）3IN全球域1\3IN1\Realtek3IN1\project\realtek_amebaz_va0_example\EWARM-RELEASE\Debug\Obj\autoip.o
#        C:\Users\wyc\Desktop\开发项目集\（2）3IN全球域1\3IN1\Realtek3IN1\project\realtek_amebaz_va0_example\EWARM-RELEASE\Debug\Obj\Ayla_cloud.o
#        C:\Users\wyc\Desktop\开发项目集\（2）3IN全球域1\3IN1\Realtek3IN1\project\realtek_amebaz_va0_example\EWARM-RELEASE\Debug\Obj\Ayla_demo_common.o
#        C:\Users\wyc\Desktop\开发项目集\（2）3IN全球域1\3IN1\Realtek3IN1\project\realtek_amebaz_va0_example\EWARM-RELEASE\Debug\Obj\Ayla_demo_conf.o
#        C:\Users\wyc\Desktop\开发项目集\（2）3IN全球域1\3IN1\Realtek3IN1\project\realtek_amebaz_va0_example\EWARM-RELEASE\Debug\Obj\Ayla_demo_ledevb.o
#        C:\Users\wyc\Desktop\开发项目集\（2）3IN全球域1\3IN1\Realtek3IN1\project\realtek_amebaz_va0_example\EWARM-RELEASE\Debug\Obj\Ayla_demo_ledkey.o
#        C:\Users\wyc\Desktop\开发项目集\（2）3IN全球域1\3IN1\Realtek3IN1\project\realtek_amebaz_va0_example\EWARM-RELEASE\Debug\Obj\Ayla_demo_ota.o
#        C:\Users\wyc\Desktop\开发项目集\（2）3IN全球域1\3IN1\Realtek3IN1\project\realtek_amebaz_va0_example\EWARM-RELEASE\Debug\Obj\Ayla_demo_sched.o
#        C:\Users\wyc\Desktop\开发项目集\（2）3IN全球域1\3IN1\Realtek3IN1\project\realtek_amebaz_va0_example\EWARM-RELEASE\Debug\Obj\Ayla_demo_stub.o
#        C:\Users\wyc\Desktop\开发项目集\（2）3IN全球域1\3IN1\Realtek3IN1\project\realtek_amebaz_va0_example\EWARM-RELEASE\Debug\Obj\Ayla_demo_wifi.o
#        C:\Users\wyc\Desktop\开发项目集\（2）3IN全球域1\3IN1\Realtek3IN1\project\realtek_amebaz_va0_example\EWARM-RELEASE\Debug\Obj\base64.o
#        C:\Users\wyc\Desktop\开发项目集\（2）3IN全球域1\3IN1\Realtek3IN1\project\realtek_amebaz_va0_example\EWARM-RELEASE\Debug\Obj\bignum.o
#        C:\Users\wyc\Desktop\开发项目集\（2）3IN全球域1\3IN1\Realtek3IN1\project\realtek_amebaz_va0_example\EWARM-RELEASE\Debug\Obj\blowfish.o
#        C:\Users\wyc\Desktop\开发项目集\（2）3IN全球域1\3IN1\Realtek3IN1\project\realtek_amebaz_va0_example\EWARM-RELEASE\Debug\Obj\ca_certs_der.o
#        C:\Users\wyc\Desktop\开发项目集\（2）3IN全球域1\3IN1\Realtek3IN1\project\realtek_amebaz_va0_example\EWARM-RELEASE\Debug\Obj\camellia.o
#        C:\Users\wyc\Desktop\开发项目集\（2）3IN全球域1\3IN1\Realtek3IN1\project\realtek_amebaz_va0_example\EWARM-RELEASE\Debug\Obj\ccm.o
#        C:\Users\wyc\Desktop\开发项目集\（2）3IN全球域1\3IN1\Realtek3IN1\project\realtek_amebaz_va0_example\EWARM-RELEASE\Debug\Obj\certs.o
#        C:\Users\wyc\Desktop\开发项目集\（2）3IN全球域1\3IN1\Realtek3IN1\project\realtek_amebaz_va0_example\EWARM-RELEASE\Debug\Obj\cipher.o
#        C:\Users\wyc\Desktop\开发项目集\（2）3IN全球域1\3IN1\Realtek3IN1\project\realtek_amebaz_va0_example\EWARM-RELEASE\Debug\Obj\cipher_wrap.o
#        C:\Users\wyc\Desktop\开发项目集\（2）3IN全球域1\3IN1\Realtek3IN1\project\realtek_amebaz_va0_example\EWARM-RELEASE\Debug\Obj\cJSON.o
#        C:\Users\wyc\Desktop\开发项目集\（2）3IN全球域1\3IN1\Realtek3IN1\project\realtek_amebaz_va0_example\EWARM-RELEASE\Debug\Obj\client.o
#        C:\Users\wyc\Desktop\开发项目集\（2）3IN全球域1\3IN1\Realtek3IN1\project\realtek_amebaz_va0_example\EWARM-RELEASE\Debug\Obj\client_auth.o
#        C:\Users\wyc\Desktop\开发项目集\（2）3IN全球域1\3IN1\Realtek3IN1\project\realtek_amebaz_va0_example\EWARM-RELEASE\Debug\Obj\client_conf.o
#        C:\Users\wyc\Desktop\开发项目集\（2）3IN全球域1\3IN1\Realtek3IN1\project\realtek_amebaz_va0_example\EWARM-RELEASE\Debug\Obj\client_ota.o
#        C:\Users\wyc\Desktop\开发项目集\（2）3IN全球域1\3IN1\Realtek3IN1\project\realtek_amebaz_va0_example\EWARM-RELEASE\Debug\Obj\client_prop.o
#        C:\Users\wyc\Desktop\开发项目集\（2）3IN全球域1\3IN1\Realtek3IN1\project\realtek_amebaz_va0_example\EWARM-RELEASE\Debug\Obj\client_task.o
#        C:\Users\wyc\Desktop\开发项目集\（2）3IN全球域1\3IN1\Realtek3IN1\project\realtek_amebaz_va0_example\EWARM-RELEASE\Debug\Obj\clock.o
#        C:\Users\wyc\Desktop\开发项目集\（2）3IN全球域1\3IN1\Realtek3IN1\project\realtek_amebaz_va0_example\EWARM-RELEASE\Debug\Obj\clock_fmt.o
#        C:\Users\wyc\Desktop\开发项目集\（2）3IN全球域1\3IN1\Realtek3IN1\project\realtek_amebaz_va0_example\EWARM-RELEASE\Debug\Obj\clock_sw.o
#        C:\Users\wyc\Desktop\开发项目集\（2）3IN全球域1\3IN1\Realtek3IN1\project\realtek_amebaz_va0_example\EWARM-RELEASE\Debug\Obj\clock_utils.o
#        C:\Users\wyc\Desktop\开发项目集\（2）3IN全球域1\3IN1\Realtek3IN1\project\realtek_amebaz_va0_example\EWARM-RELEASE\Debug\Obj\cloud_link.o
#        C:\Users\wyc\Desktop\开发项目集\（2）3IN全球域1\3IN1\Realtek3IN1\project\realtek_amebaz_va0_example\EWARM-RELEASE\Debug\Obj\cmac.o
#        C:\Users\wyc\Desktop\开发项目集\（2）3IN全球域1\3IN1\Realtek3IN1\project\realtek_amebaz_va0_example\EWARM-RELEASE\Debug\Obj\cmd_handle.o
#        C:\Users\wyc\Desktop\开发项目集\（2）3IN全球域1\3IN1\Realtek3IN1\project\realtek_amebaz_va0_example\EWARM-RELEASE\Debug\Obj\cmsis_os.o
#        C:\Users\wyc\Desktop\开发项目集\（2）3IN全球域1\3IN1\Realtek3IN1\project\realtek_amebaz_va0_example\EWARM-RELEASE\Debug\Obj\conf.o
#        C:\Users\wyc\Desktop\开发项目集\（2）3IN全球域1\3IN1\Realtek3IN1\project\realtek_amebaz_va0_example\EWARM-RELEASE\Debug\Obj\conf_flash.o
#        C:\Users\wyc\Desktop\开发项目集\（2）3IN全球域1\3IN1\Realtek3IN1\project\realtek_amebaz_va0_example\EWARM-RELEASE\Debug\Obj\conf_json.o
#        C:\Users\wyc\Desktop\开发项目集\（2）3IN全球域1\3IN1\Realtek3IN1\project\realtek_amebaz_va0_example\EWARM-RELEASE\Debug\Obj\conf_table.o
#        C:\Users\wyc\Desktop\开发项目集\（2）3IN全球域1\3IN1\Realtek3IN1\project\realtek_amebaz_va0_example\EWARM-RELEASE\Debug\Obj\config_allinfo.o
#        C:\Users\wyc\Desktop\开发项目集\（2）3IN全球域1\3IN1\Realtek3IN1\project\realtek_amebaz_va0_example\EWARM-RELEASE\Debug\Obj\crc.o
#        C:\Users\wyc\Desktop\开发项目集\（2）3IN全球域1\3IN1\Realtek3IN1\project\realtek_amebaz_va0_example\EWARM-RELEASE\Debug\Obj\crc16.o
#        C:\Users\wyc\Desktop\开发项目集\（2）3IN全球域1\3IN1\Realtek3IN1\project\realtek_amebaz_va0_example\EWARM-RELEASE\Debug\Obj\crc8.o
#        C:\Users\wyc\Desktop\开发项目集\（2）3IN全球域1\3IN1\Realtek3IN1\project\realtek_amebaz_va0_example\EWARM-RELEASE\Debug\Obj\croutine.o
#        C:\Users\wyc\Desktop\开发项目集\（2）3IN全球域1\3IN1\Realtek3IN1\project\realtek_amebaz_va0_example\EWARM-RELEASE\Debug\Obj\ctr_drbg.o
#        C:\Users\wyc\Desktop\开发项目集\（2）3IN全球域1\3IN1\Realtek3IN1\project\realtek_amebaz_va0_example\EWARM-RELEASE\Debug\Obj\custom.css.o
#        C:\Users\wyc\Desktop\开发项目集\（2）3IN全球域1\3IN1\Realtek3IN1\project\realtek_amebaz_va0_example\EWARM-RELEASE\Debug\Obj\debug.o
#        C:\Users\wyc\Desktop\开发项目集\（2）3IN全球域1\3IN1\Realtek3IN1\project\realtek_amebaz_va0_example\EWARM-RELEASE\Debug\Obj\def.o
#        C:\Users\wyc\Desktop\开发项目集\（2）3IN全球域1\3IN1\Realtek3IN1\project\realtek_amebaz_va0_example\EWARM-RELEASE\Debug\Obj\des.o
#        C:\Users\wyc\Desktop\开发项目集\（2）3IN全球域1\3IN1\Realtek3IN1\project\realtek_amebaz_va0_example\EWARM-RELEASE\Debug\Obj\device_lock.o
#        C:\Users\wyc\Desktop\开发项目集\（2）3IN全球域1\3IN1\Realtek3IN1\project\realtek_amebaz_va0_example\EWARM-RELEASE\Debug\Obj\dhcp.o
#        C:\Users\wyc\Desktop\开发项目集\（2）3IN全球域1\3IN1\Realtek3IN1\project\realtek_amebaz_va0_example\EWARM-RELEASE\Debug\Obj\dhcps.o
#        C:\Users\wyc\Desktop\开发项目集\（2）3IN全球域1\3IN1\Realtek3IN1\project\realtek_amebaz_va0_example\EWARM-RELEASE\Debug\Obj\dhm.o
#        C:\Users\wyc\Desktop\开发项目集\（2）3IN全球域1\3IN1\Realtek3IN1\project\realtek_amebaz_va0_example\EWARM-RELEASE\Debug\Obj\dma_api.o
#        C:\Users\wyc\Desktop\开发项目集\（2）3IN全球域1\3IN1\Realtek3IN1\project\realtek_amebaz_va0_example\EWARM-RELEASE\Debug\Obj\dns.o
#        C:\Users\wyc\Desktop\开发项目集\（2）3IN全球域1\3IN1\Realtek3IN1\project\realtek_amebaz_va0_example\EWARM-RELEASE\Debug\Obj\dnss.o
#        C:\Users\wyc\Desktop\开发项目集\（2）3IN全球域1\3IN1\Realtek3IN1\project\realtek_amebaz_va0_example\EWARM-RELEASE\Debug\Obj\dnss_util.o
#        C:\Users\wyc\Desktop\开发项目集\（2）3IN全球域1\3IN1\Realtek3IN1\project\realtek_amebaz_va0_example\EWARM-RELEASE\Debug\Obj\ecdh.o
#        C:\Users\wyc\Desktop\开发项目集\（2）3IN全球域1\3IN1\Realtek3IN1\project\realtek_amebaz_va0_example\EWARM-RELEASE\Debug\Obj\ecdsa.o
#        C:\Users\wyc\Desktop\开发项目集\（2）3IN全球域1\3IN1\Realtek3IN1\project\realtek_amebaz_va0_example\EWARM-RELEASE\Debug\Obj\ecjpake.o
#        C:\Users\wyc\Desktop\开发项目集\（2）3IN全球域1\3IN1\Realtek3IN1\project\realtek_amebaz_va0_example\EWARM-RELEASE\Debug\Obj\ecp.o
#        C:\Users\wyc\Desktop\开发项目集\（2）3IN全球域1\3IN1\Realtek3IN1\project\realtek_amebaz_va0_example\EWARM-RELEASE\Debug\Obj\ecp_curves.o
#        C:\Users\wyc\Desktop\开发项目集\（2）3IN全球域1\3IN1\Realtek3IN1\project\realtek_amebaz_va0_example\EWARM-RELEASE\Debug\Obj\efuse_api.o
#        C:\Users\wyc\Desktop\开发项目集\（2）3IN全球域1\3IN1\Realtek3IN1\project\realtek_amebaz_va0_example\EWARM-RELEASE\Debug\Obj\endian.o
#        C:\Users\wyc\Desktop\开发项目集\（2）3IN全球域1\3IN1\Realtek3IN1\project\realtek_amebaz_va0_example\EWARM-RELEASE\Debug\Obj\entropy.o
#        C:\Users\wyc\Desktop\开发项目集\（2）3IN全球域1\3IN1\Realtek3IN1\project\realtek_amebaz_va0_example\EWARM-RELEASE\Debug\Obj\entropy_poll.o
#        C:\Users\wyc\Desktop\开发项目集\（2）3IN全球域1\3IN1\Realtek3IN1\project\realtek_amebaz_va0_example\EWARM-RELEASE\Debug\Obj\err.o
#        C:\Users\wyc\Desktop\开发项目集\（2）3IN全球域1\3IN1\Realtek3IN1\project\realtek_amebaz_va0_example\EWARM-RELEASE\Debug\Obj\error.o
#        C:\Users\wyc\Desktop\开发项目集\（2）3IN全球域1\3IN1\Realtek3IN1\project\realtek_amebaz_va0_example\EWARM-RELEASE\Debug\Obj\etharp.o
#        C:\Users\wyc\Desktop\开发项目集\（2）3IN全球域1\3IN1\Realtek3IN1\project\realtek_amebaz_va0_example\EWARM-RELEASE\Debug\Obj\ethernetif.o
#        C:\Users\wyc\Desktop\开发项目集\（2）3IN全球域1\3IN1\Realtek3IN1\project\realtek_amebaz_va0_example\EWARM-RELEASE\Debug\Obj\event_groups.o
#        C:\Users\wyc\Desktop\开发项目集\（2）3IN全球域1\3IN1\Realtek3IN1\project\realtek_amebaz_va0_example\EWARM-RELEASE\Debug\Obj\example_bcast.o
#        C:\Users\wyc\Desktop\开发项目集\（2）3IN全球域1\3IN1\Realtek3IN1\project\realtek_amebaz_va0_example\EWARM-RELEASE\Debug\Obj\example_coap.o
#        C:\Users\wyc\Desktop\开发项目集\（2）3IN全球域1\3IN1\Realtek3IN1\project\realtek_amebaz_va0_example\EWARM-RELEASE\Debug\Obj\example_eap.o
#        C:\Users\wyc\Desktop\开发项目集\（2）3IN全球域1\3IN1\Realtek3IN1\project\realtek_amebaz_va0_example\EWARM-RELEASE\Debug\Obj\example_entry.o
#        C:\Users\wyc\Desktop\开发项目集\（2）3IN全球域1\3IN1\Realtek3IN1\project\realtek_amebaz_va0_example\EWARM-RELEASE\Debug\Obj\example_get_beacon_frame.o
#        C:\Users\wyc\Desktop\开发项目集\（2）3IN全球域1\3IN1\Realtek3IN1\project\realtek_amebaz_va0_example\EWARM-RELEASE\Debug\Obj\example_google.o
#        C:\Users\wyc\Desktop\开发项目集\（2）3IN全球域1\3IN1\Realtek3IN1\project\realtek_amebaz_va0_example\EWARM-RELEASE\Debug\Obj\example_high_load_memory_use.o
#        C:\Users\wyc\Desktop\开发项目集\（2）3IN全球域1\3IN1\Realtek3IN1\project\realtek_amebaz_va0_example\EWARM-RELEASE\Debug\Obj\example_http_client.o
#        C:\Users\wyc\Desktop\开发项目集\（2）3IN全球域1\3IN1\Realtek3IN1\project\realtek_amebaz_va0_example\EWARM-RELEASE\Debug\Obj\example_http_download.o
#        C:\Users\wyc\Desktop\开发项目集\（2）3IN全球域1\3IN1\Realtek3IN1\project\realtek_amebaz_va0_example\EWARM-RELEASE\Debug\Obj\example_httpc.o
#        C:\Users\wyc\Desktop\开发项目集\（2）3IN全球域1\3IN1\Realtek3IN1\project\realtek_amebaz_va0_example\EWARM-RELEASE\Debug\Obj\example_httpd.o
#        C:\Users\wyc\Desktop\开发项目集\（2）3IN全球域1\3IN1\Realtek3IN1\project\realtek_amebaz_va0_example\EWARM-RELEASE\Debug\Obj\example_inic_gspi.o
#        C:\Users\wyc\Desktop\开发项目集\（2）3IN全球域1\3IN1\Realtek3IN1\project\realtek_amebaz_va0_example\EWARM-RELEASE\Debug\Obj\example_mcast.o
#        C:\Users\wyc\Desktop\开发项目集\（2）3IN全球域1\3IN1\Realtek3IN1\project\realtek_amebaz_va0_example\EWARM-RELEASE\Debug\Obj\example_mdns.o
#        C:\Users\wyc\Desktop\开发项目集\（2）3IN全球域1\3IN1\Realtek3IN1\project\realtek_amebaz_va0_example\EWARM-RELEASE\Debug\Obj\example_mqtt.o
#        C:\Users\wyc\Desktop\开发项目集\（2）3IN全球域1\3IN1\Realtek3IN1\project\realtek_amebaz_va0_example\EWARM-RELEASE\Debug\Obj\example_nonblock_connect.o
#        C:\Users\wyc\Desktop\开发项目集\（2）3IN全球域1\3IN1\Realtek3IN1\project\realtek_amebaz_va0_example\EWARM-RELEASE\Debug\Obj\example_ota_http.o
#        C:\Users\wyc\Desktop\开发项目集\（2）3IN全球域1\3IN1\Realtek3IN1\project\realtek_amebaz_va0_example\EWARM-RELEASE\Debug\Obj\example_rarp.o
#        C:\Users\wyc\Desktop\开发项目集\（2）3IN全球域1\3IN1\Realtek3IN1\project\realtek_amebaz_va0_example\EWARM-RELEASE\Debug\Obj\example_sntp_showtime.o
#        C:\Users\wyc\Desktop\开发项目集\（2）3IN全球域1\3IN1\Realtek3IN1\project\realtek_amebaz_va0_example\EWARM-RELEASE\Debug\Obj\example_socket_select.o
#        C:\Users\wyc\Desktop\开发项目集\（2）3IN全球域1\3IN1\Realtek3IN1\project\realtek_amebaz_va0_example\EWARM-RELEASE\Debug\Obj\example_ssl_download.o
#        C:\Users\wyc\Desktop\开发项目集\（2）3IN全球域1\3IN1\Realtek3IN1\project\realtek_amebaz_va0_example\EWARM-RELEASE\Debug\Obj\example_ssl_server.o
#        C:\Users\wyc\Desktop\开发项目集\（2）3IN全球域1\3IN1\Realtek3IN1\project\realtek_amebaz_va0_example\EWARM-RELEASE\Debug\Obj\example_tcp_keepalive.o
#        C:\Users\wyc\Desktop\开发项目集\（2）3IN全球域1\3IN1\Realtek3IN1\project\realtek_amebaz_va0_example\EWARM-RELEASE\Debug\Obj\example_uart_atcmd.o
#        C:\Users\wyc\Desktop\开发项目集\（2）3IN全球域1\3IN1\Realtek3IN1\project\realtek_amebaz_va0_example\EWARM-RELEASE\Debug\Obj\example_uart_update.o
#        C:\Users\wyc\Desktop\开发项目集\（2）3IN全球域1\3IN1\Realtek3IN1\project\realtek_amebaz_va0_example\EWARM-RELEASE\Debug\Obj\example_wifi_mac_monitor.o
#        C:\Users\wyc\Desktop\开发项目集\（2）3IN全球域1\3IN1\Realtek3IN1\project\realtek_amebaz_va0_example\EWARM-RELEASE\Debug\Obj\example_wifi_roaming.o
#        C:\Users\wyc\Desktop\开发项目集\（2）3IN全球域1\3IN1\Realtek3IN1\project\realtek_amebaz_va0_example\EWARM-RELEASE\Debug\Obj\example_wlan_fast_connect.o
#        C:\Users\wyc\Desktop\开发项目集\（2）3IN全球域1\3IN1\Realtek3IN1\project\realtek_amebaz_va0_example\EWARM-RELEASE\Debug\Obj\example_wlan_scenario.o
#        C:\Users\wyc\Desktop\开发项目集\（2）3IN全球域1\3IN1\Realtek3IN1\project\realtek_amebaz_va0_example\EWARM-RELEASE\Debug\Obj\example_wsclient.o
#        C:\Users\wyc\Desktop\开发项目集\（2）3IN全球域1\3IN1\Realtek3IN1\project\realtek_amebaz_va0_example\EWARM-RELEASE\Debug\Obj\example_xml.o
#        C:\Users\wyc\Desktop\开发项目集\（2）3IN全球域1\3IN1\Realtek3IN1\project\realtek_amebaz_va0_example\EWARM-RELEASE\Debug\Obj\flash_api.o
#        C:\Users\wyc\Desktop\开发项目集\（2）3IN全球域1\3IN1\Realtek3IN1\project\realtek_amebaz_va0_example\EWARM-RELEASE\Debug\Obj\format_mac.o
#        C:\Users\wyc\Desktop\开发项目集\（2）3IN全球域1\3IN1\Realtek3IN1\project\realtek_amebaz_va0_example\EWARM-RELEASE\Debug\Obj\format_string.o
#        C:\Users\wyc\Desktop\开发项目集\（2）3IN全球域1\3IN1\Realtek3IN1\project\realtek_amebaz_va0_example\EWARM-RELEASE\Debug\Obj\freertos_service.o
#        C:\Users\wyc\Desktop\开发项目集\（2）3IN全球域1\3IN1\Realtek3IN1\project\realtek_amebaz_va0_example\EWARM-RELEASE\Debug\Obj\gcm.o
#        C:\Users\wyc\Desktop\开发项目集\（2）3IN全球域1\3IN1\Realtek3IN1\project\realtek_amebaz_va0_example\EWARM-RELEASE\Debug\Obj\google_tls.o
#        C:\Users\wyc\Desktop\开发项目集\（2）3IN全球域1\3IN1\Realtek3IN1\project\realtek_amebaz_va0_example\EWARM-RELEASE\Debug\Obj\gpio_api.o
#        C:\Users\wyc\Desktop\开发项目集\（2）3IN全球域1\3IN1\Realtek3IN1\project\realtek_amebaz_va0_example\EWARM-RELEASE\Debug\Obj\gpio_irq_api.o
#        C:\Users\wyc\Desktop\开发项目集\（2）3IN全球域1\3IN1\Realtek3IN1\project\realtek_amebaz_va0_example\EWARM-RELEASE\Debug\Obj\havege.o
#        C:\Users\wyc\Desktop\开发项目集\（2）3IN全球域1\3IN1\Realtek3IN1\project\realtek_amebaz_va0_example\EWARM-RELEASE\Debug\Obj\heap_5.o
#        C:\Users\wyc\Desktop\开发项目集\（2）3IN全球域1\3IN1\Realtek3IN1\project\realtek_amebaz_va0_example\EWARM-RELEASE\Debug\Obj\hmac_drbg.o
#        C:\Users\wyc\Desktop\开发项目集\（2）3IN全球域1\3IN1\Realtek3IN1\project\realtek_amebaz_va0_example\EWARM-RELEASE\Debug\Obj\hostname_valid.o
#        C:\Users\wyc\Desktop\开发项目集\（2）3IN全球域1\3IN1\Realtek3IN1\project\realtek_amebaz_va0_example\EWARM-RELEASE\Debug\Obj\http.o
#        C:\Users\wyc\Desktop\开发项目集\（2）3IN全球域1\3IN1\Realtek3IN1\project\realtek_amebaz_va0_example\EWARM-RELEASE\Debug\Obj\http_client.o
#        C:\Users\wyc\Desktop\开发项目集\（2）3IN全球域1\3IN1\Realtek3IN1\project\realtek_amebaz_va0_example\EWARM-RELEASE\Debug\Obj\httpc_tls.o
#        C:\Users\wyc\Desktop\开发项目集\（2）3IN全球域1\3IN1\Realtek3IN1\project\realtek_amebaz_va0_example\EWARM-RELEASE\Debug\Obj\httpd_tls.o
#        C:\Users\wyc\Desktop\开发项目集\（2）3IN全球域1\3IN1\Realtek3IN1\project\realtek_amebaz_va0_example\EWARM-RELEASE\Debug\Obj\i2c_api.o
#        C:\Users\wyc\Desktop\开发项目集\（2）3IN全球域1\3IN1\Realtek3IN1\project\realtek_amebaz_va0_example\EWARM-RELEASE\Debug\Obj\i2s_api.o
#        C:\Users\wyc\Desktop\开发项目集\（2）3IN全球域1\3IN1\Realtek3IN1\project\realtek_amebaz_va0_example\EWARM-RELEASE\Debug\Obj\icmp.o
#        C:\Users\wyc\Desktop\开发项目集\（2）3IN全球域1\3IN1\Realtek3IN1\project\realtek_amebaz_va0_example\EWARM-RELEASE\Debug\Obj\igmp.o
#        C:\Users\wyc\Desktop\开发项目集\（2）3IN全球域1\3IN1\Realtek3IN1\project\realtek_amebaz_va0_example\EWARM-RELEASE\Debug\Obj\inet.o
#        C:\Users\wyc\Desktop\开发项目集\（2）3IN全球域1\3IN1\Realtek3IN1\project\realtek_amebaz_va0_example\EWARM-RELEASE\Debug\Obj\inet_chksum.o
#        C:\Users\wyc\Desktop\开发项目集\（2）3IN全球域1\3IN1\Realtek3IN1\project\realtek_amebaz_va0_example\EWARM-RELEASE\Debug\Obj\init.o
#        C:\Users\wyc\Desktop\开发项目集\（2）3IN全球域1\3IN1\Realtek3IN1\project\realtek_amebaz_va0_example\EWARM-RELEASE\Debug\Obj\ip.o
#        C:\Users\wyc\Desktop\开发项目集\（2）3IN全球域1\3IN1\Realtek3IN1\project\realtek_amebaz_va0_example\EWARM-RELEASE\Debug\Obj\ip_addr.o
#        C:\Users\wyc\Desktop\开发项目集\（2）3IN全球域1\3IN1\Realtek3IN1\project\realtek_amebaz_va0_example\EWARM-RELEASE\Debug\Obj\ip_frag.o
#        C:\Users\wyc\Desktop\开发项目集\（2）3IN全球域1\3IN1\Realtek3IN1\project\realtek_amebaz_va0_example\EWARM-RELEASE\Debug\Obj\ipaddr_fmt.o
#        C:\Users\wyc\Desktop\开发项目集\（2）3IN全球域1\3IN1\Realtek3IN1\project\realtek_amebaz_va0_example\EWARM-RELEASE\Debug\Obj\jsmn.o
#        C:\Users\wyc\Desktop\开发项目集\（2）3IN全球域1\3IN1\Realtek3IN1\project\realtek_amebaz_va0_example\EWARM-RELEASE\Debug\Obj\jsmn_get.o
#        C:\Users\wyc\Desktop\开发项目集\（2）3IN全球域1\3IN1\Realtek3IN1\project\realtek_amebaz_va0_example\EWARM-RELEASE\Debug\Obj\jsmn_iterate.o
#        C:\Users\wyc\Desktop\开发项目集\（2）3IN全球域1\3IN1\Realtek3IN1\project\realtek_amebaz_va0_example\EWARM-RELEASE\Debug\Obj\json_format_string.o
#        C:\Users\wyc\Desktop\开发项目集\（2）3IN全球域1\3IN1\Realtek3IN1\project\realtek_amebaz_va0_example\EWARM-RELEASE\Debug\Obj\lan.o
#        C:\Users\wyc\Desktop\开发项目集\（2）3IN全球域1\3IN1\Realtek3IN1\component\common\application\airkiss\lib_airkisscloud.a
#        C:\Users\wyc\Desktop\开发项目集\（2）3IN全球域1\3IN1\Realtek3IN1\component\soc\realtek\8711b\misc\bsp\lib\common\IAR\lib_http.a
#        C:\Users\wyc\Desktop\开发项目集\（2）3IN全球域1\3IN1\Realtek3IN1\component\soc\realtek\8711b\misc\bsp\lib\common\IAR\lib_mdns.a
#        C:\Users\wyc\Desktop\开发项目集\（2）3IN全球域1\3IN1\Realtek3IN1\component\soc\realtek\8711b\misc\bsp\lib\common\IAR\lib_platform.a
#        C:\Users\wyc\Desktop\开发项目集\（2）3IN全球域1\3IN1\Realtek3IN1\component\common\application\airkiss\lib_rt_airkiss_algo.a
#        C:\Users\wyc\Desktop\开发项目集\（2）3IN全球域1\3IN1\Realtek3IN1\component\soc\realtek\8711b\misc\bsp\lib\common\IAR\lib_rtlstd.a
#        C:\Users\wyc\Desktop\开发项目集\（2）3IN全球域1\3IN1\Realtek3IN1\component\soc\realtek\8711b\misc\bsp\lib\common\IAR\lib_websocket.a
#        C:\Users\wyc\Desktop\开发项目集\（2）3IN全球域1\3IN1\Realtek3IN1\component\soc\realtek\8711b\misc\bsp\lib\common\IAR\lib_wlan.a
#        C:\Users\wyc\Desktop\开发项目集\（2）3IN全球域1\3IN1\Realtek3IN1\component\soc\realtek\8711b\misc\bsp\lib\common\IAR\lib_wps.a
#        C:\Users\wyc\Desktop\开发项目集\（2）3IN全球域1\3IN1\Realtek3IN1\component\soc\realtek\8711b\misc\bsp\lib\common\IAR\lib_xmodem.a
#        C:\Users\wyc\Desktop\开发项目集\（2）3IN全球域1\3IN1\Realtek3IN1\component\common\application\airkiss\libairkiss.a
#        C:\Users\wyc\Desktop\开发项目集\（2）3IN全球域1\3IN1\Realtek3IN1\component\common\application\airkiss\libairkiss_log.a
#        C:\Users\wyc\Desktop\开发项目集\（2）3IN全球域1\3IN1\Realtek3IN1\project\realtek_amebaz_va0_example\EWARM-RELEASE\Debug\Obj\list.o
#        C:\Users\wyc\Desktop\开发项目集\（2）3IN全球域1\3IN1\Realtek3IN1\project\realtek_amebaz_va0_example\EWARM-RELEASE\Debug\Obj\lock.gif.o
#        C:\Users\wyc\Desktop\开发项目集\（2）3IN全球域1\3IN1\Realtek3IN1\project\realtek_amebaz_va0_example\EWARM-RELEASE\Debug\Obj\log.o
#        C:\Users\wyc\Desktop\开发项目集\（2）3IN全球域1\3IN1\Realtek3IN1\project\realtek_amebaz_va0_example\EWARM-RELEASE\Debug\Obj\log_cmd.o
#        C:\Users\wyc\Desktop\开发项目集\（2）3IN全球域1\3IN1\Realtek3IN1\project\realtek_amebaz_va0_example\EWARM-RELEASE\Debug\Obj\log_conf.o
#        C:\Users\wyc\Desktop\开发项目集\（2）3IN全球域1\3IN1\Realtek3IN1\project\realtek_amebaz_va0_example\EWARM-RELEASE\Debug\Obj\log_io.o
#        C:\Users\wyc\Desktop\开发项目集\（2）3IN全球域1\3IN1\Realtek3IN1\project\realtek_amebaz_va0_example\EWARM-RELEASE\Debug\Obj\log_page.o
#        C:\Users\wyc\Desktop\开发项目集\（2）3IN全球域1\3IN1\Realtek3IN1\project\realtek_amebaz_va0_example\EWARM-RELEASE\Debug\Obj\log_service.o
#        C:\Users\wyc\Desktop\开发项目集\（2）3IN全球域1\3IN1\Realtek3IN1\project\realtek_amebaz_va0_example\EWARM-RELEASE\Debug\Obj\lookup_by_name.o
#        C:\Users\wyc\Desktop\开发项目集\（2）3IN全球域1\3IN1\Realtek3IN1\project\realtek_amebaz_va0_example\EWARM-RELEASE\Debug\Obj\lookup_by_val.o
#        C:\Users\wyc\Desktop\开发项目集\（2）3IN全球域1\3IN1\Realtek3IN1\project\realtek_amebaz_va0_example\EWARM-RELEASE\Debug\Obj\low_level_io.o
#        C:\Users\wyc\Desktop\开发项目集\（2）3IN全球域1\3IN1\Realtek3IN1\project\realtek_amebaz_va0_example\EWARM-RELEASE\Debug\Obj\lwip_intf.o
#        C:\Users\wyc\Desktop\开发项目集\（2）3IN全球域1\3IN1\Realtek3IN1\project\realtek_amebaz_va0_example\EWARM-RELEASE\Debug\Obj\lwip_netconf.o
#        C:\Users\wyc\Desktop\开发项目集\（2）3IN全球域1\3IN1\Realtek3IN1\project\realtek_amebaz_va0_example\EWARM-RELEASE\Debug\Obj\lwip_timers.o
#        C:\Users\wyc\Desktop\开发项目集\（2）3IN全球域1\3IN1\Realtek3IN1\project\realtek_amebaz_va0_example\EWARM-RELEASE\Debug\Obj\main.o
#        C:\Users\wyc\Desktop\开发项目集\（2）3IN全球域1\3IN1\Realtek3IN1\project\realtek_amebaz_va0_example\EWARM-RELEASE\Debug\Obj\malloc.o
#        C:\Users\wyc\Desktop\开发项目集\（2）3IN全球域1\3IN1\Realtek3IN1\project\realtek_amebaz_va0_example\EWARM-RELEASE\Debug\Obj\md.o
#        C:\Users\wyc\Desktop\开发项目集\（2）3IN全球域1\3IN1\Realtek3IN1\project\realtek_amebaz_va0_example\EWARM-RELEASE\Debug\Obj\md2.o
#        C:\Users\wyc\Desktop\开发项目集\（2）3IN全球域1\3IN1\Realtek3IN1\project\realtek_amebaz_va0_example\EWARM-RELEASE\Debug\Obj\md4.o
#        C:\Users\wyc\Desktop\开发项目集\（2）3IN全球域1\3IN1\Realtek3IN1\project\realtek_amebaz_va0_example\EWARM-RELEASE\Debug\Obj\md5.o
#        C:\Users\wyc\Desktop\开发项目集\（2）3IN全球域1\3IN1\Realtek3IN1\project\realtek_amebaz_va0_example\EWARM-RELEASE\Debug\Obj\md_wrap.o
#        C:\Users\wyc\Desktop\开发项目集\（2）3IN全球域1\3IN1\Realtek3IN1\project\realtek_amebaz_va0_example\EWARM-RELEASE\Debug\Obj\mDNSPlatform.o
#        C:\Users\wyc\Desktop\开发项目集\（2）3IN全球域1\3IN1\Realtek3IN1\project\realtek_amebaz_va0_example\EWARM-RELEASE\Debug\Obj\mem.o
#        C:\Users\wyc\Desktop\开发项目集\（2）3IN全球域1\3IN1\Realtek3IN1\project\realtek_amebaz_va0_example\EWARM-RELEASE\Debug\Obj\memory_buffer_alloc.o
#        C:\Users\wyc\Desktop\开发项目集\（2）3IN全球域1\3IN1\Realtek3IN1\project\realtek_amebaz_va0_example\EWARM-RELEASE\Debug\Obj\memp.o
#        C:\Users\wyc\Desktop\开发项目集\（2）3IN全球域1\3IN1\Realtek3IN1\project\realtek_amebaz_va0_example\EWARM-RELEASE\Debug\Obj\monitor.o
#        C:\Users\wyc\Desktop\开发项目集\（2）3IN全球域1\3IN1\Realtek3IN1\project\realtek_amebaz_va0_example\EWARM-RELEASE\Debug\Obj\MQTTClient.o
#        C:\Users\wyc\Desktop\开发项目集\（2）3IN全球域1\3IN1\Realtek3IN1\project\realtek_amebaz_va0_example\EWARM-RELEASE\Debug\Obj\MQTTConnectClient.o
#        C:\Users\wyc\Desktop\开发项目集\（2）3IN全球域1\3IN1\Realtek3IN1\project\realtek_amebaz_va0_example\EWARM-RELEASE\Debug\Obj\MQTTConnectServer.o
#        C:\Users\wyc\Desktop\开发项目集\（2）3IN全球域1\3IN1\Realtek3IN1\project\realtek_amebaz_va0_example\EWARM-RELEASE\Debug\Obj\MQTTDeserializePublish.o
#        C:\Users\wyc\Desktop\开发项目集\（2）3IN全球域1\3IN1\Realtek3IN1\project\realtek_amebaz_va0_example\EWARM-RELEASE\Debug\Obj\MQTTFormat.o
#        C:\Users\wyc\Desktop\开发项目集\（2）3IN全球域1\3IN1\Realtek3IN1\project\realtek_amebaz_va0_example\EWARM-RELEASE\Debug\Obj\MQTTFreertos.o
#        C:\Users\wyc\Desktop\开发项目集\（2）3IN全球域1\3IN1\Realtek3IN1\project\realtek_amebaz_va0_example\EWARM-RELEASE\Debug\Obj\MQTTPacket.o
#        C:\Users\wyc\Desktop\开发项目集\（2）3IN全球域1\3IN1\Realtek3IN1\project\realtek_amebaz_va0_example\EWARM-RELEASE\Debug\Obj\MQTTSerializePublish.o
#        C:\Users\wyc\Desktop\开发项目集\（2）3IN全球域1\3IN1\Realtek3IN1\project\realtek_amebaz_va0_example\EWARM-RELEASE\Debug\Obj\MQTTSubscribeClient.o
#        C:\Users\wyc\Desktop\开发项目集\（2）3IN全球域1\3IN1\Realtek3IN1\project\realtek_amebaz_va0_example\EWARM-RELEASE\Debug\Obj\MQTTSubscribeServer.o
#        C:\Users\wyc\Desktop\开发项目集\（2）3IN全球域1\3IN1\Realtek3IN1\project\realtek_amebaz_va0_example\EWARM-RELEASE\Debug\Obj\MQTTUnsubscribeClient.o
#        C:\Users\wyc\Desktop\开发项目集\（2）3IN全球域1\3IN1\Realtek3IN1\project\realtek_amebaz_va0_example\EWARM-RELEASE\Debug\Obj\MQTTUnsubscribeServer.o
#        C:\Users\wyc\Desktop\开发项目集\（2）3IN全球域1\3IN1\Realtek3IN1\project\realtek_amebaz_va0_example\EWARM-RELEASE\Debug\Obj\net_mbuf.o
#        C:\Users\wyc\Desktop\开发项目集\（2）3IN全球域1\3IN1\Realtek3IN1\project\realtek_amebaz_va0_example\EWARM-RELEASE\Debug\Obj\net_realtek.o
#        C:\Users\wyc\Desktop\开发项目集\（2）3IN全球域1\3IN1\Realtek3IN1\project\realtek_amebaz_va0_example\EWARM-RELEASE\Debug\Obj\net_sockets.o
#        C:\Users\wyc\Desktop\开发项目集\（2）3IN全球域1\3IN1\Realtek3IN1\project\realtek_amebaz_va0_example\EWARM-RELEASE\Debug\Obj\netbuf.o
#        C:\Users\wyc\Desktop\开发项目集\（2）3IN全球域1\3IN1\Realtek3IN1\project\realtek_amebaz_va0_example\EWARM-RELEASE\Debug\Obj\netdb.o
#        C:\Users\wyc\Desktop\开发项目集\（2）3IN全球域1\3IN1\Realtek3IN1\project\realtek_amebaz_va0_example\EWARM-RELEASE\Debug\Obj\netif.o
#        C:\Users\wyc\Desktop\开发项目集\（2）3IN全球域1\3IN1\Realtek3IN1\project\realtek_amebaz_va0_example\EWARM-RELEASE\Debug\Obj\netifapi.o
#        C:\Users\wyc\Desktop\开发项目集\（2）3IN全球域1\3IN1\Realtek3IN1\project\realtek_amebaz_va0_example\EWARM-RELEASE\Debug\Obj\nfc_api.o
#        C:\Users\wyc\Desktop\开发项目集\（2）3IN全球域1\3IN1\Realtek3IN1\project\realtek_amebaz_va0_example\EWARM-RELEASE\Debug\Obj\notify.o
#        C:\Users\wyc\Desktop\开发项目集\（2）3IN全球域1\3IN1\Realtek3IN1\project\realtek_amebaz_va0_example\EWARM-RELEASE\Debug\Obj\notify_task.o
#        C:\Users\wyc\Desktop\开发项目集\（2）3IN全球域1\3IN1\Realtek3IN1\project\realtek_amebaz_va0_example\EWARM-RELEASE\Debug\Obj\oem.o
#        C:\Users\wyc\Desktop\开发项目集\（2）3IN全球域1\3IN1\Realtek3IN1\project\realtek_amebaz_va0_example\EWARM-RELEASE\Debug\Obj\oid.o
#        C:\Users\wyc\Desktop\开发项目集\（2）3IN全球域1\3IN1\Realtek3IN1\project\realtek_amebaz_va0_example\EWARM-RELEASE\Debug\Obj\osdep_service.o
#        C:\Users\wyc\Desktop\开发项目集\（2）3IN全球域1\3IN1\Realtek3IN1\project\realtek_amebaz_va0_example\EWARM-RELEASE\Debug\Obj\padlock.o
#        C:\Users\wyc\Desktop\开发项目集\（2）3IN全球域1\3IN1\Realtek3IN1\project\realtek_amebaz_va0_example\EWARM-RELEASE\Debug\Obj\parse_argv.o
#        C:\Users\wyc\Desktop\开发项目集\（2）3IN全球域1\3IN1\Realtek3IN1\project\realtek_amebaz_va0_example\EWARM-RELEASE\Debug\Obj\parse_date.o
#        C:\Users\wyc\Desktop\开发项目集\（2）3IN全球域1\3IN1\Realtek3IN1\project\realtek_amebaz_va0_example\EWARM-RELEASE\Debug\Obj\parse_hex.o
#        C:\Users\wyc\Desktop\开发项目集\（2）3IN全球域1\3IN1\Realtek3IN1\project\realtek_amebaz_va0_example\EWARM-RELEASE\Debug\Obj\parse_mac.o
#        C:\Users\wyc\Desktop\开发项目集\（2）3IN全球域1\3IN1\Realtek3IN1\project\realtek_amebaz_va0_example\EWARM-RELEASE\Debug\Obj\parse_url.o
#        C:\Users\wyc\Desktop\开发项目集\（2）3IN全球域1\3IN1\Realtek3IN1\project\realtek_amebaz_va0_example\EWARM-RELEASE\Debug\Obj\pbuf.o
#        C:\Users\wyc\Desktop\开发项目集\（2）3IN全球域1\3IN1\Realtek3IN1\project\realtek_amebaz_va0_example\EWARM-RELEASE\Debug\Obj\pem.o
#        C:\Users\wyc\Desktop\开发项目集\（2）3IN全球域1\3IN1\Realtek3IN1\project\realtek_amebaz_va0_example\EWARM-RELEASE\Debug\Obj\ping_test.o
#        C:\Users\wyc\Desktop\开发项目集\（2）3IN全球域1\3IN1\Realtek3IN1\project\realtek_amebaz_va0_example\EWARM-RELEASE\Debug\Obj\pinmap.o
#        C:\Users\wyc\Desktop\开发项目集\（2）3IN全球域1\3IN1\Realtek3IN1\project\realtek_amebaz_va0_example\EWARM-RELEASE\Debug\Obj\pinmap_common.o
#        C:\Users\wyc\Desktop\开发项目集\（2）3IN全球域1\3IN1\Realtek3IN1\project\realtek_amebaz_va0_example\EWARM-RELEASE\Debug\Obj\pk.o
#        C:\Users\wyc\Desktop\开发项目集\（2）3IN全球域1\3IN1\Realtek3IN1\project\realtek_amebaz_va0_example\EWARM-RELEASE\Debug\Obj\pk_wrap.o
#        C:\Users\wyc\Desktop\开发项目集\（2）3IN全球域1\3IN1\Realtek3IN1\project\realtek_amebaz_va0_example\EWARM-RELEASE\Debug\Obj\pkcs11.o
#        C:\Users\wyc\Desktop\开发项目集\（2）3IN全球域1\3IN1\Realtek3IN1\project\realtek_amebaz_va0_example\EWARM-RELEASE\Debug\Obj\pkcs12.o
#        C:\Users\wyc\Desktop\开发项目集\（2）3IN全球域1\3IN1\Realtek3IN1\project\realtek_amebaz_va0_example\EWARM-RELEASE\Debug\Obj\pkcs5.o
#        C:\Users\wyc\Desktop\开发项目集\（2）3IN全球域1\3IN1\Realtek3IN1\project\realtek_amebaz_va0_example\EWARM-RELEASE\Debug\Obj\pkparse.o
#        C:\Users\wyc\Desktop\开发项目集\（2）3IN全球域1\3IN1\Realtek3IN1\project\realtek_amebaz_va0_example\EWARM-RELEASE\Debug\Obj\pkwrite.o
#        C:\Users\wyc\Desktop\开发项目集\（2）3IN全球域1\3IN1\Realtek3IN1\project\realtek_amebaz_va0_example\EWARM-RELEASE\Debug\Obj\platform.o
#        C:\Users\wyc\Desktop\开发项目集\（2）3IN全球域1\3IN1\Realtek3IN1\project\realtek_amebaz_va0_example\EWARM-RELEASE\Debug\Obj\port.o
#        C:\Users\wyc\Desktop\开发项目集\（2）3IN全球域1\3IN1\Realtek3IN1\project\realtek_amebaz_va0_example\EWARM-RELEASE\Debug\Obj\port_api.o
#        C:\Users\wyc\Desktop\开发项目集\（2）3IN全球域1\3IN1\Realtek3IN1\project\realtek_amebaz_va0_example\EWARM-RELEASE\Debug\Obj\portasm.o
#        C:\Users\wyc\Desktop\开发项目集\（2）3IN全球域1\3IN1\Realtek3IN1\component\common\application\airkiss\prefix_libwxcloud.a
#        C:\Users\wyc\Desktop\开发项目集\（2）3IN全球域1\3IN1\Realtek3IN1\project\realtek_amebaz_va0_example\EWARM-RELEASE\Debug\Obj\prop_mgr.o
#        C:\Users\wyc\Desktop\开发项目集\（2）3IN全球域1\3IN1\Realtek3IN1\project\realtek_amebaz_va0_example\EWARM-RELEASE\Debug\Obj\prop_page.o
#        C:\Users\wyc\Desktop\开发项目集\（2）3IN全球域1\3IN1\Realtek3IN1\project\realtek_amebaz_va0_example\EWARM-RELEASE\Debug\Obj\pwmout_api.o
#        C:\Users\wyc\Desktop\开发项目集\（2）3IN全球域1\3IN1\Realtek3IN1\project\realtek_amebaz_va0_example\EWARM-RELEASE\Debug\Obj\queue.o
#        C:\Users\wyc\Desktop\开发项目集\（2）3IN全球域1\3IN1\Realtek3IN1\project\realtek_amebaz_va0_example\EWARM-RELEASE\Debug\Obj\raw.o
#        C:\Users\wyc\Desktop\开发项目集\（2）3IN全球域1\3IN1\Realtek3IN1\project\realtek_amebaz_va0_example\EWARM-RELEASE\Debug\Obj\refresh.gif.o
#        C:\Users\wyc\Desktop\开发项目集\（2）3IN全球域1\3IN1\Realtek3IN1\project\realtek_amebaz_va0_example\EWARM-RELEASE\Debug\Obj\regtoken.html.o
#        C:\Users\wyc\Desktop\开发项目集\（2）3IN全球域1\3IN1\Realtek3IN1\project\realtek_amebaz_va0_example\EWARM-RELEASE\Debug\Obj\ripemd160.o
#        C:\Users\wyc\Desktop\开发项目集\（2）3IN全球域1\3IN1\Realtek3IN1\project\realtek_amebaz_va0_example\EWARM-RELEASE\Debug\Obj\rsa.o
#        C:\Users\wyc\Desktop\开发项目集\（2）3IN全球域1\3IN1\Realtek3IN1\project\realtek_amebaz_va0_example\EWARM-RELEASE\Debug\Obj\rtc_api.o
#        C:\Users\wyc\Desktop\开发项目集\（2）3IN全球域1\3IN1\Realtek3IN1\project\realtek_amebaz_va0_example\EWARM-RELEASE\Debug\Obj\rtl8710b_dsleepcfg.o
#        C:\Users\wyc\Desktop\开发项目集\（2）3IN全球域1\3IN1\Realtek3IN1\project\realtek_amebaz_va0_example\EWARM-RELEASE\Debug\Obj\rtl8710b_dstandbycfg.o
#        C:\Users\wyc\Desktop\开发项目集\（2）3IN全球域1\3IN1\Realtek3IN1\project\realtek_amebaz_va0_example\EWARM-RELEASE\Debug\Obj\rtl8710b_intfcfg.o
#        C:\Users\wyc\Desktop\开发项目集\（2）3IN全球域1\3IN1\Realtek3IN1\project\realtek_amebaz_va0_example\EWARM-RELEASE\Debug\Obj\rtl8710b_ota.o
#        C:\Users\wyc\Desktop\开发项目集\（2）3IN全球域1\3IN1\Realtek3IN1\project\realtek_amebaz_va0_example\EWARM-RELEASE\Debug\Obj\rtl8710b_pinmapcfg.o
#        C:\Users\wyc\Desktop\开发项目集\（2）3IN全球域1\3IN1\Realtek3IN1\project\realtek_amebaz_va0_example\EWARM-RELEASE\Debug\Obj\rtl8710b_sleepcfg.o
#        C:\Users\wyc\Desktop\开发项目集\（2）3IN全球域1\3IN1\Realtek3IN1\project\realtek_amebaz_va0_example\EWARM-RELEASE\Debug\Obj\rtl_consol.o
#        C:\Users\wyc\Desktop\开发项目集\（2）3IN全球域1\3IN1\Realtek3IN1\project\realtek_amebaz_va0_example\EWARM-RELEASE\Debug\Obj\rtl_trace.o
#        C:\Users\wyc\Desktop\开发项目集\（2）3IN全球域1\3IN1\Realtek3IN1\project\realtek_amebaz_va0_example\EWARM-RELEASE\Debug\Obj\sched.o
#        C:\Users\wyc\Desktop\开发项目集\（2）3IN全球域1\3IN1\Realtek3IN1\project\realtek_amebaz_va0_example\EWARM-RELEASE\Debug\Obj\sched_conf.o
#        C:\Users\wyc\Desktop\开发项目集\（2）3IN全球域1\3IN1\Realtek3IN1\project\realtek_amebaz_va0_example\EWARM-RELEASE\Debug\Obj\schedeval.o
#        C:\Users\wyc\Desktop\开发项目集\（2）3IN全球域1\3IN1\Realtek3IN1\project\realtek_amebaz_va0_example\EWARM-RELEASE\Debug\Obj\serial_api.o
#        C:\Users\wyc\Desktop\开发项目集\（2）3IN全球域1\3IN1\Realtek3IN1\project\realtek_amebaz_va0_example\EWARM-RELEASE\Debug\Obj\server.o
#        C:\Users\wyc\Desktop\开发项目集\（2）3IN全球域1\3IN1\Realtek3IN1\project\realtek_amebaz_va0_example\EWARM-RELEASE\Debug\Obj\server_mem.o
#        C:\Users\wyc\Desktop\开发项目集\（2）3IN全球域1\3IN1\Realtek3IN1\project\realtek_amebaz_va0_example\EWARM-RELEASE\Debug\Obj\server_req.o
#        C:\Users\wyc\Desktop\开发项目集\（2）3IN全球域1\3IN1\Realtek3IN1\project\realtek_amebaz_va0_example\EWARM-RELEASE\Debug\Obj\sha1.o
#        C:\Users\wyc\Desktop\开发项目集\（2）3IN全球域1\3IN1\Realtek3IN1\project\realtek_amebaz_va0_example\EWARM-RELEASE\Debug\Obj\sha256.o
#        C:\Users\wyc\Desktop\开发项目集\（2）3IN全球域1\3IN1\Realtek3IN1\project\realtek_amebaz_va0_example\EWARM-RELEASE\Debug\Obj\sha512.o
#        C:\Users\wyc\Desktop\开发项目集\（2）3IN全球域1\3IN1\Realtek3IN1\project\realtek_amebaz_va0_example\EWARM-RELEASE\Debug\Obj\shtc1.o
#        C:\Users\wyc\Desktop\开发项目集\（2）3IN全球域1\3IN1\Realtek3IN1\project\realtek_amebaz_va0_example\EWARM-RELEASE\Debug\Obj\sleep.o
#        C:\Users\wyc\Desktop\开发项目集\（2）3IN全球域1\3IN1\Realtek3IN1\project\realtek_amebaz_va0_example\EWARM-RELEASE\Debug\Obj\sn_coap_ameba_port.o
#        C:\Users\wyc\Desktop\开发项目集\（2）3IN全球域1\3IN1\Realtek3IN1\project\realtek_amebaz_va0_example\EWARM-RELEASE\Debug\Obj\sn_coap_builder.o
#        C:\Users\wyc\Desktop\开发项目集\（2）3IN全球域1\3IN1\Realtek3IN1\project\realtek_amebaz_va0_example\EWARM-RELEASE\Debug\Obj\sn_coap_header_check.o
#        C:\Users\wyc\Desktop\开发项目集\（2）3IN全球域1\3IN1\Realtek3IN1\project\realtek_amebaz_va0_example\EWARM-RELEASE\Debug\Obj\sn_coap_parser.o
#        C:\Users\wyc\Desktop\开发项目集\（2）3IN全球域1\3IN1\Realtek3IN1\project\realtek_amebaz_va0_example\EWARM-RELEASE\Debug\Obj\sn_coap_protocol.o
#        C:\Users\wyc\Desktop\开发项目集\（2）3IN全球域1\3IN1\Realtek3IN1\project\realtek_amebaz_va0_example\EWARM-RELEASE\Debug\Obj\sockets.o
#        C:\Users\wyc\Desktop\开发项目集\（2）3IN全球域1\3IN1\Realtek3IN1\project\realtek_amebaz_va0_example\EWARM-RELEASE\Debug\Obj\spi_api.o
#        C:\Users\wyc\Desktop\开发项目集\（2）3IN全球域1\3IN1\Realtek3IN1\project\realtek_amebaz_va0_example\EWARM-RELEASE\Debug\Obj\sprop.o
#        C:\Users\wyc\Desktop\开发项目集\（2）3IN全球域1\3IN1\Realtek3IN1\project\realtek_amebaz_va0_example\EWARM-RELEASE\Debug\Obj\ssl.o
#        C:\Users\wyc\Desktop\开发项目集\（2）3IN全球域1\3IN1\Realtek3IN1\project\realtek_amebaz_va0_example\EWARM-RELEASE\Debug\Obj\ssl_cache.o
#        C:\Users\wyc\Desktop\开发项目集\（2）3IN全球域1\3IN1\Realtek3IN1\project\realtek_amebaz_va0_example\EWARM-RELEASE\Debug\Obj\ssl_ciphersuites.o
#        C:\Users\wyc\Desktop\开发项目集\（2）3IN全球域1\3IN1\Realtek3IN1\project\realtek_amebaz_va0_example\EWARM-RELEASE\Debug\Obj\ssl_cli.o
#        C:\Users\wyc\Desktop\开发项目集\（2）3IN全球域1\3IN1\Realtek3IN1\project\realtek_amebaz_va0_example\EWARM-RELEASE\Debug\Obj\ssl_client.o
#        C:\Users\wyc\Desktop\开发项目集\（2）3IN全球域1\3IN1\Realtek3IN1\project\realtek_amebaz_va0_example\EWARM-RELEASE\Debug\Obj\ssl_cookie.o
#        C:\Users\wyc\Desktop\开发项目集\（2）3IN全球域1\3IN1\Realtek3IN1\project\realtek_amebaz_va0_example\EWARM-RELEASE\Debug\Obj\ssl_ram_map.o
#        C:\Users\wyc\Desktop\开发项目集\（2）3IN全球域1\3IN1\Realtek3IN1\project\realtek_amebaz_va0_example\EWARM-RELEASE\Debug\Obj\ssl_srv.o
#        C:\Users\wyc\Desktop\开发项目集\（2）3IN全球域1\3IN1\Realtek3IN1\project\realtek_amebaz_va0_example\EWARM-RELEASE\Debug\Obj\ssl_ticket.o
#        C:\Users\wyc\Desktop\开发项目集\（2）3IN全球域1\3IN1\Realtek3IN1\project\realtek_amebaz_va0_example\EWARM-RELEASE\Debug\Obj\ssl_tls.o
#        C:\Users\wyc\Desktop\开发项目集\（2）3IN全球域1\3IN1\Realtek3IN1\project\realtek_amebaz_va0_example\EWARM-RELEASE\Debug\Obj\startup.o
#        C:\Users\wyc\Desktop\开发项目集\（2）3IN全球域1\3IN1\Realtek3IN1\project\realtek_amebaz_va0_example\EWARM-RELEASE\Debug\Obj\stats.o
#        C:\Users\wyc\Desktop\开发项目集\（2）3IN全球域1\3IN1\Realtek3IN1\project\realtek_amebaz_va0_example\EWARM-RELEASE\Debug\Obj\stubs.o
#        C:\Users\wyc\Desktop\开发项目集\（2）3IN全球域1\3IN1\Realtek3IN1\project\realtek_amebaz_va0_example\EWARM-RELEASE\Debug\Obj\sys.o
#        C:\Users\wyc\Desktop\开发项目集\（2）3IN全球域1\3IN1\Realtek3IN1\project\realtek_amebaz_va0_example\EWARM-RELEASE\Debug\Obj\sys_api.o
#        C:\Users\wyc\Desktop\开发项目集\（2）3IN全球域1\3IN1\Realtek3IN1\project\realtek_amebaz_va0_example\EWARM-RELEASE\Debug\Obj\sys_arch.o
#        C:\Users\wyc\Desktop\开发项目集\（2）3IN全球域1\3IN1\Realtek3IN1\project\realtek_amebaz_va0_example\EWARM-RELEASE\Debug\Obj\sys_conf.o
#        C:\Users\wyc\Desktop\开发项目集\（2）3IN全球域1\3IN1\Realtek3IN1\project\realtek_amebaz_va0_example\EWARM-RELEASE\Debug\Obj\tasks.o
#        C:\Users\wyc\Desktop\开发项目集\（2）3IN全球域1\3IN1\Realtek3IN1\project\realtek_amebaz_va0_example\EWARM-RELEASE\Debug\Obj\tcp.o
#        C:\Users\wyc\Desktop\开发项目集\（2）3IN全球域1\3IN1\Realtek3IN1\project\realtek_amebaz_va0_example\EWARM-RELEASE\Debug\Obj\tcp_in.o
#        C:\Users\wyc\Desktop\开发项目集\（2）3IN全球域1\3IN1\Realtek3IN1\project\realtek_amebaz_va0_example\EWARM-RELEASE\Debug\Obj\tcp_out.o
#        C:\Users\wyc\Desktop\开发项目集\（2）3IN全球域1\3IN1\Realtek3IN1\project\realtek_amebaz_va0_example\EWARM-RELEASE\Debug\Obj\tcpip.o
#        C:\Users\wyc\Desktop\开发项目集\（2）3IN全球域1\3IN1\Realtek3IN1\project\realtek_amebaz_va0_example\EWARM-RELEASE\Debug\Obj\tcptest.o
#        C:\Users\wyc\Desktop\开发项目集\（2）3IN全球域1\3IN1\Realtek3IN1\project\realtek_amebaz_va0_example\EWARM-RELEASE\Debug\Obj\threading.o
#        C:\Users\wyc\Desktop\开发项目集\（2）3IN全球域1\3IN1\Realtek3IN1\project\realtek_amebaz_va0_example\EWARM-RELEASE\Debug\Obj\timer.o
#        C:\Users\wyc\Desktop\开发项目集\（2）3IN全球域1\3IN1\Realtek3IN1\project\realtek_amebaz_va0_example\EWARM-RELEASE\Debug\Obj\timer_api.o
#        C:\Users\wyc\Desktop\开发项目集\（2）3IN全球域1\3IN1\Realtek3IN1\project\realtek_amebaz_va0_example\EWARM-RELEASE\Debug\Obj\timers.o
#        C:\Users\wyc\Desktop\开发项目集\（2）3IN全球域1\3IN1\Realtek3IN1\project\realtek_amebaz_va0_example\EWARM-RELEASE\Debug\Obj\timing.o
#        C:\Users\wyc\Desktop\开发项目集\（2）3IN全球域1\3IN1\Realtek3IN1\project\realtek_amebaz_va0_example\EWARM-RELEASE\Debug\Obj\uart_fw_update.o
#        C:\Users\wyc\Desktop\开发项目集\（2）3IN全球域1\3IN1\Realtek3IN1\project\realtek_amebaz_va0_example\EWARM-RELEASE\Debug\Obj\uart_socket.o
#        C:\Users\wyc\Desktop\开发项目集\（2）3IN全球域1\3IN1\Realtek3IN1\project\realtek_amebaz_va0_example\EWARM-RELEASE\Debug\Obj\udp.o
#        C:\Users\wyc\Desktop\开发项目集\（2）3IN全球域1\3IN1\Realtek3IN1\project\realtek_amebaz_va0_example\EWARM-RELEASE\Debug\Obj\uri_arg_allowed_map.o
#        C:\Users\wyc\Desktop\开发项目集\（2）3IN全球域1\3IN1\Realtek3IN1\project\realtek_amebaz_va0_example\EWARM-RELEASE\Debug\Obj\uri_decode.o
#        C:\Users\wyc\Desktop\开发项目集\（2）3IN全球域1\3IN1\Realtek3IN1\project\realtek_amebaz_va0_example\EWARM-RELEASE\Debug\Obj\uri_encode.o
#        C:\Users\wyc\Desktop\开发项目集\（2）3IN全球域1\3IN1\Realtek3IN1\project\realtek_amebaz_va0_example\EWARM-RELEASE\Debug\Obj\us_ticker.o
#        C:\Users\wyc\Desktop\开发项目集\（2）3IN全球域1\3IN1\Realtek3IN1\project\realtek_amebaz_va0_example\EWARM-RELEASE\Debug\Obj\us_ticker_api.o
#        C:\Users\wyc\Desktop\开发项目集\（2）3IN全球域1\3IN1\Realtek3IN1\project\realtek_amebaz_va0_example\EWARM-RELEASE\Debug\Obj\utf8.o
#        C:\Users\wyc\Desktop\开发项目集\（2）3IN全球域1\3IN1\Realtek3IN1\project\realtek_amebaz_va0_example\EWARM-RELEASE\Debug\Obj\version.o
#        C:\Users\wyc\Desktop\开发项目集\（2）3IN全球域1\3IN1\Realtek3IN1\project\realtek_amebaz_va0_example\EWARM-RELEASE\Debug\Obj\version_features.o
#        C:\Users\wyc\Desktop\开发项目集\（2）3IN全球域1\3IN1\Realtek3IN1\project\realtek_amebaz_va0_example\EWARM-RELEASE\Debug\Obj\wait_api.o
#        C:\Users\wyc\Desktop\开发项目集\（2）3IN全球域1\3IN1\Realtek3IN1\project\realtek_amebaz_va0_example\EWARM-RELEASE\Debug\Obj\wdt_api.o
#        C:\Users\wyc\Desktop\开发项目集\（2）3IN全球域1\3IN1\Realtek3IN1\project\realtek_amebaz_va0_example\EWARM-RELEASE\Debug\Obj\webserver.o
#        C:\Users\wyc\Desktop\开发项目集\（2）3IN全球域1\3IN1\Realtek3IN1\project\realtek_amebaz_va0_example\EWARM-RELEASE\Debug\Obj\wifi.html.o
#        C:\Users\wyc\Desktop\开发项目集\（2）3IN全球域1\3IN1\Realtek3IN1\project\realtek_amebaz_va0_example\EWARM-RELEASE\Debug\Obj\wifi.js.o
#        C:\Users\wyc\Desktop\开发项目集\（2）3IN全球域1\3IN1\Realtek3IN1\project\realtek_amebaz_va0_example\EWARM-RELEASE\Debug\Obj\wifi.o
#        C:\Users\wyc\Desktop\开发项目集\（2）3IN全球域1\3IN1\Realtek3IN1\project\realtek_amebaz_va0_example\EWARM-RELEASE\Debug\Obj\wifi_airkiss.o
#        C:\Users\wyc\Desktop\开发项目集\（2）3IN全球域1\3IN1\Realtek3IN1\project\realtek_amebaz_va0_example\EWARM-RELEASE\Debug\Obj\wifi_ameba.o
#        C:\Users\wyc\Desktop\开发项目集\（2）3IN全球域1\3IN1\Realtek3IN1\project\realtek_amebaz_va0_example\EWARM-RELEASE\Debug\Obj\wifi_ameba_drv.o
#        C:\Users\wyc\Desktop\开发项目集\（2）3IN全球域1\3IN1\Realtek3IN1\project\realtek_amebaz_va0_example\EWARM-RELEASE\Debug\Obj\wifi_conf.o
#        C:\Users\wyc\Desktop\开发项目集\（2）3IN全球域1\3IN1\Realtek3IN1\project\realtek_amebaz_va0_example\EWARM-RELEASE\Debug\Obj\wifi_eap_config.o
#        C:\Users\wyc\Desktop\开发项目集\（2）3IN全球域1\3IN1\Realtek3IN1\project\realtek_amebaz_va0_example\EWARM-RELEASE\Debug\Obj\wifi_ind.o
#        C:\Users\wyc\Desktop\开发项目集\（2）3IN全球域1\3IN1\Realtek3IN1\project\realtek_amebaz_va0_example\EWARM-RELEASE\Debug\Obj\wifi_p2p_config.o
#        C:\Users\wyc\Desktop\开发项目集\（2）3IN全球域1\3IN1\Realtek3IN1\project\realtek_amebaz_va0_example\EWARM-RELEASE\Debug\Obj\wifi_page.o
#        C:\Users\wyc\Desktop\开发项目集\（2）3IN全球域1\3IN1\Realtek3IN1\project\realtek_amebaz_va0_example\EWARM-RELEASE\Debug\Obj\wifi_promisc.o
#        C:\Users\wyc\Desktop\开发项目集\（2）3IN全球域1\3IN1\Realtek3IN1\project\realtek_amebaz_va0_example\EWARM-RELEASE\Debug\Obj\wifi_simple_config.o
#        C:\Users\wyc\Desktop\开发项目集\（2）3IN全球域1\3IN1\Realtek3IN1\project\realtek_amebaz_va0_example\EWARM-RELEASE\Debug\Obj\wifi_util.o
#        C:\Users\wyc\Desktop\开发项目集\（2）3IN全球域1\3IN1\Realtek3IN1\project\realtek_amebaz_va0_example\EWARM-RELEASE\Debug\Obj\wifi_wps_config.o
#        C:\Users\wyc\Desktop\开发项目集\（2）3IN全球域1\3IN1\Realtek3IN1\project\realtek_amebaz_va0_example\EWARM-RELEASE\Debug\Obj\wigadget.o
#        C:\Users\wyc\Desktop\开发项目集\（2）3IN全球域1\3IN1\Realtek3IN1\project\realtek_amebaz_va0_example\EWARM-RELEASE\Debug\Obj\wlan_network.o
#        C:\Users\wyc\Desktop\开发项目集\（2）3IN全球域1\3IN1\Realtek3IN1\project\realtek_amebaz_va0_example\EWARM-RELEASE\Debug\Obj\wsclient_tls.o
#        C:\Users\wyc\Desktop\开发项目集\（2）3IN全球域1\3IN1\Realtek3IN1\project\realtek_amebaz_va0_example\EWARM-RELEASE\Debug\Obj\x509.o
#        C:\Users\wyc\Desktop\开发项目集\（2）3IN全球域1\3IN1\Realtek3IN1\project\realtek_amebaz_va0_example\EWARM-RELEASE\Debug\Obj\x509_create.o
#        C:\Users\wyc\Desktop\开发项目集\（2）3IN全球域1\3IN1\Realtek3IN1\project\realtek_amebaz_va0_example\EWARM-RELEASE\Debug\Obj\x509_crl.o
#        C:\Users\wyc\Desktop\开发项目集\（2）3IN全球域1\3IN1\Realtek3IN1\project\realtek_amebaz_va0_example\EWARM-RELEASE\Debug\Obj\x509_crt.o
#        C:\Users\wyc\Desktop\开发项目集\（2）3IN全球域1\3IN1\Realtek3IN1\project\realtek_amebaz_va0_example\EWARM-RELEASE\Debug\Obj\x509_csr.o
#        C:\Users\wyc\Desktop\开发项目集\（2）3IN全球域1\3IN1\Realtek3IN1\project\realtek_amebaz_va0_example\EWARM-RELEASE\Debug\Obj\x509write_crt.o
#        C:\Users\wyc\Desktop\开发项目集\（2）3IN全球域1\3IN1\Realtek3IN1\project\realtek_amebaz_va0_example\EWARM-RELEASE\Debug\Obj\x509write_csr.o
#        C:\Users\wyc\Desktop\开发项目集\（2）3IN全球域1\3IN1\Realtek3IN1\project\realtek_amebaz_va0_example\EWARM-RELEASE\Debug\Obj\xml.o
#        C:\Users\wyc\Desktop\开发项目集\（2）3IN全球域1\3IN1\Realtek3IN1\project\realtek_amebaz_va0_example\EWARM-RELEASE\Debug\Obj\xml_decode.o
#        C:\Users\wyc\Desktop\开发项目集\（2）3IN全球域1\3IN1\Realtek3IN1\project\realtek_amebaz_va0_example\EWARM-RELEASE\Debug\Obj\xml_encode.o
#        C:\Users\wyc\Desktop\开发项目集\（2）3IN全球域1\3IN1\Realtek3IN1\project\realtek_amebaz_va0_example\EWARM-RELEASE\Debug\Obj\xtea.o
#        -o
#        C:\Users\wyc\Desktop\开发项目集\（2）3IN全球域1\3IN1\Realtek3IN1\project\realtek_amebaz_va0_example\EWARM-RELEASE\Debug\Exe\application.axf
#        --redirect _Printf=_PrintfFullNoMb --redirect _Scanf=_ScanfSmallNoMb
#        --keep bootloader
#        --image_input=C:\Users\wyc\Desktop\开发项目集\（2）3IN全球域1\3IN1\Realtek3IN1\project\realtek_amebaz_va0_example\EWARM-RELEASE\..\..\..\component\soc\realtek\8711b\misc\bsp\image\boot_all.bin,bootloader,LOADER,4
#        --map
#        C:\Users\wyc\Desktop\开发项目集\（2）3IN全球域1\3IN1\Realtek3IN1\project\realtek_amebaz_va0_example\EWARM-RELEASE\Debug\List\application.map
#        --log veneers --log_file
#        C:\Users\wyc\Desktop\开发项目集\（2）3IN全球域1\3IN1\Realtek3IN1\project\realtek_amebaz_va0_example\EWARM-RELEASE\Debug\List\application.log
#        --config
#        C:\Users\wyc\Desktop\开发项目集\（2）3IN全球域1\3IN1\Realtek3IN1\project\realtek_amebaz_va0_example\EWARM-RELEASE\image2.icf
#        --diag_suppress Lp005,Lp006 --entry Reset_Handler --no_exceptions
#        --no_vfe --text_out locale)
#
###############################################################################

*******************************************************************************
*** MESSAGES
***

Warning[Lt009]: Inconsistent wchar_t size
            ram_libc.o(lib_rtlstd.a) and 97 other objects in 97 different
                      libraries have wchar_t size 16 bits
            ada_conf.o and 489 other objects, some of them in rt7M_tl.a and 133
                      other libraries have wchar_t size 32 bits
Warning[Lt010]: Inconsistent enum container size
            ada_conf.o and 78 other objects uses smallest possible
            airkiss.o and 146 other objects, some of them in lib_wlan.a and 12
                      other libraries uses word size


*******************************************************************************
*** RUNTIME MODEL ATTRIBUTES
***

CppFlavor                     = *
__CPP_Exceptions              = *
__CPP_Language                = C++14
__Heap_Handler                = DLMalloc
__SystemLibrary               = DLib
__dlib_dynamic_initialization = normal
__dlib_version                = 6


*******************************************************************************
*** HEAP SELECTION
***

The advanced heap was selected because the application calls memory
allocation functions outside of system library functions, and there
are calls to deallocation functions in the application.


*******************************************************************************
*** PLACEMENT SUMMARY
***

define block .ram_image2.entry
   with fixed order {
      section .image2.entry.data*, section .image2.validate.rodata* };
define block SHT$$PREINIT_ARRAY { preinit_array };
define block __iar_tls$$INIT_ARRAY { init_array };
define block SHT$$INIT_ARRAY { block __iar_tls$$INIT_ARRAY };
define block CPP_INIT
   with fixed order { block SHT$$PREINIT_ARRAY, block SHT$$INIT_ARRAY };
define block .ram.data
   with fixed order {
      section .data*, section DATA, section .iar.init_table,
      section __DLIB_PERTHREAD, block CPP_INIT, section .mdns.data,
      section .mdns.text };
define block SSL_DATA with fixed order { section .ssl.data* };
define block AYLA_DATA with fixed order { section .ayla.data* };
define block .ram.text with fixed order { section .image2.ram.text* };
define block IMAGE2
   with fixed order {
      block .ram_image2.entry, block .ram.data, block SSL_DATA,
      block AYLA_DATA, block .ram.text };
define block .ram_image2.bss with fixed order { section .bss*, section COMMON };
define block AYLA_BSS with fixed order { section .ayla.bss* };
define block SSL_BSS with fixed order { section .ssl.bss* };
define block .ram_image2.skb.bss with fixed order { section .bdsram.data* };
define block .ram_heap.data with fixed order { section .bfsram.data* };
"A3":  place at start of [from 0x10005000 to 0x1003dfff] {
          rw, block IMAGE2, block .ram_image2.bss, block AYLA_BSS,
          block SSL_BSS, block .ram_image2.skb.bss, block .ram_heap.data,
          section .heap.stdlib };
define block Bootloader with fixed order { section LOADER };
define block .xip_image1.text with fixed order { section .flashboot.text* };
"A4":  place at start of [from 0x08000020 to 0x08003fff] {
          block Bootloader, rw, block .xip_image1.text };
define block .xip_image2.text
   with fixed order {
      section .img2_custom_signature*, section .text*, section .rodata*,
      section .debug_trace, section CODE, section Veneer };
"A5":  place at start of [from 0x0800b020 to 0x080fffff] {
          rw, block .xip_image2.text };
keep { section .image2.entry.data* };
keep { section .image2.validate.rodata* };

No sections matched the following patterns:

  init_array                        in block __iar_tls$$INIT_ARRAY
  preinit_array                     in block SHT$$PREINIT_ARRAY
  section .boot.ram.bss*            in block .ram_image1.bss
  section .boot.ram.data*           in block .ram_image1.data
  section .boot.ram.text*           in block .ram_image1.text
  section .boot.rodata*             in block .ram_image1.text
  section .debug_trace              in block .xip_image2.text
  section .flashboot.text*          in block .xip_image1.text
  section .hal.rom.bss*             in block .hal.rom.bss
  section .iar.init_table           in block .ram.data
  section .image1.entry.data*       in block .ram_image1.entry
  section .image1.validate.rodata*  in block .ram_image1.entry
  section .libc.ram.bss*            in block .hal.rom.bss
  section .ram_vector_table1        in block .hal.rom.bss
  section .ram_vector_table2        in block .hal.rom.bss
  section .ram_vector_table3        in block .hal.rom.bss
  section .rdp.ram.data*            in block .RDP_RAM
  section .rdp.ram.text*            in block .RDP_RAM
  section .rom.rodata               in "A0"
  section .rom.text                 in "A0"
  section .ssl_ram_map*             in block .hal.rom.bss
  section .wlan_ram_map*            in block .hal.rom.bss
  section COMMON                    in block .ram_image2.bss
  section DATA                      in block .ram.data
  section Veneer                    in block .xip_image2.text
  section __DLIB_PERTHREAD          in block .ram.data


  Section                 Kind        Address     Size  Object
  -------                 ----        -------     ----  ------
"A4":                                           0x1110
  Bootloader                       0x08000020   0x1110  <Block>
    LOADER                const    0x08000020   0x1110  boot_all.bin [1]
                                 - 0x08001130   0x1110

"A5":                                          0x827a8
  .xip_image2.text                 0x0800b020  0x827a8  <Block>
    .img2_custom_signature
                          const    0x0800b020     0x20  rtl8710b_ota.o [2]
    Veneer                ro code  0x0800b040      0x8  - Linker created -
    Veneer                ro code  0x0800b048      0x8  - Linker created -
    .text                 ro code  0x0800b050    0xfb8  sha512.o [2]
    .text                 ro code  0x0800c008     0xa6  ABImemcpy.o [16]
    .text                 ro code  0x0800c0ae     0x1e  xsscin.o [4]
    Veneer                ro code  0x0800c0cc      0x8  - Linker created -
    Veneer                ro code  0x0800c0d4      0x8  - Linker created -
    Veneer                ro code  0x0800c0dc      0x8  - Linker created -
    .text                 ro code  0x0800c0e4    0x624  ada_conf.o [2]
    .text                 ro code  0x0800c708   0x2598  conf.o [2]
    Veneer                ro code  0x0800eca0      0x8  - Linker created -
    .text                 ro code  0x0800eca8    0x178  conf_table.o [2]
    .text                 ro code  0x0800ee20    0x1b4  stubs.o [2]
    Veneer                ro code  0x0800efd4      0x8  - Linker created -
    .text                 ro code  0x0800efdc    0x8fc  tasks.o [2]
    Veneer                ro code  0x0800f8d8      0x8  - Linker created -
    .text                 ro code  0x0800f8e0   0x1480  adw_wifi_conf.o [2]
    .text                 ro code  0x08010d60    0x560  Ayla_demo_common.o [2]
    .text                 ro code  0x080112c0    0x3e4  Ayla_demo_conf.o [2]
    .text                 ro code  0x080116a4    0xa94  net_realtek.o [2]
    Veneer                ro code  0x08012138      0x8  - Linker created -
    Veneer                ro code  0x08012140      0x8  - Linker created -
    Veneer                ro code  0x08012148      0x8  - Linker created -
    Veneer                ro code  0x08012150      0x8  - Linker created -
    Veneer                ro code  0x08012158      0x8  - Linker created -
    Veneer                ro code  0x08012160      0x8  - Linker created -
    Veneer                ro code  0x08012168      0x8  - Linker created -
    Veneer                ro code  0x08012170      0x8  - Linker created -
    .text                 ro code  0x08012178    0x1a4  ram_libc.o [9]
    .text                 ro code  0x0801231c    0x67c  prop_mgr.o [2]
    .text                 ro code  0x08012998    0x47c  sys_conf.o [2]
    .text                 ro code  0x08012e14    0x374  log.o [2]
    .text                 ro code  0x08013188     0x4a  strcmp.o [16]
    .text                 ro code  0x080131d2     0x1a  xsnprout.o [4]
    .text                 ro code  0x080131ec     0x44  snprintf.o [4]
    .text                 ro code  0x08013230     0x16  strchr.o [16]
    .text                 ro code  0x08013248     0x36  strlen.o [16]
    .text                 ro code  0x08013280    0x174  iar_Stoulx.o [4]
    .text                 ro code  0x080133f4    0x6c8  conf_flash.o [2]
    .text                 ro code  0x08013abc      0x6  ABImemclr.o [16]
    .text                 ro code  0x08013ac2    0x1ae  utf8.o [2]
    .text                 ro code  0x08013c70     0x28  printf.o [4]
    .text                 ro code  0x08013c98     0x68  memcmp.o [16]
    .text                 ro code  0x08013d00     0x40  crc8.o [2]
    .text                 ro code  0x08013d40      0x4  heaptramp0.o [4]
    .text                 ro code  0x08013d44    0x1d0  heap_5.o [2]
    .text                 ro code  0x08013f14    0xb48  config_allinfo.o [2]
    Veneer                ro code  0x08014a5c      0x8  - Linker created -
    Veneer                ro code  0x08014a64      0x8  - Linker created -
    Veneer                ro code  0x08014a6c      0x8  - Linker created -
    .text                 ro code  0x08014a74   0x40c8  client.o [2]
    .text                 ro code  0x08018b3c    0x840  client_conf.o [2]
    .text                 ro code  0x0801937c    0x718  server_req.o [2]
    Veneer                ro code  0x08019a94      0x8  - Linker created -
    Veneer                ro code  0x08019a9c      0x8  - Linker created -
    Veneer                ro code  0x08019aa4      0x8  - Linker created -
    Veneer                ro code  0x08019aac      0x8  - Linker created -
    .text                 ro code  0x08019ab4    0x188  sys_api.o [2]
    .text                 ro code  0x08019c3c    0x5c4  osdep_service.o [2]
    .text                 ro code  0x0801a200     0x90  list.o [2]
    .text                 ro code  0x0801a290    0x128  port.o [2]
    .text                 ro code  0x0801a3b8    0x36c  timers.o [2]
    Veneer                ro code  0x0801a724      0x8  - Linker created -
    Veneer                ro code  0x0801a72c      0x8  - Linker created -
    Veneer                ro code  0x0801a734      0x8  - Linker created -
    Veneer                ro code  0x0801a73c      0x8  - Linker created -
    Veneer                ro code  0x0801a744      0x8  - Linker created -
    .text                 ro code  0x0801a74c    0x5c4  rtl8710b_freertos_pmu.o [7]
    .text                 ro code  0x0801ad10    0x8b4  wifi_ameba.o [2]
    Veneer                ro code  0x0801b5c4      0x8  - Linker created -
    .text                 ro code  0x0801b5cc   0x19ec  wifi.o [2]
    Veneer                ro code  0x0801cfb8      0x8  - Linker created -
    Veneer                ro code  0x0801cfc0      0x8  - Linker created -
    .text                 ro code  0x0801cfc8   0x2698  wifi_page.o [2]
    .text                 ro code  0x0801f660     0xc6  parse_mac.o [2]
    .text                 ro code  0x0801f726     0x68  parse_hex.o [2]
    .text                 ro code  0x0801f790     0xb4  wifi_airkiss.o [2]
    .text                 ro code  0x0801f844     0x2c  clock.o [2]
    .text                 ro code  0x0801f870    0x180  clock_fmt.o [2]
    .text                 ro code  0x0801f9f0     0xd4  clock_sw.o [2]
    .text                 ro code  0x0801fac4    0x5a4  clock_utils.o [2]
    Veneer                ro code  0x08020068      0x8  - Linker created -
    Veneer                ro code  0x08020070      0x8  - Linker created -
    .text                 ro code  0x08020078    0x704  Ayla_demo_ledevb.o [2]
    .text                 ro code  0x0802077c    0x1b0  Ayla_demo_wifi.o [2]
    Veneer                ro code  0x0802092c      0x8  - Linker created -
    Veneer                ro code  0x08020934      0x8  - Linker created -
    Veneer                ro code  0x0802093c      0x8  - Linker created -
    .text                 ro code  0x08020944    0x3cc  client_task.o [2]
    Veneer                ro code  0x08020d10      0x8  - Linker created -
    .text                 ro code  0x08020d18    0x5bc  Ayla_demo_ota.o [2]
    .text                 ro code  0x080212d4    0x3f0  lwip_netconf.o [2]
    .text                 ro code  0x080216c4     0xd8  Ayla_demo_sched.o [2]
    .text                 ro code  0x0802179c     0x72  parse_argv.o [2]
    .text                 ro code  0x0802180e     0x28  cmd_handle.o [2]
    Veneer                ro code  0x08021838      0x8  - Linker created -
    Veneer                ro code  0x08021840      0x8  - Linker created -
    .text                 ro code  0x08021848    0x46c  log_service.o [2]
    .text                 ro code  0x08021cb4     0x1c  ada_lock.o [2]
    .text                 ro code  0x08021cd0    0x4a6  queue.o [2]
    .text                 ro code  0x08022176     0xe6  timer.o [2]
    .text                 ro code  0x0802225c   0x1130  sockets.o [2]
    .text                 ro code  0x0802338c     0x2e  def.o [2]
    .text                 ro code  0x080233bc    0x744  dns.o [2]
    .text                 ro code  0x08023b00     0x1c  malloc.o [2]
    .text                 ro code  0x08023b1c    0x210  net_mbuf.o [2]
    Veneer                ro code  0x08023d2c      0x8  - Linker created -
    .text                 ro code  0x08023d34    0x104  ram_libgloss_retarget.o [9]
    .text                 ro code  0x08023e38    0x928  client_prop.o [2]
    .text                 ro code  0x08024760    0x2b0  base64.o [2]
    .text                 ro code  0x08024a10     0x14  lookup_by_val.o [2]
    .text                 ro code  0x08024a24     0x3c  vsnprint.o [4]
    .text                 ro code  0x08024a60    0x330  log_cmd.o [2]
    .text                 ro code  0x08024d90    0xe22  xprintffull_nomb.o [4]
    .text                 ro code  0x08025bb4     0x58  memchr.o [16]
    .text                 ro code  0x08025c0c     0xa8  device_lock.o [2]
    Veneer                ro code  0x08025cb4      0x8  - Linker created -
    Veneer                ro code  0x08025cbc      0x8  - Linker created -
    Veneer                ro code  0x08025cc4      0x8  - Linker created -
    .text                 ro code  0x08025ccc    0x334  flash_api.o [2]
    .text                 ro code  0x08026000     0x66  ABImemset.o [16]
    .text                 ro code  0x08026068    0x570  dlmalloc.o [4]
    Veneer                ro code  0x080265d8      0x8  - Linker created -
    Veneer                ro code  0x080265e0      0x8  - Linker created -
    Veneer                ro code  0x080265e8      0x8  - Linker created -
    Veneer                ro code  0x080265f0      0x8  - Linker created -
    Veneer                ro code  0x080265f8      0x8  - Linker created -
    Veneer                ro code  0x08026600      0x8  - Linker created -
    Veneer                ro code  0x08026608      0x8  - Linker created -
    Veneer                ro code  0x08026610      0x8  - Linker created -
    Veneer                ro code  0x08026618      0x8  - Linker created -
    Veneer                ro code  0x08026620      0x8  - Linker created -
    Veneer                ro code  0x08026628      0x8  - Linker created -
    Veneer                ro code  0x08026630      0x8  - Linker created -
    .text                 ro code  0x08026638    0x10c  system_8195a.o [7]
    .text                 ro code  0x08026744     0x30  hostname_valid.o [2]
    .text                 ro code  0x08026774    0x328  client_auth.o [2]
    .text                 ro code  0x08026a9c     0x56  strcasecmp.o [4]
    .text                 ro code  0x08026af4   0x1474  client_ota.o [2]
    .text                 ro code  0x08027f68    0x1ec  ip_addr.o [2]
    .text                 ro code  0x08028154   0x1650  http_client.o [2]
    .text                 ro code  0x080297a4     0x8e  uri_encode.o [2]
    .text                 ro code  0x08029832    0x2f2  jsmn.o [2]
    .text                 ro code  0x08029b24    0x188  jsmn_get.o [2]
    .text                 ro code  0x08029cac   0x1738  notify.o [2]
    .text                 ro code  0x0802b3e4   0x2d30  lan.o [2]
    .text                 ro code  0x0802e114    0x55c  xml.o [2]
    .text                 ro code  0x0802e670   0x11bc  ssl.o [2]
    .text                 ro code  0x0802f82c    0x180  xml_encode.o [2]
    .text                 ro code  0x0802f9ac     0x24  ameba_conf.o [2]
    .text                 ro code  0x0802f9d0     0x54  format_mac.o [2]
    .text                 ro code  0x0802fa24     0x74  crc.o [2]
    .text                 ro code  0x0802fa98    0x8a0  server.o [2]
    .text                 ro code  0x08030338     0x9c  uri_decode.o [2]
    .text                 ro code  0x080303d4     0x1a  lookup_by_name.o [2]
    Veneer                ro code  0x080303f0      0x8  - Linker created -
    Veneer                ro code  0x080303f8      0x8  - Linker created -
    Veneer                ro code  0x08030400      0x8  - Linker created -
    Veneer                ro code  0x08030408      0x8  - Linker created -
    Veneer                ro code  0x08030410      0x8  - Linker created -
    Veneer                ro code  0x08030418      0x8  - Linker created -
    .text                 ro code  0x08030420    0x3e0  rtc_api.o [2]
    .text                 ro code  0x08030800     0x38  port.o [2]
    Veneer                ro code  0x08030838      0x8  - Linker created -
    Veneer                ro code  0x08030840      0x8  - Linker created -
    Veneer                ro code  0x08030848      0x8  - Linker created -
    Veneer                ro code  0x08030850      0x8  - Linker created -
    Veneer                ro code  0x08030858      0x8  - Linker created -
    Veneer                ro code  0x08030860      0x8  - Linker created -
    Veneer                ro code  0x08030868      0x8  - Linker created -
    Veneer                ro code  0x08030870      0x8  - Linker created -
    Veneer                ro code  0x08030878      0x8  - Linker created -
    Veneer                ro code  0x08030880      0x8  - Linker created -
    Veneer                ro code  0x08030888      0x8  - Linker created -
    Veneer                ro code  0x08030890      0x8  - Linker created -
    Veneer                ro code  0x08030898      0x8  - Linker created -
    Veneer                ro code  0x080308a0      0x8  - Linker created -
    Veneer                ro code  0x080308a8      0x8  - Linker created -
    Veneer                ro code  0x080308b0      0x8  - Linker created -
    Veneer                ro code  0x080308b8      0x8  - Linker created -
    Veneer                ro code  0x080308c0      0x8  - Linker created -
    Veneer                ro code  0x080308c8      0x8  - Linker created -
    Veneer                ro code  0x080308d0      0x8  - Linker created -
    Veneer                ro code  0x080308d8      0x8  - Linker created -
    Veneer                ro code  0x080308e0      0x8  - Linker created -
    Veneer                ro code  0x080308e8      0x8  - Linker created -
    Veneer                ro code  0x080308f0      0x8  - Linker created -
    .text                 ro code  0x080308f8    0x694  rtl8710b_psm.o [7]
    .text                 ro code  0x08030f8c   0x17ea  wifi_conf.o [2]
    .text                 ro code  0x08032778    0xa72  dhcps.o [2]
    .text                 ro code  0x080331ec    0x1ba  netif.o [2]
    .text                 ro code  0x080333a8    0xa50  httpd_core.o [5]
    .text                 ro code  0x08033df8      0xa  ipaddr_fmt.o [2]
    .text                 ro code  0x08033e04    0x1d8  json_format_string.o [2]
    .text                 ro code  0x08033fdc      0x6  ABImemclr4.o [16]
    .text                 ro code  0x08033fe4    0x1b4  iar_Stoullx.o [4]
    .text                 ro code  0x08034198    0xa90  airkiss.o [2]
    .text                 ro code  0x08034c28    0x22e  I64DivMod.o [16]
    .text                 ro code  0x08034e58    0x5dc  sprop.o [2]
    .text                 ro code  0x08035434     0xa8  Ayla_demo_ledkey.o [2]
    .text                 ro code  0x080354dc    0x630  dnss.o [2]
    .text                 ro code  0x08035b0c     0x1c  platform.o [2]
    .text                 ro code  0x08035b28    0x4cc  log_page.o [2]
    Veneer                ro code  0x08035ff4      0x8  - Linker created -
    Veneer                ro code  0x08035ffc      0x8  - Linker created -
    .text                 ro code  0x08036004   0x1084  rtl8710b_ota.o [2]
    .text                 ro code  0x08037088    0x208  tcpip.o [2]
    .text                 ro code  0x08037290     0xe8  wifi_ind.o [2]
    .text                 ro code  0x08037378   0x1152  dhcp.o [2]
    .text                 ro code  0x080384cc    0x2fc  autoip.o [2]
    .text                 ro code  0x080387c8    0x6f8  sched.o [2]
    .text                 ro code  0x08038ec0   0x1098  wifi_util.o [2]
    .text                 ro code  0x08039f58   0x17b8  atcmd_wifi.o [2]
    .text                 ro code  0x0803b710    0x1f2  sys_arch.o [2]
    .text                 ro code  0x0803b904    0x500  api_lib.o [2]
    .text                 ro code  0x0803be04    0x4f4  pbuf.o [2]
    .text                 ro code  0x0803c2f8     0x72  netbuf.o [2]
    .text                 ro code  0x0803c36c    0x4a0  igmp.o [2]
    .text                 ro code  0x0803c80c    0x440  udp.o [2]
    .text                 ro code  0x0803cc4c     0xb0  rand.o [4]
    .text                 ro code  0x0803ccfc     0x14  memset.o [16]
    .text                 ro code  0x0803cd10     0x78  log_io.o [2]
    .text                 ro code  0x0803cd88     0x70  ada_err.o [2]
    .text                 ro code  0x0803cdf8     0x40  xfail_s.o [4]
    .text                 ro code  0x0803ce38    0x1a2  DblMul.o [15]
    .text                 ro code  0x0803cfdc     0x70  frexp.o [15]
    .text                 ro code  0x0803d04c     0x2e  DblCmpLe.o [15]
    .text                 ro code  0x0803d07c     0x2e  DblCmpGe.o [15]
    .text                 ro code  0x0803d0ac    0x13a  ldexp.o [15]
    .text                 ro code  0x0803d1e8     0x3a  DblToS32.o [15]
    .text                 ro code  0x0803d224     0x22  S32ToDbl.o [15]
    .text                 ro code  0x0803d248     0xe2  DblSub.o [15]
    .text                 ro code  0x0803d32c    0x246  DblDiv.o [15]
    .text                 ro code  0x0803d574     0x28  DblToU32.o [15]
    .text                 ro code  0x0803d59c     0x1a  U32ToDbl.o [15]
    .text                 ro code  0x0803d5b6      0x6  abort.o [4]
    .text                 ro code  0x0803d5bc    0x1f4  pk.o [2]
    .text                 ro code  0x0803d7b0    0x16c  pkparse.o [2]
    .text                 ro code  0x0803d91c    0xac0  rsa.o [2]
    .text                 ro code  0x0803e3dc      0xc  tolower.o [4]
    .text                 ro code  0x0803e3e8    0xbf8  sha256.o [2]
    .text                 ro code  0x0803efe0   0x2a06  aes.o [2]
    .text                 ro code  0x080419e8     0x54  crc16.o [2]
    .text                 ro code  0x08041a3c     0xb0  parse_url.o [2]
    .text                 ro code  0x08041aec     0xe4  parse_date.o [2]
    .text                 ro code  0x08041bd0    0x34c  http.o [2]
    .text                 ro code  0x08041f1c     0x82  iar_Stolx.o [4]
    .text                 ro code  0x08041fa0   0x1078  sha1.o [2]
    .text                 ro code  0x08043018    0x150  notify_task.o [2]
    .text                 ro code  0x08043168    0x264  md.o [2]
    .text                 ro code  0x080433cc     0x54  jsmn_iterate.o [2]
    .text                 ro code  0x08043420    0x194  xml_decode.o [2]
    .text                 ro code  0x080435b4     0x70  strncpy.o [16]
    Veneer                ro code  0x08043624      0x8  - Linker created -
    .text                 ro code  0x0804362c   0x1e04  ssl_tls.o [2]
    .text                 ro code  0x08045430    0x164  net_sockets.o [2]
    .text                 ro code  0x08045594   0x1750  x509_crt.o [2]
    .text                 ro code  0x08046ce4    0xb28  httpd_msg.o [5]
    .text                 ro code  0x0804780c    0x24c  httpd_util.o [5]
    .text                 ro code  0x08047a58     0x1a  localtim.o [4]
    .text                 ro code  0x08047a74     0xcc  mktime.o [4]
    Veneer                ro code  0x08047b40      0x8  - Linker created -
    .text                 ro code  0x08047b48    0x810  lxbus_suspend.o [11]
    .text                 ro code  0x08048358     0x10  rtl8710b_bor.o [7]
    Veneer                ro code  0x08048368      0x8  - Linker created -
    .text                 ro code  0x08048370     0xac  rtl8710b_pinmap.o [7]
    Veneer                ro code  0x0804841c      0x8  - Linker created -
    Veneer                ro code  0x08048424      0x8  - Linker created -
    Veneer                ro code  0x0804842c      0x8  - Linker created -
    Veneer                ro code  0x08048434      0x8  - Linker created -
    Veneer                ro code  0x0804843c      0x8  - Linker created -
    Veneer                ro code  0x08048444      0x8  - Linker created -
    Veneer                ro code  0x0804844c      0x8  - Linker created -
    Veneer                ro code  0x08048454      0x8  - Linker created -
    Veneer                ro code  0x0804845c      0x8  - Linker created -
    Veneer                ro code  0x08048464      0x8  - Linker created -
    Veneer                ro code  0x0804846c      0x8  - Linker created -
    Veneer                ro code  0x08048474      0x8  - Linker created -
    Veneer                ro code  0x0804847c      0x8  - Linker created -
    Veneer                ro code  0x08048484      0x8  - Linker created -
    .text                 ro code  0x0804848c    0x2fc  rtl_consol.o [2]
    .text                 ro code  0x08048788    0x4b0  wifi_promisc.o [2]
    .text                 ro code  0x08048c38     0x28  sscanf.o [4]
    .text                 ro code  0x08048c60    0xc28  rtk_wlan_if.o [11]
    .text                 ro code  0x08049888      0x2  wifi_conf.o [2]
    .text                 ro code  0x0804988c    0xbb4  tcp.o [2]
    .text                 ro code  0x0804a440    0x804  etharp.o [2]
    .text                 ro code  0x0804ac44    0x2d0  httpd_tls.o [2]
    .text                 ro code  0x0804af14     0x16  strnlen.o [4]
    .text                 ro code  0x0804af2c     0x32  ABImemset48.o [16]
    .text                 ro code  0x0804af60    0x6e0  airkiss.o [14]
    .text                 ro code  0x0804b640    0x304  rt_airkiss_algo.o [8]
    Veneer                ro code  0x0804b944      0x8  - Linker created -
    Veneer                ro code  0x0804b94c      0x8  - Linker created -
    Veneer                ro code  0x0804b954      0x8  - Linker created -
    Veneer                ro code  0x0804b95c      0x8  - Linker created -
    Veneer                ro code  0x0804b964      0x8  - Linker created -
    Veneer                ro code  0x0804b96c      0x8  - Linker created -
    .text                 ro code  0x0804b974    0xa40  rtw_promisc.o [11]
    .text                 ro code  0x0804c3b4      0xa  os_freertos.o [12]
    .text                 ro code  0x0804c3c0      0x2  I64DivZer.o [16]
    Veneer                ro code  0x0804c3c4      0x8  - Linker created -
    .text                 ro code  0x0804c3cc    0x138  gpio_api.o [2]
    .text                 ro code  0x0804c504    0x1b4  dnss_util.o [2]
    .text                 ro code  0x0804c6b8     0x78  ssl_ram_map.o [2]
    .text                 ro code  0x0804c730     0x24  cmsis_os.o [2]
    .text                 ro code  0x0804c754    0x2b4  lwip_timers.o [2]
    .text                 ro code  0x0804ca08    0x362  ip.o [2]
    .text                 ro code  0x0804cd6c     0xd4  memp.o [2]
    .text                 ro code  0x0804ce40     0x2e  init.o [2]
    .text                 ro code  0x0804ce70    0x248  mem.o [2]
    .text                 ro code  0x0804d0b8     0x3e  endian.o [2]
    .text                 ro code  0x0804d0f8    0x140  sched_conf.o [2]
    .text                 ro code  0x0804d238    0xbe4  schedeval.o [2]
    .text                 ro code  0x0804de1c    0x658  ping_test.o [2]
    .text                 ro code  0x0804e474   0x2290  tcptest.o [2]
    .text                 ro code  0x08050704    0xbc4  api_msg.o [2]
    .text                 ro code  0x080512c8    0x158  inet_chksum.o [2]
    .text                 ro code  0x08051420    0x1ee  icmp.o [2]
    .text                 ro code  0x0805160e     0x24  format_string.o [2]
    .text                 ro code  0x08051634    0x168  DblAdd.o [15]
    .text                 ro code  0x0805179c      0xc  XXexit.o [16]
    .text                 ro code  0x080517a8    0x2d4  asn1parse.o [2]
    .text                 ro code  0x08051a7c   0x15de  bignum.o [2]
    .text                 ro code  0x0805305c    0x5c0  oid.o [2]
    .text                 ro code  0x0805361c     0x28  strncmp.o [4]
    .text                 ro code  0x08053644    0x632  cipher.o [2]
    .text                 ro code  0x08053c78    0xa04  md5.o [2]
    .text                 ro code  0x0805467c    0x3d4  ssl_ciphersuites.o [2]
    .text                 ro code  0x08054a50    0xcb0  ssl_cli.o [2]
    .text                 ro code  0x08055700     0x40  netdb.o [2]
    .text                 ro code  0x08055740    0x5fc  x509.o [2]
    .text                 ro code  0x08055d3c      0x4  xTzoff_nop.o [4]
    .text                 ro code  0x08055d40    0x108  xttotm.o [4]
    .text                 ro code  0x08055e48     0x6c  xDaysTo.o [4]
    .text                 ro code  0x08055eb4     0x54  rtw_io.o [11]
    .text                 ro code  0x08055f08    0xdf0  lxbus_ops.o [11]
    Veneer                ro code  0x08056cf8      0x8  - Linker created -
    Veneer                ro code  0x08056d00      0x8  - Linker created -
    Veneer                ro code  0x08056d08      0x8  - Linker created -
    Veneer                ro code  0x08056d10      0x8  - Linker created -
    Veneer                ro code  0x08056d18      0x8  - Linker created -
    Veneer                ro code  0x08056d20      0x8  - Linker created -
    .text                 ro code  0x08056d28    0xd28  rtl8711b_cmd.o [11]
    Veneer                ro code  0x08057a50      0x8  - Linker created -
    Veneer                ro code  0x08057a58      0x8  - Linker created -
    Veneer                ro code  0x08057a60      0x8  - Linker created -
    Veneer                ro code  0x08057a68      0x8  - Linker created -
    Veneer                ro code  0x08057a70      0x8  - Linker created -
    Veneer                ro code  0x08057a78      0x8  - Linker created -
[...]
uxTopReadyPriority      0x100058d4      0x4  Data  Lc  tasks.o [2]
vApplicationIdleHook    0x0801a35d      0x2  Code  Gb  port.o [2]
vApplicationStackOverflowHook
                        0x0801a361     0x10  Code  Gb  port.o [2]
vApplicationStackOverflowHook::__FUNCTION__
                        0x0801a370     0x20  Data  Lc  port.o [2]
vListInitialise         0x0801a201     0x1a  Code  Gb  list.o [2]
vListInitialiseItem     0x0801a21b      0x6  Code  Gb  list.o [2]
vListInsert             0x0801a239     0x34  Code  Gb  list.o [2]
vListInsertEnd          0x0801a221     0x18  Code  Gb  list.o [2]
vPortClearInterruptMask
                        0x0808d773           Code  Gb  portasm.o [2]
vPortDefineHeapRegions  0x08013e9f     0x64  Code  Gb  heap_5.o [2]
vPortEnableVFP          0x0808d7ad           Code  Gb  portasm.o [2]
vPortEnterCritical      0x0801a303     0x18  Code  Gb  port.o [2]
vPortExitCritical       0x0801a31b     0x10  Code  Gb  port.o [2]
vPortFree               0x08013e37     0x18  Code  Gb  heap_5.o [2]
vPortSVCHandler         0x0808d779           Code  Gb  portasm.o [2]
vPortStartFirstTask     0x0808d795           Code  Gb  portasm.o [2]
vPortSuppressTicksAndSleep
                        0x0801ab25     0x4a  Code  Gb  rtl8710b_freertos_pmu.o [7]
vPortYield              0x0801a2f1     0x12  Code  Gb  port.o [2]
vQueueDelete            0x08022031     0x16  Code  Gb  queue.o [2]
vQueueWaitForMessageRestricted
                        0x0802213b     0x3c  Code  Gb  queue.o [2]
vTaskDelay              0x0800f1bb     0x3c  Code  Gb  tasks.o [2]
vTaskDelete             0x0800f147     0x6c  Code  Gb  tasks.o [2]
vTaskGetCurrentTCB      0x0800f8a7      0x2  Code  Gb  tasks.o [2]
vTaskMissedYield        0x0800f6a1      0x8  Code  Gb  tasks.o [2]
vTaskPlaceOnEventList   0x0800f583     0x34  Code  Gb  tasks.o [2]
vTaskPlaceOnEventListRestricted
                        0x0800f5d1     0x2c  Code  Gb  tasks.o [2]
vTaskPriorityInherit    0x0800f7af     0x7e  Code  Gb  tasks.o [2]
vTaskPrioritySet        0x0800f20b     0xa2  Code  Gb  tasks.o [2]
vTaskResume             0x0800f2db     0x54  Code  Gb  tasks.o [2]
vTaskSetTimeOutState    0x0800f64f      0xc  Code  Gb  tasks.o [2]
vTaskStartScheduler     0x0800f32f     0x4c  Code  Gb  tasks.o [2]
vTaskStepTick           0x0800f44d      0xc  Code  Gb  tasks.o [2]
vTaskSuspendAll         0x0800f37b      0xc  Code  Gb  tasks.o [2]
vTaskSwitchContext      0x0800f50b     0x78  Code  Gb  tasks.o [2]
vTaskSwitchContext{1}{3}{6}::ucExpectedStackBytes
                        0x0800f8c4     0x14  Data  Lc  tasks.o [2]
valicert_cl2_sha1_1024  0x08086e88    0x2ec  Data  Lc  ca_certs_der.o [2]
validate_recv_ctrl_frame
                        0x0805e567    0x162  Code  Gb  rtw_recv.o [11]
validate_recv_data_frame
                        0x0805e705    0x204  Code  Gb  rtw_recv.o [11]
validate_recv_frame     0x0805e927     0xb0  Code  Gb  rtw_recv.o [11]
validate_recv_mgnt_frame
                        0x0805e6c9     0x3c  Code  Gb  rtw_recv.o [11]
verify_ota_checksum     0x080365f1    0x160  Code  Gb  rtl8710b_ota.o [2]
verify_ota_checksum::__FUNCTION__
                        0x08036758     0x14  Data  Lc  rtl8710b_ota.o [2]
version                 0x1000b6f8     0x3c  Data  Lc  Ayla_demo_ledevb.o [2]
vsnprintf               0x08024a25     0x3c  Code  Gb  vsnprint.o [4]
wakelock                0x1000597c      0x4  Data  Lc  rtl8710b_freertos_pmu.o [7]
wakeup_sta_to_xmit      0x08067a73    0x1c6  Code  Gb  rtw_xmit.o [11]
wakeup_time_ms          0x10005984      0x4  Data  Lc  rtl8710b_freertos_pmu.o [7]
wep_80211_decrypt {Abs}
                        0x000158e1           Data  Gb  command line/config [3]
wep_80211_encrypt {Abs}
                        0x0001587d           Data  Gb  command line/config [3]
wext_disable_powersave  0x08039401     0x72  Code  Gb  wifi_util.o [2]
wext_enable_powersave   0x08039389     0x76  Code  Gb  wifi_util.o [2]
wext_get_channel        0x08039907     0x44  Code  Gb  wifi_util.o [2]
wext_get_enc_ext        0x0803920d     0x76  Code  Gb  wifi_util.o [2]
wext_get_lps_dtim       0x08039559     0x7c  Code  Gb  wifi_util.o [2]
wext_get_lps_dtim::__func__
                        0x080395dc     0x14  Data  Lc  wifi_util.o [2]
wext_get_mode           0x08039735     0x40  Code  Gb  wifi_util.o [2]
wext_get_passphrase     0x08039319     0x46  Code  Gb  wifi_util.o [2]
wext_get_rssi           0x080397e5     0x44  Code  Gb  wifi_util.o [2]
wext_get_scan           0x08039997     0x3a  Code  Gb  wifi_util.o [2]
wext_get_ssid           0x08038ec1     0x62  Code  Gb  wifi_util.o [2]
wext_private_command    0x080399d1    0x106  Code  Gb  wifi_util.o [2]
wext_set_adaptivity     0x08039c97     0x20  Code  Gb  wifi_util.o [2]
wext_set_ap_ssid        0x08039775     0x4c  Code  Gb  wifi_util.o [2]
wext_set_auth_param     0x08039069     0x48  Code  Gb  wifi_util.o [2]
wext_set_autoreconnect  0x08039c1f     0x72  Code  Gb  wifi_util.o [2]
wext_set_bssid          0x08038fc1     0x60  Code  Gb  wifi_util.o [2]
wext_set_channel        0x080398c1     0x46  Code  Gb  wifi_util.o [2]
wext_set_key_ext        0x080390e5    0x100  Code  Gb  wifi_util.o [2]
wext_set_lps_dtim       0x080394f1     0x5e  Code  Gb  wifi_util.o [2]
wext_set_mode           0x080396f9     0x3c  Code  Gb  wifi_util.o [2]
wext_set_passphrase     0x080392a5     0x4a  Code  Gb  wifi_util.o [2]
wext_set_pscan_channel  0x08039829     0x92  Code  Gb  wifi_util.o [2]
wext_set_scan           0x0803994b     0x4c  Code  Gb  wifi_util.o [2]
wext_set_ssid           0x08038f59     0x4c  Code  Gb  wifi_util.o [2]
wext_set_tdma_param     0x08039475     0x7c  Code  Gb  wifi_util.o [2]
wext_set_tos_value      0x080395fd     0x9e  Code  Gb  wifi_util.o [2]
wext_wlan_indicate      0x08039add    0x142  Code  Gb  wifi_util.o [2]
wifi                    0x100055a4     0x38  Data  Lc  atcmd_wifi.o [2]
wifi_ap_sta_assoc_hdl   0x08031bfd      0x2  Code  Lc  wifi_conf.o [2]
wifi_ap_sta_disassoc_hdl
                        0x08031bff      0x2  Code  Lc  wifi_conf.o [2]
wifi_autoreconnect_hdl  0x080323f5     0x36  Code  Gb  wifi_conf.o [2]
wifi_autoreconnect_hdl::param
                        0x10013168     0x18  Data  Lc  wifi_conf.o [2]
wifi_autoreconnect_thread
                        0x08032385     0x6a  Code  Lc  wifi_conf.o [2]
wifi_cli_help           0x08086428     0x10  Data  Lc  Ayla_demo_conf.o [2]
wifi_connect            0x0803132b    0x2ce  Code  Gb  wifi_conf.o [2]
wifi_connect_bssid      0x08031651    0x1e8  Code  Gb  wifi_conf.o [2]
wifi_connect_bssid_local
                        0x080310b1    0x164  Code  Lc  wifi_conf.o [2]
wifi_connect_local      0x08030f8d    0x124  Code  Lc  wifi_conf.o [2]
wifi_connected_hdl      0x08031259     0x48  Code  Lc  wifi_conf.o [2]
wifi_disable_powersave  0x080318ef      0x8  Code  Gb  wifi_conf.o [2]
wifi_disconn_hdl        0x080312b9     0x72  Code  Lc  wifi_conf.o [2]
wifi_disconnect         0x08031879     0x22  Code  Gb  wifi_conf.o [2]
wifi_disconnect::null_bssid
                        0x0803189c      0x8  Data  Lc  wifi_conf.o [2]
wifi_enter_promisc_mode
                        0x0803232f     0x4e  Code  Gb  wifi_conf.o [2]
wifi_get_associated_client_list
                        0x080318f9     0x3c  Code  Gb  wifi_conf.o [2]
wifi_get_lps_dtim       0x08031bf3      0xa  Code  Gb  wifi_conf.o [2]
wifi_get_rssi           0x0803194f      0xa  Code  Gb  wifi_conf.o [2]
wifi_get_setting        0x080321c1     0xae  Code  Gb  wifi_conf.o [2]
wifi_handshake_done_hdl
                        0x080312a1     0x18  Code  Lc  wifi_conf.o [2]
wifi_html_txt           0x0808b134    0x158  Data  Gb  wifi.html.o [2]
wifi_html_txt_len       0x1000bc88      0x4  Data  Gb  wifi.html.o [2]
wifi_indication         0x08037291     0x5a  Code  Gb  wifi_ind.o [2]
wifi_init_packet_filter
                        0x08032479      0x4  Code  Gb  wifi_conf.o [2]
wifi_is_connected_to_ap
                        0x080318d5      0x4  Code  Gb  wifi_conf.o [2]
wifi_is_up              0x080318d9     0x16  Code  Gb  wifi_conf.o [2]
wifi_js_txt             0x0808b28c   0x1808  Data  Gb  wifi.js.o [2]
wifi_js_txt_len         0x1000bc8c      0x4  Data  Gb  wifi.js.o [2]
wifi_mac_hash           0x08059229     0x2a  Code  Lc  rtw_sta_mgt.o [11]
wifi_mode               0x100055dc      0x4  Data  Gb  atcmd_wifi.o [2]
wifi_no_network_hdl     0x0803124b      0xe  Code  Lc  wifi_conf.o [2]
wifi_off                0x08031ad5     0x88  Code  Gb  wifi_conf.o [2]
wifi_on                 0x0803196d     0xe0  Code  Gb  wifi_conf.o [2]
wifi_on::event_init     0x10013164      0x4  Data  Lc  wifi_conf.o [2]
wifi_reg_event_handler  0x080372eb     0x44  Code  Gb  wifi_ind.o [2]
wifi_rx_beacon_hdl      0x08031249      0x2  Code  Gb  wifi_conf.o [2]
wifi_scan               0x08031ed5     0x74  Code  Gb  wifi_conf.o [2]
wifi_scan_done_hdl      0x08031e69     0x6c  Code  Gb  wifi_conf.o [2]
wifi_scan_each_report_hdl
                        0x08031ce9    0x170  Code  Gb  wifi_conf.o [2]
wifi_scan_networks      0x080320f3     0xb4  Code  Gb  wifi_conf.o [2]
wifi_scan_networks_with_ssid
                        0x08031f49    0x1a4  Code  Gb  wifi_conf.o [2]
wifi_set_autoreconnect  0x0803242d      0xc  Code  Gb  wifi_conf.o [2]
wifi_set_channel        0x08031959      0xa  Code  Gb  wifi_conf.o [2]
wifi_set_lps_dtim       0x08031be9      0xa  Code  Gb  wifi_conf.o [2]
wifi_set_power_mode     0x08031bc9      0x4  Code  Gb  wifi_conf.o [2]
wifi_set_promisc        0x0803232b      0x4  Code  Gb  wifi_conf.o [2]
wifi_set_pscan_chan     0x080321ad     0x12  Code  Gb  wifi_conf.o [2]
wifi_set_tdma_param     0x08031bd5     0x14  Code  Gb  wifi_conf.o [2]
wifi_show_setting       0x08032279     0xa6  Code  Gb  wifi_conf.o [2]
wifi_start_ap           0x08031c05     0xc4  Code  Gb  wifi_conf.o [2]
wifi_unreg_event_handler
                        0x0803732f     0x38  Code  Gb  wifi_ind.o [2]
wifirate2_ratetbl_inx {Abs}
                        0x00017015           Data  Gb  command line/config [3]
wireless_send_event     0x0806c53f      0xa  Code  Gb  freertos_ioctl.o [11]
wlan_intf_v4            0x10014a08    0x774  Data  Lc  mDNSPosixOverwrite.o [6]
wlan_network            0x08082931     0x3a  Code  Gb  wlan_network.o [2]
wlan_network::__FUNCTION__
                        0x080829a4     0x10  Data  Lc  wlan_network.o [2]
wlancmds                0x0805a6d8    0x1f8  Data  Gb  rtw_cmd.o [11]
wlanevents              0x08064fc0     0xc0  Data  Lc  rtw_mlme_ext.o [11]
wlanhdr_to_ethhdr       0x0805e9d7    0x126  Code  Gb  rtw_recv.o [11]
wpa_global_PSK          0x10014734     0x50  Data  Gb  rtw_psk.o [11]
wpa_set_encryption      0x0806c739    0x180  Code  Lc  freertos_ioctl.o [11]
wrapper_skbbuf_list     0x100149ac      0x8  Data  Lc  freertos_skbuff.o [11]
write_cam               0x08057d11     0x10  Code  Gb  rtw_wlan_util.o [11]
write_cam_rom {Abs}     0x00016f0d           Data  Gb  command line/config [3]
wsw_head                0x10017fe4      0x4  Data  Lc  wifi_page.o [2]
x509_check_wildcard     0x08046591     0x4a  Code  Lc  x509_crt.o [2]
x509_crt_check_parent   0x0804665b     0x52  Code  Lc  x509_crt.o [2]
x509_crt_parse_der_core
                        0x080458d5    0x2be  Code  Lc  x509_crt.o [2]
x509_crt_verify_child   0x08046849    0x1e2  Code  Lc  x509_crt.o [2]
x509_crt_verify_top     0x080466ad    0x192  Code  Lc  x509_crt.o [2]
x509_date_is_valid      0x080558d1     0x70  Code  Lc  x509.o [2]
x509_get_attr_type_value
                        0x0805578f     0x90  Code  Lc  x509.o [2]
x509_get_crt_ext        0x080456d1    0x1e6  Code  Lc  x509_crt.o [2]
x509_get_subject_alt_name
                        0x08045623     0xae  Code  Lc  x509_crt.o [2]
x509_get_uid            0x080455ed     0x36  Code  Lc  x509_crt.o [2]
x509_info_cert_type     0x08045c49     0xd8  Code  Lc  x509_crt.o [2]
x509_info_key_usage     0x08045d95     0xf0  Code  Lc  x509_crt.o [2]
x509_memcasecmp         0x08046561     0x30  Code  Lc  x509_crt.o [2]
x509_name_cmp           0x080465db     0x7a  Code  Lc  x509_crt.o [2]
x509_parse_int          0x0805589d     0x34  Code  Lc  x509.o [2]
x509_profile_check_key  0x080455cb     0x22  Code  Lc  x509_crt.o [2]
x509_profile_check_md_alg
                        0x080455a7     0x10  Code  Lc  x509_crt.o [2]
x509_profile_check_pk_alg
                        0x080455b7      0xe  Code  Lc  x509_crt.o [2]
xActiveTimerList1       0x10013118     0x14  Data  Lc  timers.o [2]
xActiveTimerList2       0x1001312c     0x14  Data  Lc  timers.o [2]
xBlockAllocatedBit      0x1000581c      0x4  Data  Lc  heap_5.o [2]
xDelayedTaskList1       0x100058f4     0x14  Data  Lc  tasks.o [2]
xDelayedTaskList2       0x10005908     0x14  Data  Lc  tasks.o [2]
xFreeBytesRemaining     0x10005814      0x4  Data  Lc  heap_5.o [2]
xHeapRegions            0x100057e8     0x20  Data  Gb  heap_5.o [2]
xMCtrl {Abs}            0x10000fb8           Data  Gb  command line/config [3]
xMaximumPossibleSuppressedTicks
                        0x10005878      0x4  Data  Lc  port.o [2]
xMinimumEverFreeBytesRemaining
                        0x10005818      0x4  Data  Lc  heap_5.o [2]
xModemDebug {Abs}       0x0000e2dd           Data  Gb  command line/config [3]
xModemDebugInit {Abs}   0x0000e2a5           Data  Gb  command line/config [3]
xModemGetFirst {Abs}    0x0000e339           Data  Gb  command line/config [3]
xModemGetOthers {Abs}   0x0000e45d           Data  Gb  command line/config [3]
xModemHandshake {Abs}   0x0000e6d5           Data  Gb  command line/config [3]
xModemInquiry {Abs}     0x0000e315           Data  Gb  command line/config [3]
xModemRxBuffer {Abs}    0x0000e945           Data  Gb  command line/config [3]
xModemRxFrame {Abs}     0x0000e691           Data  Gb  command line/config [3]
xNextTaskUnblockTime    0x100058ec      0x4  Data  Lc  tasks.o [2]
xNumOfOverflows         0x100058e4      0x4  Data  Lc  tasks.o [2]
xPendingReadyList       0x10005880     0x14  Data  Lc  tasks.o [2]
xPortGetFreeHeapSize    0x08013e4f      0x6  Code  Gb  heap_5.o [2]
xPortPendSVHandler      0x0808d729           Code  Gb  portasm.o [2]
xPortStartScheduler     0x0801a2bd     0x34  Code  Gb  port.o [2]
xPortSysTickHandler     0x0801a32b     0x1e  Code  Gb  port.o [2]
xQueueCreateCountingSemaphore
                        0x08021db7     0x12  Code  Gb  queue.o [2]
xQueueCreateMutex       0x08021d71     0x46  Code  Gb  queue.o [2]
xQueueGenericCreate     0x08021d35     0x3c  Code  Gb  queue.o [2]
xQueueGenericReceive    0x08021f19    0x104  Code  Gb  queue.o [2]
xQueueGenericReset      0x08021cd1     0x64  Code  Gb  queue.o [2]
xQueueGenericSend       0x08021dc9     0xd8  Code  Gb  queue.o [2]
xQueueGenericSendFromISR
                        0x08021ead     0x6c  Code  Gb  queue.o [2]
xSchedulerRunning       0x100058d8      0x4  Data  Lc  tasks.o [2]
xStart                  0x10005808      0x8  Data  Lc  heap_5.o [2]
xSuspendedTaskList      0x100058b8     0x14  Data  Lc  tasks.o [2]
xTaskCheckForTimeOut    0x0800f65b     0x46  Code  Gb  tasks.o [2]
xTaskGenericCreate      0x0800efdd    0x16a  Code  Gb  tasks.o [2]
xTaskGetCurrentTaskHandle
                        0x0800f797      0x2  Code  Gb  tasks.o [2]
xTaskGetSchedulerState  0x0800f799     0x16  Code  Gb  tasks.o [2]
xTaskGetTickCount       0x0800f419      0xc  Code  Gb  tasks.o [2]
xTaskGetTickCountFromISR
                        0x0800f42d     0x14  Code  Gb  tasks.o [2]
xTaskGetTotalTickCount  0x0800eeeb     0x28  Code  Gb  stubs.o [2]
xTaskGetTotalTickCount::high_tick
                        0x10015440      0x8  Data  Lc  stubs.o [2]
xTaskGetTotalTickCount::old_tick
                        0x10015448      0x4  Data  Lc  stubs.o [2]
xTaskIncrementTick      0x0800f459     0xb2  Code  Gb  tasks.o [2]
xTaskPriorityDisinherit
                        0x0800f82d     0x68  Code  Gb  tasks.o [2]
xTaskRemoveFromEventList
                        0x0800f5fd     0x52  Code  Gb  tasks.o [2]
xTaskResumeAll          0x0800f387     0x92  Code  Gb  tasks.o [2]
xTasksWaitingTermination
                        0x10005894     0x14  Data  Lc  tasks.o [2]
xTickCount              0x100058d0      0x4  Data  Lc  tasks.o [2]
xTimerCreate            0x0801a3f3     0x3c  Code  Gb  timers.o [2]
xTimerCreateTimerTask   0x0801a3b9     0x3a  Code  Gb  timers.o [2]
xTimerGenericCommand    0x0801a42f     0x9c  Code  Gb  timers.o [2]
xTimerIsTimerActive     0x0801a6f9     0x1a  Code  Gb  timers.o [2]
xTimerQueue             0x1001310c      0x4  Data  Lc  timers.o [2]
xTimerTaskHandle        0x10013110      0x4  Data  Lc  timers.o [2]
xYieldPending           0x100058e0      0x4  Data  Lc  tasks.o [2]
xmit_delivery_enabled_frames
                        0x08067c6f     0xf6  Code  Gb  rtw_xmit.o [11]
xmitframe_addmic        0x08066e0b    0x17a  Code  Gb  rtw_xmit.o [11]
xmitframe_enqueue_for_sleeping_sta
                        0x0806777f    0x18c  Code  Gb  rtw_xmit.o [11]
xmitframe_swencrypt     0x08066f8b     0x30  Code  Gb  rtw_xmit.o [11]
xml_add_to_dest         0x0802f82d     0x2e  Code  Lc  xml_encode.o [2]
xml_decode              0x08043421    0x170  Code  Gb  xml_decode.o [2]
xml_decode_args         0x0802e1b7     0x4c  Code  Lc  xml.o [2]
xml_encode              0x0802f85d    0x116  Code  Gb  xml_encode.o [2]
xml_parse               0x0802e205    0x310  Code  Gb  xml.o [2]
xml_parse_init          0x0802e115     0x1e  Code  Gb  xml.o [2]
xml_put_arg             0x0802e173     0x1e  Code  Lc  xml.o [2]
xml_putc                0x0802e155     0x1e  Code  Lc  xml.o [2]
xml_tag_find            0x0802e133     0x22  Code  Lc  xml.o [2]
xml_ws                  0x0802e19b     0x1c  Code  Lc  xml.o [2]
xmodem_log_close {Abs}  0x0000e9f5           Data  Gb  command line/config [3]
xmodem_log_open {Abs}   0x0000ea01           Data  Gb  command line/config [3]
xmodem_uart_deinit {Abs}
                        0x0000eb25           Data  Gb  command line/config [3]
xmodem_uart_getc {Abs}  0x0000ec0d           Data  Gb  command line/config [3]
xmodem_uart_init {Abs}  0x0000ea39           Data  Gb  command line/config [3]
xmodem_uart_port_deinit {Abs}
                        0x0000eb99           Data  Gb  command line/config [3]
xmodem_uart_port_init {Abs}
                        0x0000eb35           Data  Gb  command line/config [3]
xmodem_uart_putc {Abs}  0x0000ec35           Data  Gb  command line/config [3]
xmodem_uart_putdata {Abs}
                        0x0000ec49           Data  Gb  command line/config [3]
xmodem_uart_readable {Abs}
                        0x0000ebdd           Data  Gb  command line/config [3]
xmodem_uart_writable {Abs}
                        0x0000ebf5           Data  Gb  command line/config [3]
xnetif                  0x1000d744     0x80  Data  Gb  lwip_netconf.o [2]
zeroEthAddr             0x0808d1bc      0x8  Data  Gb  DNSCommon.o [6]
zeroID                  0x0808d1d8      0x4  Data  Gb  DNSCommon.o [6]
zeroIPPort              0x0808d1a4      0x4  Data  Gb  DNSCommon.o [6]
zeroOpaque64            0x0808d1e4      0x8  Data  Gb  DNSCommon.o [6]
zero_bssid              0x0804c3ac      0x8  Data  Gb  rtw_promisc.o [11]
zerov4Addr              0x0808d1a8      0x4  Data  Gb  DNSCommon.o [6]
zerov6Addr              0x0808d1ac     0x10  Data  Gb  DNSCommon.o [6]


[1] = C:\Users\wyc\Desktop\开发项目集\（2）3IN全球域1\3IN1\Realtek3IN1\project\realtek_amebaz_va0_example\EWARM-RELEASE\..\..\..\component\soc\realtek\8711b\misc\bsp\image
[2] = C:\Users\wyc\Desktop\开发项目集\（2）3IN全球域1\3IN1\Realtek3IN1\project\realtek_amebaz_va0_example\EWARM-RELEASE\Debug\Obj
[3] = command line
[4] = dl7M_tln.a
[5] = lib_http.a
[6] = lib_mdns.a
[7] = lib_platform.a
[8] = lib_rt_airkiss_algo.a
[9] = lib_rtlstd.a
[10] = lib_websocket.a
[11] = lib_wlan.a
[12] = lib_wps.a
[13] = lib_xmodem.a
[14] = libairkiss.a
[15] = m7M_tls.a
[16] = rt7M_tl.a

  524 034 bytes of readonly  code memory
   38 726 bytes of readonly  data memory
  209 186 bytes of readwrite data memory

Errors: none
Warnings: 2
